build-and-test	Set up job	﻿2026-08-20T19:49:30.4659621Z Current runner version: '2.336.0'
build-and-test	Set up job	2026-08-20T19:49:30.4693755Z ##[group]Runner Image Provisioner
build-and-test	Set up job	2026-08-20T19:49:30.4695546Z Hosted Compute Agent
build-and-test	Set up job	2026-08-20T19:49:30.4696499Z Version: 20260729.566
build-and-test	Set up job	2026-08-20T19:49:30.4697544Z Commit: cf7153fe6e25b664e8693c24944bf2b00355d109
build-and-test	Set up job	2026-08-20T19:49:30.4698863Z Build Date: 2026-07-29T19:17:02Z
build-and-test	Set up job	2026-08-20T19:49:30.4699947Z Worker ID: {842bb26d-7618-4964-b81d-3d82d7c5cc42}
build-and-test	Set up job	2026-08-20T19:49:30.4701249Z Azure Region: eastus
build-and-test	Set up job	2026-08-20T19:49:30.4702219Z ##[endgroup]
build-and-test	Set up job	2026-08-20T19:49:30.4705179Z ##[group]Operating System
build-and-test	Set up job	2026-08-20T19:49:30.4706258Z Ubuntu
build-and-test	Set up job	2026-08-20T19:49:30.4707121Z 22.04.5
build-and-test	Set up job	2026-08-20T19:49:30.4708020Z LTS
build-and-test	Set up job	2026-08-20T19:49:30.4708838Z ##[endgroup]
build-and-test	Set up job	2026-08-20T19:49:30.4709691Z ##[group]Runner Image
build-and-test	Set up job	2026-08-20T19:49:30.4710862Z Image: ubuntu-22.04
build-and-test	Set up job	2026-08-20T19:49:30.4711875Z Version: 20260817.266.1
build-and-test	Set up job	2026-08-20T19:49:30.4714138Z Included Software: https://github.com/actions/runner-images/blob/ubuntu22/20260817.266/images/ubuntu/Ubuntu2204-Readme.md
build-and-test	Set up job	2026-08-20T19:49:30.4716915Z Image Release: https://github.com/actions/runner-images/releases/tag/ubuntu22%2F20260817.266
build-and-test	Set up job	2026-08-20T19:49:30.4718742Z ##[endgroup]
build-and-test	Set up job	2026-08-20T19:49:30.4720843Z ##[group]GITHUB_TOKEN Permissions
build-and-test	Set up job	2026-08-20T19:49:30.4724115Z Contents: read
build-and-test	Set up job	2026-08-20T19:49:30.4725054Z Metadata: read
build-and-test	Set up job	2026-08-20T19:49:30.4726105Z Packages: read
build-and-test	Set up job	2026-08-20T19:49:30.4726981Z ##[endgroup]
build-and-test	Set up job	2026-08-20T19:49:30.4730400Z Secret source: Actions
build-and-test	Set up job	2026-08-20T19:49:30.4732087Z Prepare workflow directory
build-and-test	Set up job	2026-08-20T19:49:30.5183169Z Prepare all required actions
build-and-test	Set up job	2026-08-20T19:49:30.5249920Z Getting action download info
build-and-test	Set up job	2026-08-20T19:49:30.7105711Z Download action repository 'actions/checkout@v4' (SHA:11d5960a326750d5838078e36cf38b85af677262)
build-and-test	Set up job	2026-08-20T19:49:30.8200545Z Download action repository 'KyleMayes/install-llvm-action@v2' (SHA:ebc0426251bc40c7cd31162802432c68818ab8f0)
build-and-test	Set up job	2026-08-20T19:49:30.9568129Z Download action repository 'dtolnay/rust-toolchain@stable' (SHA:4360b52568e2003a75bf9bc1d59f33a8e3fc893c)
build-and-test	Set up job	2026-08-20T19:49:31.0299297Z Download action repository 'sarisia/actions-status-discord@v1' (SHA:eb045afee445dc055c18d3d90bd0f244fd062708)
build-and-test	Set up job	2026-08-20T19:49:31.2756533Z Complete job name: build-and-test
build-and-test	Checkout source code	﻿2026-08-20T19:49:31.3524048Z Node 20 is being deprecated. This workflow is running with Node 24 by default. If you need to temporarily use Node 20, you can set the ACTIONS_ALLOW_USE_UNSECURE_NODE_VERSION=true environment variable. For more information see: https://github.blog/changelog/2025-09-19-deprecation-of-node-20-on-github-actions-runners/
build-and-test	Checkout source code	2026-08-20T19:49:31.3533086Z ##[group]Run actions/checkout@v4
build-and-test	Checkout source code	2026-08-20T19:49:31.3533770Z with:
build-and-test	Checkout source code	2026-08-20T19:49:31.3534202Z   repository: qwetls/aha-lang
build-and-test	Checkout source code	2026-08-20T19:49:31.3538312Z   token: ***
build-and-test	Checkout source code	2026-08-20T19:49:31.3538740Z   ssh-strict: true
build-and-test	Checkout source code	2026-08-20T19:49:31.3539175Z   ssh-user: git
build-and-test	Checkout source code	2026-08-20T19:49:31.3539618Z   persist-credentials: true
build-and-test	Checkout source code	2026-08-20T19:49:31.3540105Z   clean: true
build-and-test	Checkout source code	2026-08-20T19:49:31.3540546Z   sparse-checkout-cone-mode: true
build-and-test	Checkout source code	2026-08-20T19:49:31.3541062Z   fetch-depth: 1
build-and-test	Checkout source code	2026-08-20T19:49:31.3541512Z   fetch-tags: false
build-and-test	Checkout source code	2026-08-20T19:49:31.3541951Z   show-progress: true
build-and-test	Checkout source code	2026-08-20T19:49:31.3542549Z   lfs: false
build-and-test	Checkout source code	2026-08-20T19:49:31.3542974Z   submodules: false
build-and-test	Checkout source code	2026-08-20T19:49:31.3543455Z   set-safe-directory: true
build-and-test	Checkout source code	2026-08-20T19:49:31.3543947Z   allow-unsafe-pr-checkout: false
build-and-test	Checkout source code	2026-08-20T19:49:31.3544646Z ##[endgroup]
build-and-test	Checkout source code	2026-08-20T19:49:31.4616044Z Syncing repository: qwetls/aha-lang
build-and-test	Checkout source code	2026-08-20T19:49:31.4619293Z ##[group]Getting Git version info
build-and-test	Checkout source code	2026-08-20T19:49:31.4620772Z Working directory is '/home/runner/work/aha-lang/aha-lang'
build-and-test	Checkout source code	2026-08-20T19:49:31.4622801Z [command]/usr/bin/git version
build-and-test	Checkout source code	2026-08-20T19:49:31.4692957Z git version 2.55.0
build-and-test	Checkout source code	2026-08-20T19:49:31.4725589Z ##[endgroup]
build-and-test	Checkout source code	2026-08-20T19:49:31.4744318Z Temporarily overriding HOME='/home/runner/work/_temp/e706175b-2a76-4275-ba1e-b8c42ee113dc' before making global git config changes
build-and-test	Checkout source code	2026-08-20T19:49:31.4747166Z Adding repository directory to the temporary git global config as a safe directory
build-and-test	Checkout source code	2026-08-20T19:49:31.4749885Z [command]/usr/bin/git config --global --add safe.directory /home/runner/work/aha-lang/aha-lang
build-and-test	Checkout source code	2026-08-20T19:49:31.4821768Z Deleting the contents of '/home/runner/work/aha-lang/aha-lang'
build-and-test	Checkout source code	2026-08-20T19:49:31.4824166Z ##[group]Initializing the repository
build-and-test	Checkout source code	2026-08-20T19:49:31.4825809Z [command]/usr/bin/git init /home/runner/work/aha-lang/aha-lang
build-and-test	Checkout source code	2026-08-20T19:49:31.4953039Z hint: Using 'master' as the name for the initial branch. This default branch name
build-and-test	Checkout source code	2026-08-20T19:49:31.4964038Z hint: will change to "main" in Git 3.0. To configure the initial branch name
build-and-test	Checkout source code	2026-08-20T19:49:31.4965883Z hint: to use in all of your new repositories, which will suppress this warning,
build-and-test	Checkout source code	2026-08-20T19:49:31.4967435Z hint: call:
build-and-test	Checkout source code	2026-08-20T19:49:31.4968366Z hint:
build-and-test	Checkout source code	2026-08-20T19:49:31.4969378Z hint: 	git config --global init.defaultBranch <name>
build-and-test	Checkout source code	2026-08-20T19:49:31.4970693Z hint:
build-and-test	Checkout source code	2026-08-20T19:49:31.4971881Z hint: Names commonly chosen instead of 'master' are 'main', 'trunk' and
build-and-test	Checkout source code	2026-08-20T19:49:31.4974092Z hint: 'development'. The just-created branch can be renamed via this command:
build-and-test	Checkout source code	2026-08-20T19:49:31.4975707Z hint:
build-and-test	Checkout source code	2026-08-20T19:49:31.4976813Z hint: 	git branch -m <name>
build-and-test	Checkout source code	2026-08-20T19:49:31.4977873Z hint:
build-and-test	Checkout source code	2026-08-20T19:49:31.4979057Z hint: Disable this message with "git config set advice.defaultBranchName false"
build-and-test	Checkout source code	2026-08-20T19:49:31.4980885Z Initialized empty Git repository in /home/runner/work/aha-lang/aha-lang/.git/
build-and-test	Checkout source code	2026-08-20T19:49:31.4984311Z [command]/usr/bin/git remote add origin https://github.com/qwetls/aha-lang
build-and-test	Checkout source code	2026-08-20T19:49:31.5014230Z ##[endgroup]
build-and-test	Checkout source code	2026-08-20T19:49:31.5015770Z ##[group]Disabling automatic garbage collection
build-and-test	Checkout source code	2026-08-20T19:49:31.5017095Z [command]/usr/bin/git config --local gc.auto 0
build-and-test	Checkout source code	2026-08-20T19:49:31.5070989Z ##[endgroup]
build-and-test	Checkout source code	2026-08-20T19:49:31.5072676Z ##[group]Setting up auth
build-and-test	Checkout source code	2026-08-20T19:49:31.5095417Z [command]/usr/bin/git config --local --name-only --get-regexp core\.sshCommand
build-and-test	Checkout source code	2026-08-20T19:49:31.5178831Z [command]/usr/bin/git submodule foreach --recursive sh -c "git config --local --name-only --get-regexp 'core\.sshCommand' && git config --local --unset-all 'core.sshCommand' || :"
build-and-test	Checkout source code	2026-08-20T19:49:31.5675172Z [command]/usr/bin/git config --local --name-only --get-regexp http\.https\:\/\/github\.com\/\.extraheader
build-and-test	Checkout source code	2026-08-20T19:49:31.5733185Z [command]/usr/bin/git submodule foreach --recursive sh -c "git config --local --name-only --get-regexp 'http\.https\:\/\/github\.com\/\.extraheader' && git config --local --unset-all 'http.https://github.com/.extraheader' || :"
build-and-test	Checkout source code	2026-08-20T19:49:31.6014894Z [command]/usr/bin/git config --local --name-only --get-regexp ^includeIf\.gitdir:
build-and-test	Checkout source code	2026-08-20T19:49:31.6061390Z [command]/usr/bin/git submodule foreach --recursive git config --local --show-origin --name-only --get-regexp remote.origin.url
build-and-test	Checkout source code	2026-08-20T19:49:31.6336688Z [command]/usr/bin/git config --local http.https://github.com/.extraheader AUTHORIZATION: basic ***
build-and-test	Checkout source code	2026-08-20T19:49:31.6380677Z ##[endgroup]
build-and-test	Checkout source code	2026-08-20T19:49:31.6381483Z ##[group]Fetching the repository
build-and-test	Checkout source code	2026-08-20T19:49:31.6390090Z [command]/usr/bin/git -c protocol.version=2 fetch --no-tags --prune --no-recurse-submodules --depth=1 origin +f1b981852d5a1c86f15bf5dd01f2453e668d68e0:refs/remotes/origin/development
build-and-test	Checkout source code	2026-08-20T19:49:31.9573494Z From https://github.com/qwetls/aha-lang
build-and-test	Checkout source code	2026-08-20T19:49:31.9575472Z  * [new ref]         f1b981852d5a1c86f15bf5dd01f2453e668d68e0 -> origin/development
build-and-test	Checkout source code	2026-08-20T19:49:31.9578874Z ##[endgroup]
build-and-test	Checkout source code	2026-08-20T19:49:31.9580270Z ##[group]Determining the checkout info
build-and-test	Checkout source code	2026-08-20T19:49:31.9581905Z ##[endgroup]
build-and-test	Checkout source code	2026-08-20T19:49:31.9587529Z [command]/usr/bin/git sparse-checkout disable
build-and-test	Checkout source code	2026-08-20T19:49:31.9639533Z [command]/usr/bin/git config --local --unset-all extensions.worktreeConfig
build-and-test	Checkout source code	2026-08-20T19:49:31.9678681Z ##[group]Checking out the ref
build-and-test	Checkout source code	2026-08-20T19:49:31.9683647Z [command]/usr/bin/git checkout --progress --force -B development refs/remotes/origin/development
build-and-test	Checkout source code	2026-08-20T19:49:31.9818590Z Switched to a new branch 'development'
build-and-test	Checkout source code	2026-08-20T19:49:31.9821697Z branch 'development' set up to track 'origin/development'.
build-and-test	Checkout source code	2026-08-20T19:49:31.9923455Z ##[endgroup]
build-and-test	Checkout source code	2026-08-20T19:49:31.9926219Z [command]/usr/bin/git log -1 --format=%H
build-and-test	Checkout source code	2026-08-20T19:49:31.9927377Z f1b981852d5a1c86f15bf5dd01f2453e668d68e0
build-and-test	Install LLVM	﻿2026-08-20T19:49:32.0175241Z Node 20 is being deprecated. This workflow is running with Node 24 by default. If you need to temporarily use Node 20, you can set the ACTIONS_ALLOW_USE_UNSECURE_NODE_VERSION=true environment variable. For more information see: https://github.blog/changelog/2025-09-19-deprecation-of-node-20-on-github-actions-runners/
build-and-test	Install LLVM	2026-08-20T19:49:32.0178419Z ##[group]Run KyleMayes/install-llvm-action@v2
build-and-test	Install LLVM	2026-08-20T19:49:32.0179049Z with:
build-and-test	Install LLVM	2026-08-20T19:49:32.0179474Z   version: 14
build-and-test	Install LLVM	2026-08-20T19:49:32.0179920Z ##[endgroup]
build-and-test	Install LLVM	2026-08-20T19:49:32.0951415Z NodeJS process info = {"os":"linux","arch":"x64"}
build-and-test	Install LLVM	2026-08-20T19:49:32.0963487Z Checking known assets (os=linux, arch=x64, version=14)...
build-and-test	Install LLVM	2026-08-20T19:49:32.0967804Z Installing LLVM and Clang 14 (14.0.0)...
build-and-test	Install LLVM	2026-08-20T19:49:32.0969731Z Downloading and extracting 'https://github.com/llvm/llvm-project/releases/download/llvmorg-14.0.0/clang%2Bllvm-14.0.0-x86_64-linux-gnu-ubuntu-18.04.tar.xz'...
build-and-test	Install LLVM	2026-08-20T19:49:35.0623355Z [command]/usr/bin/tar xf /home/runner/work/_temp/eac4e3d5-9cb0-41de-896a-301cda0cc8ee -C /home/runner/work/aha-lang/aha-lang/llvm --strip-components=1
build-and-test	Install LLVM	2026-08-20T19:50:21.7267466Z Installed LLVM and Clang 14 (14.0.0)!
build-and-test	Install LLVM	2026-08-20T19:50:21.7268625Z Install location: /home/runner/work/aha-lang/aha-lang/llvm
build-and-test	Verify LLVM	﻿2026-08-20T19:50:21.7471474Z ##[group]Run echo "LLVM_PATH=$LLVM_PATH"
build-and-test	Verify LLVM	2026-08-20T19:50:21.7471911Z ^[[36;1mecho "LLVM_PATH=$LLVM_PATH"^[[0m
build-and-test	Verify LLVM	2026-08-20T19:50:21.7472429Z ^[[36;1m"$LLVM_PATH/bin/llvm-config" --version^[[0m
build-and-test	Verify LLVM	2026-08-20T19:50:21.7472850Z ^[[36;1mecho "LLVM_SYS_140_PREFIX=$LLVM_PATH" >> $GITHUB_ENV^[[0m
build-and-test	Verify LLVM	2026-08-20T19:50:21.8058454Z shell: /usr/bin/bash -e {0}
build-and-test	Verify LLVM	2026-08-20T19:50:21.8058814Z env:
build-and-test	Verify LLVM	2026-08-20T19:50:21.8059090Z   LLVM_PATH: /home/runner/work/aha-lang/aha-lang/llvm
build-and-test	Verify LLVM	2026-08-20T19:50:21.8059515Z   LD_LIBRARY_PATH: /home/runner/work/aha-lang/aha-lang/llvm/lib:
build-and-test	Verify LLVM	2026-08-20T19:50:21.8060021Z   DYLD_LIBRARY_PATH: /home/runner/work/aha-lang/aha-lang/llvm/lib:undefined
build-and-test	Verify LLVM	2026-08-20T19:50:21.8060418Z ##[endgroup]
build-and-test	Verify LLVM	2026-08-20T19:50:21.8187085Z LLVM_PATH=/home/runner/work/aha-lang/aha-lang/llvm
build-and-test	Verify LLVM	2026-08-20T19:50:21.8208488Z 14.0.0
build-and-test	Install Rust	﻿2026-08-20T19:50:21.8397126Z ##[group]Run dtolnay/rust-toolchain@stable
build-and-test	Install Rust	2026-08-20T19:50:21.8397489Z with:
build-and-test	Install Rust	2026-08-20T19:50:21.8397696Z   components: clippy
build-and-test	Install Rust	2026-08-20T19:50:21.8397923Z   toolchain: stable
build-and-test	Install Rust	2026-08-20T19:50:21.8398127Z env:
build-and-test	Install Rust	2026-08-20T19:50:21.8398370Z   LLVM_PATH: /home/runner/work/aha-lang/aha-lang/llvm
build-and-test	Install Rust	2026-08-20T19:50:21.8398760Z   LD_LIBRARY_PATH: /home/runner/work/aha-lang/aha-lang/llvm/lib:
build-and-test	Install Rust	2026-08-20T19:50:21.8399209Z   DYLD_LIBRARY_PATH: /home/runner/work/aha-lang/aha-lang/llvm/lib:undefined
build-and-test	Install Rust	2026-08-20T19:50:21.8399668Z   LLVM_SYS_140_PREFIX: /home/runner/work/aha-lang/aha-lang/llvm
build-and-test	Install Rust	2026-08-20T19:50:21.8399994Z ##[endgroup]
build-and-test	Install Rust	2026-08-20T19:50:21.8466659Z ##[start-action display=Parse toolchain version;id=__dtolnay_rust-toolchain.parse]
build-and-test	Install Rust	2026-08-20T19:50:21.8511020Z ##[group]Run if [[ -z $toolchain ]]; then
build-and-test	Install Rust	2026-08-20T19:50:21.8511373Z ^[[36;1mif [[ -z $toolchain ]]; then^[[0m
build-and-test	Install Rust	2026-08-20T19:50:21.8511937Z ^[[36;1m  # GitHub does not enforce `required: true` inputs itself. https://github.com/actions/runner/issues/1070^[[0m
build-and-test	Install Rust	2026-08-20T19:50:21.8512767Z ^[[36;1m  echo "'toolchain' is a required input" >&2^[[0m
build-and-test	Install Rust	2026-08-20T19:50:21.8513072Z ^[[36;1m  exit 1^[[0m
build-and-test	Install Rust	2026-08-20T19:50:21.8513424Z ^[[36;1melif [[ $toolchain =~ ^stable' '[0-9]+' '(year|month|week|day)s?' 'ago$ ]]; then^[[0m
build-and-test	Install Rust	2026-08-20T19:50:21.8513849Z ^[[36;1m  if [[ Linux == macOS ]]; then^[[0m
build-and-test	Install Rust	2026-08-20T19:50:21.8514393Z ^[[36;1m    echo "toolchain=1.$((($(date -v-$(sed 's/stable \([0-9]*\) \(.\).*/\1\2/' <<< $toolchain) +%s)/60/60/24-16569)/7/6))" >> $GITHUB_OUTPUT^[[0m
build-and-test	Install Rust	2026-08-20T19:50:21.8514921Z ^[[36;1m  else^[[0m
build-and-test	Install Rust	2026-08-20T19:50:21.8515338Z ^[[36;1m    echo "toolchain=1.$((($(date --date "${toolchain#stable }" +%s)/60/60/24-16569)/7/6))" >> $GITHUB_OUTPUT^[[0m
build-and-test	Install Rust	2026-08-20T19:50:21.8516024Z ^[[36;1m  fi^[[0m
build-and-test	Install Rust	2026-08-20T19:50:21.8516346Z ^[[36;1melif [[ $toolchain =~ ^stable' 'minus' '[0-9]+' 'releases?$ ]]; then^[[0m
build-and-test	Install Rust	2026-08-20T19:50:21.8516875Z ^[[36;1m  echo "toolchain=1.$((($(date +%s)/60/60/24-16569)/7/6-${toolchain//[^0-9]/}))" >> $GITHUB_OUTPUT^[[0m
build-and-test	Install Rust	2026-08-20T19:50:21.8517333Z ^[[36;1melif [[ $toolchain =~ ^1\.[0-9]+$ ]]; then^[[0m
build-and-test	Install Rust	2026-08-20T19:50:21.8517838Z ^[[36;1m  echo "toolchain=1.$((i=${toolchain#1.}, c=($(date +%s)/60/60/24-16569)/7/6, i+9*i*(10*i<=c)+90*i*(100*i<=c)))" >> $GITHUB_OUTPUT^[[0m
build-and-test	Install Rust	2026-08-20T19:50:21.8518320Z ^[[36;1melse^[[0m
build-and-test	Install Rust	2026-08-20T19:50:21.8518571Z ^[[36;1m  echo "toolchain=$toolchain" >> $GITHUB_OUTPUT^[[0m
build-and-test	Install Rust	2026-08-20T19:50:21.8518869Z ^[[36;1mfi^[[0m
build-and-test	Install Rust	2026-08-20T19:50:21.8595538Z shell: /usr/bin/bash --noprofile --norc -e -o pipefail {0}
build-and-test	Install Rust	2026-08-20T19:50:21.8595919Z env:
build-and-test	Install Rust	2026-08-20T19:50:21.8596170Z   LLVM_PATH: /home/runner/work/aha-lang/aha-lang/llvm
build-and-test	Install Rust	2026-08-20T19:50:21.8596557Z   LD_LIBRARY_PATH: /home/runner/work/aha-lang/aha-lang/llvm/lib:
build-and-test	Install Rust	2026-08-20T19:50:21.8597021Z   DYLD_LIBRARY_PATH: /home/runner/work/aha-lang/aha-lang/llvm/lib:undefined
build-and-test	Install Rust	2026-08-20T19:50:21.8597467Z   LLVM_SYS_140_PREFIX: /home/runner/work/aha-lang/aha-lang/llvm
build-and-test	Install Rust	2026-08-20T19:50:21.8597805Z   toolchain: stable
build-and-test	Install Rust	2026-08-20T19:50:21.8598019Z ##[endgroup]
build-and-test	Install Rust	2026-08-20T19:50:21.8728512Z ##[end-action id=__dtolnay_rust-toolchain.parse;outcome=success;conclusion=success;duration_ms=26]
build-and-test	Install Rust	2026-08-20T19:50:21.8741114Z ##[start-action display=Construct rustup command line;id=__dtolnay_rust-toolchain.flags]
build-and-test	Install Rust	2026-08-20T19:50:21.8770071Z ##[group]Run echo "targets=$(for t in ${targets//,/ }; do echo -n ' --target' $t; done)" >> $GITHUB_OUTPUT
build-and-test	Install Rust	2026-08-20T19:50:21.8770736Z ^[[36;1mecho "targets=$(for t in ${targets//,/ }; do echo -n ' --target' $t; done)" >> $GITHUB_OUTPUT^[[0m
build-and-test	Install Rust	2026-08-20T19:50:21.8771341Z ^[[36;1mecho "components=$(for c in ${components//,/ }; do echo -n ' --component' $c; done)" >> $GITHUB_OUTPUT^[[0m
build-and-test	Install Rust	2026-08-20T19:50:21.8771830Z ^[[36;1mecho "downgrade=" >> $GITHUB_OUTPUT^[[0m
build-and-test	Install Rust	2026-08-20T19:50:21.8846708Z shell: /usr/bin/bash --noprofile --norc -e -o pipefail {0}
build-and-test	Install Rust	2026-08-20T19:50:21.8847083Z env:
build-and-test	Install Rust	2026-08-20T19:50:21.8847332Z   LLVM_PATH: /home/runner/work/aha-lang/aha-lang/llvm
build-and-test	Install Rust	2026-08-20T19:50:21.8847715Z   LD_LIBRARY_PATH: /home/runner/work/aha-lang/aha-lang/llvm/lib:
build-and-test	Install Rust	2026-08-20T19:50:21.8848400Z   DYLD_LIBRARY_PATH: /home/runner/work/aha-lang/aha-lang/llvm/lib:undefined
build-and-test	Install Rust	2026-08-20T19:50:21.8848857Z   LLVM_SYS_140_PREFIX: /home/runner/work/aha-lang/aha-lang/llvm
build-and-test	Install Rust	2026-08-20T19:50:21.8849185Z   targets: 
build-and-test	Install Rust	2026-08-20T19:50:21.8849387Z   components: clippy
build-and-test	Install Rust	2026-08-20T19:50:21.8849642Z ##[endgroup]
build-and-test	Install Rust	2026-08-20T19:50:21.8967393Z ##[end-action id=__dtolnay_rust-toolchain.flags;outcome=success;conclusion=success;duration_ms=22]
build-and-test	Install Rust	2026-08-20T19:50:21.8969794Z ##[start-action display=Set $CARGO_HOME;id=__dtolnay_rust-toolchain.__run]
build-and-test	Install Rust	2026-08-20T19:50:21.8989238Z ##[group]Run echo CARGO_HOME=${CARGO_HOME:-"$HOME/.cargo"} >> $GITHUB_ENV
build-and-test	Install Rust	2026-08-20T19:50:21.8989733Z ^[[36;1mecho CARGO_HOME=${CARGO_HOME:-"$HOME/.cargo"} >> $GITHUB_ENV^[[0m
build-and-test	Install Rust	2026-08-20T19:50:21.9063705Z shell: /usr/bin/bash --noprofile --norc -e -o pipefail {0}
build-and-test	Install Rust	2026-08-20T19:50:21.9064237Z env:
build-and-test	Install Rust	2026-08-20T19:50:21.9064593Z   LLVM_PATH: /home/runner/work/aha-lang/aha-lang/llvm
build-and-test	Install Rust	2026-08-20T19:50:21.9065161Z   LD_LIBRARY_PATH: /home/runner/work/aha-lang/aha-lang/llvm/lib:
build-and-test	Install Rust	2026-08-20T19:50:21.9065857Z   DYLD_LIBRARY_PATH: /home/runner/work/aha-lang/aha-lang/llvm/lib:undefined
build-and-test	Install Rust	2026-08-20T19:50:21.9066531Z   LLVM_SYS_140_PREFIX: /home/runner/work/aha-lang/aha-lang/llvm
build-and-test	Install Rust	2026-08-20T19:50:21.9067036Z ##[endgroup]
build-and-test	Install Rust	2026-08-20T19:50:21.9175472Z ##[end-action id=__dtolnay_rust-toolchain.__run;outcome=success;conclusion=success;duration_ms=20]
build-and-test	Install Rust	2026-08-20T19:50:21.9177710Z ##[start-action display=Install rustup if needed;id=__dtolnay_rust-toolchain.__run_2]
build-and-test	Install Rust	2026-08-20T19:50:21.9203551Z ##[group]Run if ! command -v rustup &>/dev/null; then
build-and-test	Install Rust	2026-08-20T19:50:21.9203942Z ^[[36;1mif ! command -v rustup &>/dev/null; then^[[0m
build-and-test	Install Rust	2026-08-20T19:50:21.9204691Z ^[[36;1m  curl --proto '=https' --tlsv1.2 --retry 10 --retry-connrefused --location --silent --show-error --fail https://sh.rustup.rs | sh -s -- --default-toolchain none -y^[[0m
build-and-test	Install Rust	2026-08-20T19:50:21.9205577Z ^[[36;1m  echo "$CARGO_HOME/bin" >> $GITHUB_PATH^[[0m
build-and-test	Install Rust	2026-08-20T19:50:21.9205865Z ^[[36;1mfi^[[0m
build-and-test	Install Rust	2026-08-20T19:50:21.9280164Z shell: /usr/bin/bash --noprofile --norc -e -o pipefail {0}
build-and-test	Install Rust	2026-08-20T19:50:21.9280516Z env:
build-and-test	Install Rust	2026-08-20T19:50:21.9280767Z   LLVM_PATH: /home/runner/work/aha-lang/aha-lang/llvm
build-and-test	Install Rust	2026-08-20T19:50:21.9281149Z   LD_LIBRARY_PATH: /home/runner/work/aha-lang/aha-lang/llvm/lib:
build-and-test	Install Rust	2026-08-20T19:50:21.9281595Z   DYLD_LIBRARY_PATH: /home/runner/work/aha-lang/aha-lang/llvm/lib:undefined
build-and-test	Install Rust	2026-08-20T19:50:21.9282053Z   LLVM_SYS_140_PREFIX: /home/runner/work/aha-lang/aha-lang/llvm
build-and-test	Install Rust	2026-08-20T19:50:21.9282629Z   CARGO_HOME: /home/runner/.cargo
build-and-test	Install Rust	2026-08-20T19:50:21.9282885Z ##[endgroup]
build-and-test	Install Rust	2026-08-20T19:50:21.9388228Z ##[end-action id=__dtolnay_rust-toolchain.__run_2;outcome=success;conclusion=success;duration_ms=20]
build-and-test	Install Rust	2026-08-20T19:50:21.9412788Z ##[start-action display=Install rustup if needed on windows;id=__dtolnay_rust-toolchain.__run_3]
build-and-test	Install Rust	2026-08-20T19:50:21.9419846Z ##[end-action id=__dtolnay_rust-toolchain.__run_3;outcome=skipped;conclusion=skipped;duration_ms=0]
build-and-test	Install Rust	2026-08-20T19:50:21.9431865Z ##[start-action display=rustup toolchain install stable;id=__dtolnay_rust-toolchain.__run_4]
build-and-test	Install Rust	2026-08-20T19:50:21.9452192Z ##[group]Run rustup toolchain install stable --component clippy --profile minimal --no-self-update
build-and-test	Install Rust	2026-08-20T19:50:21.9453343Z ^[[36;1mrustup toolchain install stable --component clippy --profile minimal --no-self-update^[[0m
build-and-test	Install Rust	2026-08-20T19:50:21.9527719Z shell: /usr/bin/bash --noprofile --norc -e -o pipefail {0}
build-and-test	Install Rust	2026-08-20T19:50:21.9528082Z env:
build-and-test	Install Rust	2026-08-20T19:50:21.9528338Z   LLVM_PATH: /home/runner/work/aha-lang/aha-lang/llvm
build-and-test	Install Rust	2026-08-20T19:50:21.9528718Z   LD_LIBRARY_PATH: /home/runner/work/aha-lang/aha-lang/llvm/lib:
build-and-test	Install Rust	2026-08-20T19:50:21.9529162Z   DYLD_LIBRARY_PATH: /home/runner/work/aha-lang/aha-lang/llvm/lib:undefined
build-and-test	Install Rust	2026-08-20T19:50:21.9529622Z   LLVM_SYS_140_PREFIX: /home/runner/work/aha-lang/aha-lang/llvm
build-and-test	Install Rust	2026-08-20T19:50:21.9529964Z   CARGO_HOME: /home/runner/.cargo
build-and-test	Install Rust	2026-08-20T19:50:21.9530225Z   RUSTUP_PERMIT_COPY_RENAME: 1
build-and-test	Install Rust	2026-08-20T19:50:21.9530468Z ##[endgroup]
build-and-test	Install Rust	2026-08-20T19:50:24.8274004Z info: syncing channel updates for stable-x86_64-unknown-linux-gnu
build-and-test	Install Rust	2026-08-20T19:50:24.9237613Z info: latest update on 2026-08-20 for version 1.98.0 (88d9e12ae 2026-08-18)
build-and-test	Install Rust	2026-08-20T19:50:24.9393246Z info: removing previous version of component clippy
build-and-test	Install Rust	2026-08-20T19:50:24.9454798Z info: removing previous version of component rustfmt
build-and-test	Install Rust	2026-08-20T19:50:24.9464373Z info: removing previous version of component cargo
build-and-test	Install Rust	2026-08-20T19:50:24.9663877Z info: removing previous version of component rust-std
build-and-test	Install Rust	2026-08-20T19:50:24.9709920Z info: removing previous version of component rustc
build-and-test	Install Rust	2026-08-20T19:50:24.9803137Z info: downloading 5 components
build-and-test	Install Rust	2026-08-20T19:50:35.1894353Z 
build-and-test	Install Rust	2026-08-20T19:50:35.2016114Z   stable-x86_64-unknown-linux-gnu updated - rustc 1.98.0 (88d9e12ae 2026-08-18) (from rustc 1.97.1 (8bab26f4f 2026-07-14))
build-and-test	Install Rust	2026-08-20T19:50:35.2016965Z 
build-and-test	Install Rust	2026-08-20T19:50:35.2167652Z ##[end-action id=__dtolnay_rust-toolchain.__run_4;outcome=success;conclusion=success;duration_ms=13273]
build-and-test	Install Rust	2026-08-20T19:50:35.2176192Z ##[start-action display=rustup default stable;id=__dtolnay_rust-toolchain.__run_5]
build-and-test	Install Rust	2026-08-20T19:50:35.2195267Z ##[group]Run rustup default stable
build-and-test	Install Rust	2026-08-20T19:50:35.2195590Z ^[[36;1mrustup default stable^[[0m
build-and-test	Install Rust	2026-08-20T19:50:35.2275349Z shell: /usr/bin/bash --noprofile --norc -e -o pipefail {0}
build-and-test	Install Rust	2026-08-20T19:50:35.2275712Z env:
build-and-test	Install Rust	2026-08-20T19:50:35.2275963Z   LLVM_PATH: /home/runner/work/aha-lang/aha-lang/llvm
build-and-test	Install Rust	2026-08-20T19:50:35.2276354Z   LD_LIBRARY_PATH: /home/runner/work/aha-lang/aha-lang/llvm/lib:
build-and-test	Install Rust	2026-08-20T19:50:35.2276805Z   DYLD_LIBRARY_PATH: /home/runner/work/aha-lang/aha-lang/llvm/lib:undefined
build-and-test	Install Rust	2026-08-20T19:50:35.2277251Z   LLVM_SYS_140_PREFIX: /home/runner/work/aha-lang/aha-lang/llvm
build-and-test	Install Rust	2026-08-20T19:50:35.2277602Z   CARGO_HOME: /home/runner/.cargo
build-and-test	Install Rust	2026-08-20T19:50:35.2278075Z ##[endgroup]
build-and-test	Install Rust	2026-08-20T19:50:35.2445538Z info: using existing install for stable-x86_64-unknown-linux-gnu
build-and-test	Install Rust	2026-08-20T19:50:35.2450712Z info: default toolchain set to stable-x86_64-unknown-linux-gnu
build-and-test	Install Rust	2026-08-20T19:50:35.2451093Z 
build-and-test	Install Rust	2026-08-20T19:50:35.2557997Z   stable-x86_64-unknown-linux-gnu unchanged - rustc 1.98.0 (88d9e12ae 2026-08-18)
build-and-test	Install Rust	2026-08-20T19:50:35.2558417Z 
build-and-test	Install Rust	2026-08-20T19:50:35.2579880Z ##[end-action id=__dtolnay_rust-toolchain.__run_5;outcome=success;conclusion=success;duration_ms=40]
build-and-test	Install Rust	2026-08-20T19:50:35.2582849Z ##[start-action display=Create cachekey;id=__dtolnay_rust-toolchain.rustc-version]
build-and-test	Install Rust	2026-08-20T19:50:35.2601091Z ##[group]Run DATE=$(rustc +stable --version --verbose | sed -ne 's/^commit-date: \(20[0-9][0-9]\)-\([01][0-9]\)-\([0-3][0-9]\)$/\1\2\3/p')
build-and-test	Install Rust	2026-08-20T19:50:35.2601916Z ^[[36;1mDATE=$(rustc +stable --version --verbose | sed -ne 's/^commit-date: \(20[0-9][0-9]\)-\([01][0-9]\)-\([0-3][0-9]\)$/\1\2\3/p')^[[0m
build-and-test	Install Rust	2026-08-20T19:50:35.2602884Z ^[[36;1mHASH=$(rustc +stable --version --verbose | sed -ne 's/^commit-hash: //p')^[[0m
build-and-test	Install Rust	2026-08-20T19:50:35.2603432Z ^[[36;1mecho "cachekey=$(echo $DATE$HASH | head -c12)" >> $GITHUB_OUTPUT^[[0m
build-and-test	Install Rust	2026-08-20T19:50:35.2682881Z shell: /usr/bin/bash --noprofile --norc -e -o pipefail {0}
build-and-test	Install Rust	2026-08-20T19:50:35.2683239Z env:
build-and-test	Install Rust	2026-08-20T19:50:35.2683501Z   LLVM_PATH: /home/runner/work/aha-lang/aha-lang/llvm
build-and-test	Install Rust	2026-08-20T19:50:35.2683877Z   LD_LIBRARY_PATH: /home/runner/work/aha-lang/aha-lang/llvm/lib:
build-and-test	Install Rust	2026-08-20T19:50:35.2684319Z   DYLD_LIBRARY_PATH: /home/runner/work/aha-lang/aha-lang/llvm/lib:undefined
build-and-test	Install Rust	2026-08-20T19:50:35.2684765Z   LLVM_SYS_140_PREFIX: /home/runner/work/aha-lang/aha-lang/llvm
build-and-test	Install Rust	2026-08-20T19:50:35.2685113Z   CARGO_HOME: /home/runner/.cargo
build-and-test	Install Rust	2026-08-20T19:50:35.2685362Z ##[endgroup]
build-and-test	Install Rust	2026-08-20T19:50:35.3186716Z ##[end-action id=__dtolnay_rust-toolchain.rustc-version;outcome=success;conclusion=success;duration_ms=60]
build-and-test	Install Rust	2026-08-20T19:50:35.3189627Z ##[start-action display=Disable incremental compilation;id=__dtolnay_rust-toolchain.__run_6]
build-and-test	Install Rust	2026-08-20T19:50:35.3206561Z ##[group]Run if [ -z "${CARGO_INCREMENTAL+set}" ]; then
build-and-test	Install Rust	2026-08-20T19:50:35.3206967Z ^[[36;1mif [ -z "${CARGO_INCREMENTAL+set}" ]; then^[[0m
build-and-test	Install Rust	2026-08-20T19:50:35.3207295Z ^[[36;1m  echo CARGO_INCREMENTAL=0 >> $GITHUB_ENV^[[0m
build-and-test	Install Rust	2026-08-20T19:50:35.3207574Z ^[[36;1mfi^[[0m
build-and-test	Install Rust	2026-08-20T19:50:35.3291415Z shell: /usr/bin/bash --noprofile --norc -e -o pipefail {0}
build-and-test	Install Rust	2026-08-20T19:50:35.3291761Z env:
build-and-test	Install Rust	2026-08-20T19:50:35.3292011Z   LLVM_PATH: /home/runner/work/aha-lang/aha-lang/llvm
build-and-test	Install Rust	2026-08-20T19:50:35.3292603Z   LD_LIBRARY_PATH: /home/runner/work/aha-lang/aha-lang/llvm/lib:
build-and-test	Install Rust	2026-08-20T19:50:35.3293074Z   DYLD_LIBRARY_PATH: /home/runner/work/aha-lang/aha-lang/llvm/lib:undefined
build-and-test	Install Rust	2026-08-20T19:50:35.3293529Z   LLVM_SYS_140_PREFIX: /home/runner/work/aha-lang/aha-lang/llvm
build-and-test	Install Rust	2026-08-20T19:50:35.3293876Z   CARGO_HOME: /home/runner/.cargo
build-and-test	Install Rust	2026-08-20T19:50:35.3294125Z ##[endgroup]
build-and-test	Install Rust	2026-08-20T19:50:35.3404960Z ##[end-action id=__dtolnay_rust-toolchain.__run_6;outcome=success;conclusion=success;duration_ms=21]
build-and-test	Install Rust	2026-08-20T19:50:35.3407236Z ##[start-action display=Enable colors in Cargo output;id=__dtolnay_rust-toolchain.__run_7]
build-and-test	Install Rust	2026-08-20T19:50:35.3422781Z ##[group]Run if [ -z "${CARGO_TERM_COLOR+set}" ]; then
build-and-test	Install Rust	2026-08-20T19:50:35.3423170Z ^[[36;1mif [ -z "${CARGO_TERM_COLOR+set}" ]; then^[[0m
build-and-test	Install Rust	2026-08-20T19:50:35.3423542Z ^[[36;1m  echo CARGO_TERM_COLOR=always >> $GITHUB_ENV^[[0m
build-and-test	Install Rust	2026-08-20T19:50:35.3423834Z ^[[36;1mfi^[[0m
build-and-test	Install Rust	2026-08-20T19:50:35.3498922Z shell: /usr/bin/bash --noprofile --norc -e -o pipefail {0}
build-and-test	Install Rust	2026-08-20T19:50:35.3499282Z env:
build-and-test	Install Rust	2026-08-20T19:50:35.3499529Z   LLVM_PATH: /home/runner/work/aha-lang/aha-lang/llvm
build-and-test	Install Rust	2026-08-20T19:50:35.3499909Z   LD_LIBRARY_PATH: /home/runner/work/aha-lang/aha-lang/llvm/lib:
build-and-test	Install Rust	2026-08-20T19:50:35.3500350Z   DYLD_LIBRARY_PATH: /home/runner/work/aha-lang/aha-lang/llvm/lib:undefined
build-and-test	Install Rust	2026-08-20T19:50:35.3500803Z   LLVM_SYS_140_PREFIX: /home/runner/work/aha-lang/aha-lang/llvm
build-and-test	Install Rust	2026-08-20T19:50:35.3501146Z   CARGO_HOME: /home/runner/.cargo
build-and-test	Install Rust	2026-08-20T19:50:35.3501604Z   CARGO_INCREMENTAL: 0
build-and-test	Install Rust	2026-08-20T19:50:35.3501826Z ##[endgroup]
build-and-test	Install Rust	2026-08-20T19:50:35.3608327Z ##[end-action id=__dtolnay_rust-toolchain.__run_7;outcome=success;conclusion=success;duration_ms=20]
build-and-test	Install Rust	2026-08-20T19:50:35.3610561Z ##[start-action display=Enable Cargo sparse registry;id=__dtolnay_rust-toolchain.__run_8]
build-and-test	Install Rust	2026-08-20T19:50:35.3627551Z ##[group]Run # implemented in 1.66, stabilized in 1.68, made default in 1.70
build-and-test	Install Rust	2026-08-20T19:50:35.3628078Z ^[[36;1m# implemented in 1.66, stabilized in 1.68, made default in 1.70^[[0m
build-and-test	Install Rust	2026-08-20T19:50:35.3628803Z ^[[36;1mif [ -z "${CARGO_REGISTRIES_CRATES_IO_PROTOCOL+set}" -o -f "/home/runner/work/_temp"/.implicit_cargo_registries_crates_io_protocol ]; then^[[0m
build-and-test	Install Rust	2026-08-20T19:50:35.3629533Z ^[[36;1m  if rustc +stable --version --verbose | grep -q '^release: 1\.6[89]\.'; then^[[0m
build-and-test	Install Rust	2026-08-20T19:50:35.3630098Z ^[[36;1m    touch "/home/runner/work/_temp"/.implicit_cargo_registries_crates_io_protocol || true^[[0m
build-and-test	Install Rust	2026-08-20T19:50:35.3630631Z ^[[36;1m    echo CARGO_REGISTRIES_CRATES_IO_PROTOCOL=sparse >> $GITHUB_ENV^[[0m
build-and-test	Install Rust	2026-08-20T19:50:35.3631131Z ^[[36;1m  elif rustc +stable --version --verbose | grep -q '^release: 1\.6[67]\.'; then^[[0m
build-and-test	Install Rust	2026-08-20T19:50:35.3631690Z ^[[36;1m    touch "/home/runner/work/_temp"/.implicit_cargo_registries_crates_io_protocol || true^[[0m
build-and-test	Install Rust	2026-08-20T19:50:35.3632199Z ^[[36;1m    echo CARGO_REGISTRIES_CRATES_IO_PROTOCOL=git >> $GITHUB_ENV^[[0m
build-and-test	Install Rust	2026-08-20T19:50:35.3632883Z ^[[36;1m  fi^[[0m
build-and-test	Install Rust	2026-08-20T19:50:35.3633089Z ^[[36;1mfi^[[0m
build-and-test	Install Rust	2026-08-20T19:50:35.3708843Z shell: /usr/bin/bash --noprofile --norc -e -o pipefail {0}
build-and-test	Install Rust	2026-08-20T19:50:35.3709199Z env:
build-and-test	Install Rust	2026-08-20T19:50:35.3709468Z   LLVM_PATH: /home/runner/work/aha-lang/aha-lang/llvm
build-and-test	Install Rust	2026-08-20T19:50:35.3709856Z   LD_LIBRARY_PATH: /home/runner/work/aha-lang/aha-lang/llvm/lib:
build-and-test	Install Rust	2026-08-20T19:50:35.3710313Z   DYLD_LIBRARY_PATH: /home/runner/work/aha-lang/aha-lang/llvm/lib:undefined
build-and-test	Install Rust	2026-08-20T19:50:35.3710756Z   LLVM_SYS_140_PREFIX: /home/runner/work/aha-lang/aha-lang/llvm
build-and-test	Install Rust	2026-08-20T19:50:35.3711098Z   CARGO_HOME: /home/runner/.cargo
build-and-test	Install Rust	2026-08-20T19:50:35.3711367Z   CARGO_INCREMENTAL: 0
build-and-test	Install Rust	2026-08-20T19:50:35.3711596Z   CARGO_TERM_COLOR: always
build-and-test	Install Rust	2026-08-20T19:50:35.3711829Z ##[endgroup]
build-and-test	Install Rust	2026-08-20T19:50:35.4175924Z ##[end-action id=__dtolnay_rust-toolchain.__run_8;outcome=success;conclusion=success;duration_ms=56]
build-and-test	Install Rust	2026-08-20T19:50:35.4178990Z ##[start-action display=Work around spurious network errors in curl 8.0;id=__dtolnay_rust-toolchain.__run_9]
build-and-test	Install Rust	2026-08-20T19:50:35.4196984Z ##[group]Run # https://rust-lang.zulipchat.com/#narrow/stream/246057-t-cargo/topic/timeout.20investigation
build-and-test	Install Rust	2026-08-20T19:50:35.4197757Z ^[[36;1m# https://rust-lang.zulipchat.com/#narrow/stream/246057-t-cargo/topic/timeout.20investigation^[[0m
build-and-test	Install Rust	2026-08-20T19:50:35.4198373Z ^[[36;1mif rustc +stable --version --verbose | grep -q '^release: 1\.7[01]\.'; then^[[0m
build-and-test	Install Rust	2026-08-20T19:50:35.4198837Z ^[[36;1m  echo CARGO_HTTP_MULTIPLEXING=false >> $GITHUB_ENV^[[0m
build-and-test	Install Rust	2026-08-20T19:50:35.4199153Z ^[[36;1mfi^[[0m
build-and-test	Install Rust	2026-08-20T19:50:35.4282990Z shell: /usr/bin/bash --noprofile --norc -e -o pipefail {0}
build-and-test	Install Rust	2026-08-20T19:50:35.4283366Z env:
build-and-test	Install Rust	2026-08-20T19:50:35.4283624Z   LLVM_PATH: /home/runner/work/aha-lang/aha-lang/llvm
build-and-test	Install Rust	2026-08-20T19:50:35.4284016Z   LD_LIBRARY_PATH: /home/runner/work/aha-lang/aha-lang/llvm/lib:
build-and-test	Install Rust	2026-08-20T19:50:35.4284478Z   DYLD_LIBRARY_PATH: /home/runner/work/aha-lang/aha-lang/llvm/lib:undefined
build-and-test	Install Rust	2026-08-20T19:50:35.4284952Z   LLVM_SYS_140_PREFIX: /home/runner/work/aha-lang/aha-lang/llvm
build-and-test	Install Rust	2026-08-20T19:50:35.4285306Z   CARGO_HOME: /home/runner/.cargo
build-and-test	Install Rust	2026-08-20T19:50:35.4285568Z   CARGO_INCREMENTAL: 0
build-and-test	Install Rust	2026-08-20T19:50:35.4285793Z   CARGO_TERM_COLOR: always
build-and-test	Install Rust	2026-08-20T19:50:35.4286025Z ##[endgroup]
build-and-test	Install Rust	2026-08-20T19:50:35.4576531Z ##[end-action id=__dtolnay_rust-toolchain.__run_9;outcome=success;conclusion=success;duration_ms=39]
build-and-test	Install Rust	2026-08-20T19:50:35.4580800Z ##[start-action display=rustc +stable --version --verbose;id=__dtolnay_rust-toolchain.__run_10]
build-and-test	Install Rust	2026-08-20T19:50:35.4597999Z ##[group]Run rustc +stable --version --verbose
build-and-test	Install Rust	2026-08-20T19:50:35.4598357Z ^[[36;1mrustc +stable --version --verbose^[[0m
build-and-test	Install Rust	2026-08-20T19:50:35.4680507Z shell: /usr/bin/bash --noprofile --norc -e -o pipefail {0}
build-and-test	Install Rust	2026-08-20T19:50:35.4680882Z env:
build-and-test	Install Rust	2026-08-20T19:50:35.4681134Z   LLVM_PATH: /home/runner/work/aha-lang/aha-lang/llvm
build-and-test	Install Rust	2026-08-20T19:50:35.4681525Z   LD_LIBRARY_PATH: /home/runner/work/aha-lang/aha-lang/llvm/lib:
build-and-test	Install Rust	2026-08-20T19:50:35.4681987Z   DYLD_LIBRARY_PATH: /home/runner/work/aha-lang/aha-lang/llvm/lib:undefined
build-and-test	Install Rust	2026-08-20T19:50:35.4682761Z   LLVM_SYS_140_PREFIX: /home/runner/work/aha-lang/aha-lang/llvm
build-and-test	Install Rust	2026-08-20T19:50:35.4683107Z   CARGO_HOME: /home/runner/.cargo
build-and-test	Install Rust	2026-08-20T19:50:35.4683362Z   CARGO_INCREMENTAL: 0
build-and-test	Install Rust	2026-08-20T19:50:35.4683590Z   CARGO_TERM_COLOR: always
build-and-test	Install Rust	2026-08-20T19:50:35.4683824Z ##[endgroup]
build-and-test	Install Rust	2026-08-20T19:50:35.4945067Z rustc 1.98.0 (88d9e12ae 2026-08-18)
build-and-test	Install Rust	2026-08-20T19:50:35.4945608Z binary: rustc
build-and-test	Install Rust	2026-08-20T19:50:35.4946022Z commit-hash: 88d9e12ae178fab0fb5cc050a94da85685d449ea
build-and-test	Install Rust	2026-08-20T19:50:35.4946485Z commit-date: 2026-08-18
build-and-test	Install Rust	2026-08-20T19:50:35.4946796Z host: x86_64-unknown-linux-gnu
build-and-test	Install Rust	2026-08-20T19:50:35.4947266Z release: 1.98.0
build-and-test	Install Rust	2026-08-20T19:50:35.4947848Z LLVM version: 22.1.8
build-and-test	Install Rust	2026-08-20T19:50:35.4973815Z ##[end-action id=__dtolnay_rust-toolchain.__run_10;outcome=success;conclusion=success;duration_ms=39]
build-and-test	Run cargo check	﻿2026-08-20T19:50:35.5091753Z ##[group]Run cargo check --verbose
build-and-test	Run cargo check	2026-08-20T19:50:35.5092092Z ^[[36;1mcargo check --verbose^[[0m
build-and-test	Run cargo check	2026-08-20T19:50:35.5174784Z shell: /usr/bin/bash -e {0}
build-and-test	Run cargo check	2026-08-20T19:50:35.5175054Z env:
build-and-test	Run cargo check	2026-08-20T19:50:35.5175309Z   LLVM_PATH: /home/runner/work/aha-lang/aha-lang/llvm
build-and-test	Run cargo check	2026-08-20T19:50:35.5175694Z   LD_LIBRARY_PATH: /home/runner/work/aha-lang/aha-lang/llvm/lib:
build-and-test	Run cargo check	2026-08-20T19:50:35.5176140Z   DYLD_LIBRARY_PATH: /home/runner/work/aha-lang/aha-lang/llvm/lib:undefined
build-and-test	Run cargo check	2026-08-20T19:50:35.5176585Z   LLVM_SYS_140_PREFIX: /home/runner/work/aha-lang/aha-lang/llvm
build-and-test	Run cargo check	2026-08-20T19:50:35.5176923Z   CARGO_HOME: /home/runner/.cargo
build-and-test	Run cargo check	2026-08-20T19:50:35.5177178Z   CARGO_INCREMENTAL: 0
build-and-test	Run cargo check	2026-08-20T19:50:35.5177409Z   CARGO_TERM_COLOR: always
build-and-test	Run cargo check	2026-08-20T19:50:35.5177653Z ##[endgroup]
build-and-test	Run cargo check	2026-08-20T19:50:35.5718780Z ^[[1m^[[92m    Updating^[[0m crates.io index
build-and-test	Run cargo check	2026-08-20T19:50:35.7251962Z ^[[1m^[[92m     Locking^[[0m 40 packages to latest compatible versions
build-and-test	Run cargo check	2026-08-20T19:50:35.7283768Z ^[[1m^[[92m      Adding^[[0m inkwell v0.4.0 ^[[1m^[[33m(available: v0.10.0)^[[0m
build-and-test	Run cargo check	2026-08-20T19:50:35.7339755Z ^[[1m^[[92m Downloading^[[0m crates ...
build-and-test	Run cargo check	2026-08-20T19:50:35.7996105Z ^[[1m^[[92m  Downloaded^[[0m cc v1.4.3
build-and-test	Run cargo check	2026-08-20T19:50:35.8037600Z ^[[1m^[[92m  Downloaded^[[0m anstyle v1.0.14
build-and-test	Run cargo check	2026-08-20T19:50:35.8056361Z ^[[1m^[[92m  Downloaded^[[0m anstyle-query v1.1.5
build-and-test	Run cargo check	2026-08-20T19:50:35.8071421Z ^[[1m^[[92m  Downloaded^[[0m clap_derive v4.6.4
build-and-test	Run cargo check	2026-08-20T19:50:35.8098139Z ^[[1m^[[92m  Downloaded^[[0m aho-corasick v1.1.5
build-and-test	Run cargo check	2026-08-20T19:50:35.8161560Z ^[[1m^[[92m  Downloaded^[[0m semver v1.0.28
build-and-test	Run cargo check	2026-08-20T19:50:35.8189131Z ^[[1m^[[92m  Downloaded^[[0m utf8parse v0.2.2
build-and-test	Run cargo check	2026-08-20T19:50:35.8204167Z ^[[1m^[[92m  Downloaded^[[0m clap v4.6.6
build-and-test	Run cargo check	2026-08-20T19:50:35.8338913Z ^[[1m^[[92m  Downloaded^[[0m colorchoice v1.0.5
build-and-test	Run cargo check	2026-08-20T19:50:35.8348918Z ^[[1m^[[92m  Downloaded^[[0m thiserror v1.0.69
build-and-test	Run cargo check	2026-08-20T19:50:35.8413570Z ^[[1m^[[92m  Downloaded^[[0m clap_lex v1.1.0
build-and-test	Run cargo check	2026-08-20T19:50:35.8425428Z ^[[1m^[[92m  Downloaded^[[0m strsim v0.11.1
build-and-test	Run cargo check	2026-08-20T19:50:35.8439813Z ^[[1m^[[92m  Downloaded^[[0m heck v0.5.0
build-and-test	Run cargo check	2026-08-20T19:50:35.8454240Z ^[[1m^[[92m  Downloaded^[[0m anstyle-parse v1.0.0
build-and-test	Run cargo check	2026-08-20T19:50:35.8471923Z ^[[1m^[[92m  Downloaded^[[0m lazy_static v1.5.0
build-and-test	Run cargo check	2026-08-20T19:50:35.8491776Z ^[[1m^[[92m  Downloaded^[[0m anstream v1.0.0
build-and-test	Run cargo check	2026-08-20T19:50:35.8514171Z ^[[1m^[[92m  Downloaded^[[0m proc-macro2 v1.0.107
build-and-test	Run cargo check	2026-08-20T19:50:35.8547388Z ^[[1m^[[92m  Downloaded^[[0m thiserror-impl v1.0.69
build-and-test	Run cargo check	2026-08-20T19:50:35.8562484Z ^[[1m^[[92m  Downloaded^[[0m either v1.18.0
build-and-test	Run cargo check	2026-08-20T19:50:35.8579122Z ^[[1m^[[92m  Downloaded^[[0m clap_builder v4.6.6
build-and-test	Run cargo check	2026-08-20T19:50:35.8654765Z ^[[1m^[[92m  Downloaded^[[0m is_terminal_polyfill v1.70.2
build-and-test	Run cargo check	2026-08-20T19:50:35.8664593Z ^[[1m^[[92m  Downloaded^[[0m inkwell_internals v0.9.0
build-and-test	Run cargo check	2026-08-20T19:50:35.8671449Z ^[[1m^[[92m  Downloaded^[[0m unicode-ident v1.0.24
build-and-test	Run cargo check	2026-08-20T19:50:35.8703698Z ^[[1m^[[92m  Downloaded^[[0m shlex v2.0.1
build-and-test	Run cargo check	2026-08-20T19:50:35.8718045Z ^[[1m^[[92m  Downloaded^[[0m quote v1.0.47
build-and-test	Run cargo check	2026-08-20T19:50:35.8748247Z ^[[1m^[[92m  Downloaded^[[0m once_cell v1.21.4
build-and-test	Run cargo check	2026-08-20T19:50:35.8776374Z ^[[1m^[[92m  Downloaded^[[0m llvm-sys v140.1.3
build-and-test	Run cargo check	2026-08-20T19:50:35.8818973Z ^[[1m^[[92m  Downloaded^[[0m find-msvc-tools v0.1.11
build-and-test	Run cargo check	2026-08-20T19:50:35.8836584Z ^[[1m^[[92m  Downloaded^[[0m memchr v2.8.3
build-and-test	Run cargo check	2026-08-20T19:50:35.8899432Z ^[[1m^[[92m  Downloaded^[[0m regex v1.13.1
build-and-test	Run cargo check	2026-08-20T19:50:35.8960619Z ^[[1m^[[92m  Downloaded^[[0m inkwell v0.4.0
build-and-test	Run cargo check	2026-08-20T19:50:35.9050137Z ^[[1m^[[92m  Downloaded^[[0m syn v2.0.119
build-and-test	Run cargo check	2026-08-20T19:50:35.9172581Z ^[[1m^[[92m  Downloaded^[[0m syn v3.0.3
build-and-test	Run cargo check	2026-08-20T19:50:35.9293235Z ^[[1m^[[92m  Downloaded^[[0m regex-syntax v0.8.11
build-and-test	Run cargo check	2026-08-20T19:50:35.9373118Z ^[[1m^[[92m  Downloaded^[[0m regex-automata v0.4.18
build-and-test	Run cargo check	2026-08-20T19:50:35.9538048Z ^[[1m^[[92m  Downloaded^[[0m libc v0.2.189
build-and-test	Run cargo check	2026-08-20T19:50:36.0388613Z ^[[1m^[[92m   Compiling^[[0m proc-macro2 v1.0.107
build-and-test	Run cargo check	2026-08-20T19:50:36.0389342Z ^[[1m^[[92m   Compiling^[[0m quote v1.0.47
build-and-test	Run cargo check	2026-08-20T19:50:36.0389989Z ^[[1m^[[92m   Compiling^[[0m unicode-ident v1.0.24
build-and-test	Run cargo check	2026-08-20T19:50:36.0392868Z ^[[1m^[[92m   Compiling^[[0m memchr v2.8.3
build-and-test	Run cargo check	2026-08-20T19:50:36.0398012Z ^[[1m^[[92m     Running^[[0m `/home/runner/.rustup/toolchains/stable-x86_64-unknown-linux-gnu/bin/rustc --crate-name build_script_build --edition=2021 /home/runner/.cargo/registry/src/index.crates.io-1949cf8c6b5b557f/proc-macro2-1.0.107/build.rs --error-format=json --json=diagnostic-rendered-ansi,artifacts,future-incompat --crate-type bin --emit=dep-info,link -C embed-bitcode=no --cfg 'feature="default"' --cfg 'feature="proc-macro"' --check-cfg 'cfg(docsrs,test)' --check-cfg 'cfg(feature, values("default", "nightly", "proc-macro", "span-locations"))' -C metadata=5edba57b5171ac5f -C extra-filename=-fbcf2d90934d7c0d --out-dir /home/runner/work/aha-lang/aha-lang/target/debug/build/proc-macro2-fbcf2d90934d7c0d -L dependency=/home/runner/work/aha-lang/aha-lang/target/debug/deps --cap-lints allow`
build-and-test	Run cargo check	2026-08-20T19:50:36.0406123Z ^[[1m^[[92m     Running^[[0m `/home/runner/.rustup/toolchains/stable-x86_64-unknown-linux-gnu/bin/rustc --crate-name build_script_build --edition=2021 /home/runner/.cargo/registry/src/index.crates.io-1949cf8c6b5b557f/quote-1.0.47/build.rs --error-format=json --json=diagnostic-rendered-ansi,artifacts,future-incompat --crate-type bin --emit=dep-info,link -C embed-bitcode=no --cfg 'feature="default"' --cfg 'feature="proc-macro"' --check-cfg 'cfg(docsrs,test)' --check-cfg 'cfg(feature, values("default", "proc-macro"))' -C metadata=fce19596a8400f0e -C extra-filename=-eeda01825dbbcd13 --out-dir /home/runner/work/aha-lang/aha-lang/target/debug/build/quote-eeda01825dbbcd13 -L dependency=/home/runner/work/aha-lang/aha-lang/target/debug/deps --cap-lints allow`
build-and-test	Run cargo check	2026-08-20T19:50:36.0412381Z ^[[1m^[[92m     Running^[[0m `/home/runner/.rustup/toolchains/stable-x86_64-unknown-linux-gnu/bin/rustc --crate-name unicode_ident --edition=2021 /home/runner/.cargo/registry/src/index.crates.io-1949cf8c6b5b557f/unicode-ident-1.0.24/src/lib.rs --error-format=json --json=diagnostic-rendered-ansi,artifacts,future-incompat --crate-type lib --emit=dep-info,metadata,link -C embed-bitcode=no --check-cfg 'cfg(docsrs,test)' --check-cfg 'cfg(feature, values())' -C metadata=8a6ffa8a5ccbfbdd -C extra-filename=-30c770f20c543060 --out-dir /home/runner/work/aha-lang/aha-lang/target/debug/deps -L dependency=/home/runner/work/aha-lang/aha-lang/target/debug/deps --cap-lints allow`
build-and-test	Run cargo check	2026-08-20T19:50:36.0443665Z ^[[1m^[[92m     Running^[[0m `/home/runner/.rustup/toolchains/stable-x86_64-unknown-linux-gnu/bin/rustc --crate-name memchr --edition=2021 /home/runner/.cargo/registry/src/index.crates.io-1949cf8c6b5b557f/memchr-2.8.3/src/lib.rs --error-format=json --json=diagnostic-rendered-ansi,artifacts,future-incompat --crate-type lib --emit=dep-info,metadata,link -C embed-bitcode=no --cfg 'feature="alloc"' --cfg 'feature="std"' --check-cfg 'cfg(docsrs,test)' --check-cfg 'cfg(feature, values("alloc", "core", "default", "libc", "logging", "rustc-dep-of-std", "std", "use_std"))' -C metadata=f0116ad71401f048 -C extra-filename=-308272ea91ecb86d --out-dir /home/runner/work/aha-lang/aha-lang/target/debug/deps -L dependency=/home/runner/work/aha-lang/aha-lang/target/debug/deps --cap-lints allow`
build-and-test	Run cargo check	2026-08-20T19:50:36.1524293Z ^[[1m^[[92m   Compiling^[[0m regex-syntax v0.8.11
build-and-test	Run cargo check	2026-08-20T19:50:36.1541276Z ^[[1m^[[92m     Running^[[0m `/home/runner/.rustup/toolchains/stable-x86_64-unknown-linux-gnu/bin/rustc --crate-name regex_syntax --edition=2021 /home/runner/.cargo/registry/src/index.crates.io-1949cf8c6b5b557f/regex-syntax-0.8.11/src/lib.rs --error-format=json --json=diagnostic-rendered-ansi,artifacts,future-incompat --crate-type lib --emit=dep-info,metadata,link -C embed-bitcode=no --allow=unexpected_cfgs --check-cfg 'cfg(docsrs_regex)' --cfg 'feature="default"' --cfg 'feature="std"' --cfg 'feature="unicode"' --cfg 'feature="unicode-age"' --cfg 'feature="unicode-bool"' --cfg 'feature="unicode-case"' --cfg 'feature="unicode-gencat"' --cfg 'feature="unicode-perl"' --cfg 'feature="unicode-script"' --cfg 'feature="unicode-segment"' --check-cfg 'cfg(docsrs,test)' --check-cfg 'cfg(feature, values("arbitrary", "default", "std", "unicode", "unicode-age", "unicode-bool", "unicode-case", "unicode-gencat", "unicode-perl", "unicode-script", "unicode-segment"))' -C metadata=6231214771557dd5 -C extra-filename=-6e980b911ce74b76 --out-dir /home/runner/work/aha-lang/aha-lang/target/debug/deps -L dependency=/home/runner/work/aha-lang/aha-lang/target/debug/deps --cap-lints allow`
build-and-test	Run cargo check	2026-08-20T19:50:36.2984334Z ^[[1m^[[92m     Running^[[0m `/home/runner/work/aha-lang/aha-lang/target/debug/build/proc-macro2-fbcf2d90934d7c0d/build-script-build`
build-and-test	Run cargo check	2026-08-20T19:50:36.3184531Z ^[[1m^[[92m     Running^[[0m `/home/runner/work/aha-lang/aha-lang/target/debug/build/quote-eeda01825dbbcd13/build-script-build`
build-and-test	Run cargo check	2026-08-20T19:50:36.3356691Z ^[[1m^[[92m   Compiling^[[0m find-msvc-tools v0.1.11
build-and-test	Run cargo check	2026-08-20T19:50:36.3375561Z ^[[1m^[[92m     Running^[[0m `/home/runner/.rustup/toolchains/stable-x86_64-unknown-linux-gnu/bin/rustc --crate-name find_msvc_tools --edition=2021 /home/runner/.cargo/registry/src/index.crates.io-1949cf8c6b5b557f/find-msvc-tools-0.1.11/src/lib.rs --error-format=json --json=diagnostic-rendered-ansi,artifacts,future-incompat --crate-type lib --emit=dep-info,metadata,link -C embed-bitcode=no --allow=unexpected_cfgs '--warn=clippy::ptr_cast_constness' '--warn=clippy::ptr_as_ptr' --warn=missing_docs '--warn=clippy::manual_let_else' '--warn=clippy::doc_markdown' '--warn=clippy::disallowed_methods' '--warn=clippy::borrow_as_ptr' --check-cfg 'cfg(disable_clang_cl_tests)' --check-cfg 'cfg(docsrs,test)' --check-cfg 'cfg(feature, values())' -C metadata=d9e4814eff59285d -C extra-filename=-b62ac041d4ab0fdb --out-dir /home/runner/work/aha-lang/aha-lang/target/debug/deps -L dependency=/home/runner/work/aha-lang/aha-lang/target/debug/deps --cap-lints allow`
build-and-test	Run cargo check	2026-08-20T19:50:36.4273189Z ^[[1m^[[92m     Running^[[0m `/home/runner/.rustup/toolchains/stable-x86_64-unknown-linux-gnu/bin/rustc --crate-name proc_macro2 --edition=2021 /home/runner/.cargo/registry/src/index.crates.io-1949cf8c6b5b557f/proc-macro2-1.0.107/src/lib.rs --error-format=json --json=diagnostic-rendered-ansi,artifacts,future-incompat --crate-type lib --emit=dep-info,metadata,link -C embed-bitcode=no --cfg 'feature="default"' --cfg 'feature="proc-macro"' --check-cfg 'cfg(docsrs,test)' --check-cfg 'cfg(feature, values("default", "nightly", "proc-macro", "span-locations"))' -C metadata=fdb800a20dd40a79 -C extra-filename=-de50a8b23b47ebfa --out-dir /home/runner/work/aha-lang/aha-lang/target/debug/deps -L dependency=/home/runner/work/aha-lang/aha-lang/target/debug/deps --extern unicode_ident=/home/runner/work/aha-lang/aha-lang/target/debug/deps/libunicode_ident-30c770f20c543060.rmeta --cap-lints allow --cfg wrap_proc_macro --cfg proc_macro_span_location --cfg proc_macro_span_file --check-cfg 'cfg(fuzzing)' --check-cfg 'cfg(no_is_available)' --check-cfg 'cfg(no_literal_byte_character)' --check-cfg 'cfg(no_literal_c_string)' --check-cfg 'cfg(no_source_text)' --check-cfg 'cfg(proc_macro_span)' --check-cfg 'cfg(proc_macro_span_file)' --check-cfg 'cfg(proc_macro_span_location)' --check-cfg 'cfg(procmacro2_backtrace)' --check-cfg 'cfg(procmacro2_build_probe)' --check-cfg 'cfg(procmacro2_nightly_testing)' --check-cfg 'cfg(procmacro2_semver_exempt)' --check-cfg 'cfg(randomize_layout)' --check-cfg 'cfg(span_locations)' --check-cfg 'cfg(super_unstable)' --check-cfg 'cfg(wrap_proc_macro)'`
build-and-test	Run cargo check	2026-08-20T19:50:36.5243882Z ^[[1m^[[92m   Compiling^[[0m aho-corasick v1.1.5
build-and-test	Run cargo check	2026-08-20T19:50:36.5298976Z ^[[1m^[[92m     Running^[[0m `/home/runner/.rustup/toolchains/stable-x86_64-unknown-linux-gnu/bin/rustc --crate-name aho_corasick --edition=2021 /home/runner/.cargo/registry/src/index.crates.io-1949cf8c6b5b557f/aho-corasick-1.1.5/src/lib.rs --error-format=json --json=diagnostic-rendered-ansi,artifacts,future-incompat --crate-type lib --emit=dep-info,metadata,link -C embed-bitcode=no --cfg 'feature="perf-literal"' --cfg 'feature="std"' --check-cfg 'cfg(docsrs,test)' --check-cfg 'cfg(feature, values("default", "logging", "perf-literal", "std"))' -C metadata=234974ca0b8a6222 -C extra-filename=-f671788b879fe6cb --out-dir /home/runner/work/aha-lang/aha-lang/target/debug/deps -L dependency=/home/runner/work/aha-lang/aha-lang/target/debug/deps --extern memchr=/home/runner/work/aha-lang/aha-lang/target/debug/deps/libmemchr-308272ea91ecb86d.rmeta --cap-lints allow`
build-and-test	Run cargo check	2026-08-20T19:50:36.8189662Z ^[[1m^[[92m     Running^[[0m `/home/runner/.rustup/toolchains/stable-x86_64-unknown-linux-gnu/bin/rustc --crate-name quote --edition=2021 /home/runner/.cargo/registry/src/index.crates.io-1949cf8c6b5b557f/quote-1.0.47/src/lib.rs --error-format=json --json=diagnostic-rendered-ansi,artifacts,future-incompat --crate-type lib --emit=dep-info,metadata,link -C embed-bitcode=no --cfg 'feature="default"' --cfg 'feature="proc-macro"' --check-cfg 'cfg(docsrs,test)' --check-cfg 'cfg(feature, values("default", "proc-macro"))' -C metadata=626fc0305c694087 -C extra-filename=-b44e0f0f61540336 --out-dir /home/runner/work/aha-lang/aha-lang/target/debug/deps -L dependency=/home/runner/work/aha-lang/aha-lang/target/debug/deps --extern proc_macro2=/home/runner/work/aha-lang/aha-lang/target/debug/deps/libproc_macro2-de50a8b23b47ebfa.rmeta --cap-lints allow --check-cfg 'cfg(no_diagnostic_namespace)'`
build-and-test	Run cargo check	2026-08-20T19:50:37.0223758Z ^[[1m^[[92m   Compiling^[[0m shlex v2.0.1
build-and-test	Run cargo check	2026-08-20T19:50:37.0242433Z ^[[1m^[[92m     Running^[[0m `/home/runner/.rustup/toolchains/stable-x86_64-unknown-linux-gnu/bin/rustc --crate-name shlex --edition=2018 /home/runner/.cargo/registry/src/index.crates.io-1949cf8c6b5b557f/shlex-2.0.1/src/lib.rs --error-format=json --json=diagnostic-rendered-ansi,artifacts,future-incompat --crate-type lib --emit=dep-info,metadata,link -C embed-bitcode=no --warn=unexpected_cfgs --check-cfg 'cfg(manual_codegen_check)' --cfg 'feature="default"' --cfg 'feature="std"' --check-cfg 'cfg(docsrs,test)' --check-cfg 'cfg(feature, values("default", "std"))' -C metadata=3b47586be0974be9 -C extra-filename=-b8ec2f2b274d33f9 --out-dir /home/runner/work/aha-lang/aha-lang/target/debug/deps -L dependency=/home/runner/work/aha-lang/aha-lang/target/debug/deps --cap-lints allow`
build-and-test	Run cargo check	2026-08-20T19:50:37.0283464Z ^[[1m^[[92m   Compiling^[[0m lazy_static v1.5.0
build-and-test	Run cargo check	2026-08-20T19:50:37.0288466Z ^[[1m^[[92m     Running^[[0m `/home/runner/.rustup/toolchains/stable-x86_64-unknown-linux-gnu/bin/rustc --crate-name lazy_static --edition=2015 /home/runner/.cargo/registry/src/index.crates.io-1949cf8c6b5b557f/lazy_static-1.5.0/src/lib.rs --error-format=json --json=diagnostic-rendered-ansi,artifacts,future-incompat --crate-type lib --emit=dep-info,metadata,link -C embed-bitcode=no --check-cfg 'cfg(docsrs,test)' --check-cfg 'cfg(feature, values("spin", "spin_no_std"))' -C metadata=6eb733bc0c7f3040 -C extra-filename=-e346fc31747beb41 --out-dir /home/runner/work/aha-lang/aha-lang/target/debug/deps -L dependency=/home/runner/work/aha-lang/aha-lang/target/debug/deps --cap-lints allow`
build-and-test	Run cargo check	2026-08-20T19:50:37.0874865Z ^[[1m^[[92m   Compiling^[[0m semver v1.0.28
build-and-test	Run cargo check	2026-08-20T19:50:37.0908716Z ^[[1m^[[92m     Running^[[0m `/home/runner/.rustup/toolchains/stable-x86_64-unknown-linux-gnu/bin/rustc --crate-name semver --edition=2021 /home/runner/.cargo/registry/src/index.crates.io-1949cf8c6b5b557f/semver-1.0.28/src/lib.rs --error-format=json --json=diagnostic-rendered-ansi,artifacts,future-incompat --crate-type lib --emit=dep-info,metadata,link -C embed-bitcode=no --cfg 'feature="default"' --cfg 'feature="std"' --check-cfg 'cfg(docsrs,test)' --check-cfg 'cfg(feature, values("default", "serde", "std"))' -C metadata=bc780cb0d9b5f0f8 -C extra-filename=-d792992248d2f121 --out-dir /home/runner/work/aha-lang/aha-lang/target/debug/deps -L dependency=/home/runner/work/aha-lang/aha-lang/target/debug/deps --cap-lints allow`
build-and-test	Run cargo check	2026-08-20T19:50:37.1439935Z ^[[1m^[[92m   Compiling^[[0m cc v1.4.3
build-and-test	Run cargo check	2026-08-20T19:50:37.1448702Z ^[[1m^[[92m     Running^[[0m `/home/runner/.rustup/toolchains/stable-x86_64-unknown-linux-gnu/bin/rustc --crate-name cc --edition=2021 /home/runner/.cargo/registry/src/index.crates.io-1949cf8c6b5b557f/cc-1.4.3/src/lib.rs --error-format=json --json=diagnostic-rendered-ansi,artifacts,future-incompat --crate-type lib --emit=dep-info,metadata,link -C embed-bitcode=no --allow=unexpected_cfgs '--warn=clippy::ptr_cast_constness' '--warn=clippy::ptr_as_ptr' --warn=missing_docs '--warn=clippy::manual_let_else' '--warn=clippy::doc_markdown' '--warn=clippy::disallowed_methods' '--warn=clippy::borrow_as_ptr' --check-cfg 'cfg(disable_clang_cl_tests)' --check-cfg 'cfg(docsrs,test)' --check-cfg 'cfg(feature, values("jobserver", "parallel"))' -C metadata=61ccd8406ba9fb56 -C extra-filename=-ea08ebda271721d0 --out-dir /home/runner/work/aha-lang/aha-lang/target/debug/deps -L dependency=/home/runner/work/aha-lang/aha-lang/target/debug/deps --extern find_msvc_tools=/home/runner/work/aha-lang/aha-lang/target/debug/deps/libfind_msvc_tools-b62ac041d4ab0fdb.rmeta --extern shlex=/home/runner/work/aha-lang/aha-lang/target/debug/deps/libshlex-b8ec2f2b274d33f9.rmeta --cap-lints allow`
build-and-test	Run cargo check	2026-08-20T19:50:37.3593880Z ^[[1m^[[92m   Compiling^[[0m syn v2.0.119
build-and-test	Run cargo check	2026-08-20T19:50:37.3640943Z ^[[1m^[[92m     Running^[[0m `/home/runner/.rustup/toolchains/stable-x86_64-unknown-linux-gnu/bin/rustc --crate-name syn --edition=2021 /home/runner/.cargo/registry/src/index.crates.io-1949cf8c6b5b557f/syn-2.0.119/src/lib.rs --error-format=json --json=diagnostic-rendered-ansi,artifacts,future-incompat --crate-type lib --emit=dep-info,metadata,link -C embed-bitcode=no --cfg 'feature="clone-impls"' --cfg 'feature="default"' --cfg 'feature="derive"' --cfg 'feature="fold"' --cfg 'feature="full"' --cfg 'feature="parsing"' --cfg 'feature="printing"' --cfg 'feature="proc-macro"' --check-cfg 'cfg(docsrs,test)' --check-cfg 'cfg(feature, values("clone-impls", "default", "derive", "extra-traits", "fold", "full", "parsing", "printing", "proc-macro", "test", "visit", "visit-mut"))' -C metadata=de25a55de9acccad -C extra-filename=-3eaa8359e22444e9 --out-dir /home/runner/work/aha-lang/aha-lang/target/debug/deps -L dependency=/home/runner/work/aha-lang/aha-lang/target/debug/deps --extern proc_macro2=/home/runner/work/aha-lang/aha-lang/target/debug/deps/libproc_macro2-de50a8b23b47ebfa.rmeta --extern quote=/home/runner/work/aha-lang/aha-lang/target/debug/deps/libquote-b44e0f0f61540336.rmeta --extern unicode_ident=/home/runner/work/aha-lang/aha-lang/target/debug/deps/libunicode_ident-30c770f20c543060.rmeta --cap-lints allow`
build-and-test	Run cargo check	2026-08-20T19:50:38.4424167Z ^[[1m^[[92m   Compiling^[[0m regex-automata v0.4.18
build-and-test	Run cargo check	2026-08-20T19:50:38.4466592Z ^[[1m^[[92m     Running^[[0m `/home/runner/.rustup/toolchains/stable-x86_64-unknown-linux-gnu/bin/rustc --crate-name regex_automata --edition=2021 /home/runner/.cargo/registry/src/index.crates.io-1949cf8c6b5b557f/regex-automata-0.4.18/src/lib.rs --error-format=json --json=diagnostic-rendered-ansi,artifacts,future-incompat --crate-type lib --emit=dep-info,metadata,link -C embed-bitcode=no --allow=unexpected_cfgs --check-cfg 'cfg(docsrs_regex)' --cfg 'feature="alloc"' --cfg 'feature="dfa-onepass"' --cfg 'feature="hybrid"' --cfg 'feature="meta"' --cfg 'feature="nfa-backtrack"' --cfg 'feature="nfa-pikevm"' --cfg 'feature="nfa-thompson"' --cfg 'feature="perf-inline"' --cfg 'feature="perf-literal"' --cfg 'feature="perf-literal-multisubstring"' --cfg 'feature="perf-literal-substring"' --cfg 'feature="std"' --cfg 'feature="syntax"' --cfg 'feature="unicode"' --cfg 'feature="unicode-age"' --cfg 'feature="unicode-bool"' --cfg 'feature="unicode-case"' --cfg 'feature="unicode-gencat"' --cfg 'feature="unicode-perl"' --cfg 'feature="unicode-script"' --cfg 'feature="unicode-segment"' --cfg 'feature="unicode-word-boundary"' --check-cfg 'cfg(docsrs,test)' --check-cfg 'cfg(feature, values("alloc", "default", "dfa", "dfa-build", "dfa-onepass", "dfa-search", "hybrid", "internal-instrument", "internal-instrument-pikevm", "logging", "meta", "nfa", "nfa-backtrack", "nfa-pikevm", "nfa-thompson", "perf", "perf-inline", "perf-literal", "perf-literal-multisubstring", "perf-literal-substring", "std", "syntax", "unicode", "unicode-age", "unicode-bool", "unicode-case", "unicode-gencat", "unicode-perl", "unicode-script", "unicode-segment", "unicode-word-boundary"))' -C metadata=19dd8aad906e6ab6 -C extra-filename=-89b4fa1d44ac4886 --out-dir /home/runner/work/aha-lang/aha-lang/target/debug/deps -L dependency=/home/runner/work/aha-lang/aha-lang/target/debug/deps --extern aho_corasick=/home/runner/work/aha-lang/aha-lang/target/debug/deps/libaho_corasick-f671788b879fe6cb.rmeta --extern memchr=/home/runner/work/aha-lang/aha-lang/target/debug/deps/libmemchr-308272ea91ecb86d.rmeta --extern regex_syntax=/home/runner/work/aha-lang/aha-lang/target/debug/deps/libregex_syntax-6e980b911ce74b76.rmeta --cap-lints allow`
build-and-test	Run cargo check	2026-08-20T19:50:38.5663847Z ^[[1m^[[92m   Compiling^[[0m libc v0.2.189
build-and-test	Run cargo check	2026-08-20T19:50:38.5710848Z ^[[1m^[[92m     Running^[[0m `/home/runner/.rustup/toolchains/stable-x86_64-unknown-linux-gnu/bin/rustc --crate-name build_script_build --edition=2021 /home/runner/.cargo/registry/src/index.crates.io-1949cf8c6b5b557f/libc-0.2.189/build.rs --error-format=json --json=diagnostic-rendered-ansi,artifacts,future-incompat --crate-type bin --emit=dep-info,link -C embed-bitcode=no --allow=unused_qualifications '--warn=clippy::unnecessary_semicolon' '--allow=clippy::unnecessary_cast' '--warn=clippy::ptr_as_ptr' '--allow=clippy::non_minimal_cfg' '--allow=clippy::missing_safety_doc' '--warn=clippy::map_unwrap_or' '--warn=clippy::manual_assert' '--allow=clippy::identity_op' '--warn=clippy::explicit_iter_loop' --cfg 'feature="default"' --cfg 'feature="std"' --check-cfg 'cfg(docsrs,test)' --check-cfg 'cfg(feature, values("align", "const-extern-fn", "default", "extra_traits", "rustc-dep-of-std", "rustc-std-workspace-core", "std", "use_std"))' -C metadata=a97dbfeccebe775a -C extra-filename=-5d26877971243624 --out-dir /home/runner/work/aha-lang/aha-lang/target/debug/build/libc-5d26877971243624 -L dependency=/home/runner/work/aha-lang/aha-lang/target/debug/deps --cap-lints allow`
build-and-test	Run cargo check	2026-08-20T19:50:38.7638870Z ^[[1m^[[92m    Checking^[[0m utf8parse v0.2.2
build-and-test	Run cargo check	2026-08-20T19:50:38.7667635Z ^[[1m^[[92m     Running^[[0m `/home/runner/.rustup/toolchains/stable-x86_64-unknown-linux-gnu/bin/rustc --crate-name utf8parse --edition=2018 /home/runner/.cargo/registry/src/index.crates.io-1949cf8c6b5b557f/utf8parse-0.2.2/src/lib.rs --error-format=json --json=diagnostic-rendered-ansi,artifacts,future-incompat --crate-type lib --emit=dep-info,metadata -C embed-bitcode=no -C debuginfo=2 --cfg 'feature="default"' --check-cfg 'cfg(docsrs,test)' --check-cfg 'cfg(feature, values("default", "nightly"))' -C metadata=f1b1867280bb1c37 -C extra-filename=-5c2360a30268ac05 --out-dir /home/runner/work/aha-lang/aha-lang/target/debug/deps -L dependency=/home/runner/work/aha-lang/aha-lang/target/debug/deps --cap-lints allow`
build-and-test	Run cargo check	2026-08-20T19:50:38.8077354Z ^[[1m^[[92m    Checking^[[0m anstyle-parse v1.0.0
build-and-test	Run cargo check	2026-08-20T19:50:38.8105385Z ^[[1m^[[92m     Running^[[0m `/home/runner/.rustup/toolchains/stable-x86_64-unknown-linux-gnu/bin/rustc --crate-name anstyle_parse --edition=2021 /home/runner/.cargo/registry/src/index.crates.io-1949cf8c6b5b557f/anstyle-parse-1.0.0/src/lib.rs --error-format=json --json=diagnostic-rendered-ansi,artifacts,future-incompat --crate-type lib --emit=dep-info,metadata -C embed-bitcode=no -C debuginfo=2 --warn=rust_2018_idioms '--warn=clippy::zero_sized_map_values' '--warn=clippy::wildcard_imports' '--warn=clippy::verbose_file_reads' --warn=unused_qualifications --warn=unused_macro_rules --warn=unused_lifetimes --warn=unsafe_op_in_unsafe_fn --warn=unreachable_pub --warn=unnameable_types '--warn=clippy::uninlined_format_args' '--warn=clippy::trait_duplication_in_bounds' '--warn=clippy::todo' '--warn=clippy::string_lit_as_bytes' '--warn=clippy::string_add_assign' '--warn=clippy::string_add' '--warn=clippy::str_to_string' '--warn=clippy::semicolon_if_nothing_returned' '--warn=clippy::self_named_module_files' '--warn=clippy::same_functions_in_if_condition' '--allow=clippy::result_large_err' '--warn=clippy::rest_pat_in_fully_bound_structs' '--warn=clippy::ref_option_ref' '--warn=clippy::redundant_feature_names' '--warn=clippy::rc_mutex' '--warn=clippy::ptr_as_ptr' '--warn=clippy::path_buf_push_overwrite' '--warn=clippy::negative_feature_names' '--warn=clippy::needless_for_each' '--allow=clippy::needless_continue' '--warn=clippy::mutex_integer' '--warn=clippy::mem_forget' '--warn=clippy::macro_use_imports' '--warn=clippy::lossy_float_literal' '--warn=clippy::linkedlist' '--allow=clippy::let_and_return' '--warn=clippy::large_types_passed_by_value' '--warn=clippy::large_stack_arrays' '--warn=clippy::large_digit_groups' '--warn=clippy::invalid_upcast_comparisons' '--warn=clippy::infinite_loop' '--warn=clippy::inefficient_to_string' '--warn=clippy::inconsistent_struct_constructor' '--warn=clippy::imprecise_flops' '--warn=clippy::implicit_clone' '--allow=clippy::if_same_then_else' '--warn=clippy::from_iter_instead_of_collect' '--warn=clippy::fn_params_excessive_bools' '--warn=clippy::float_cmp_const' '--warn=clippy::flat_map_option' '--warn=clippy::filter_map_next' '--warn=clippy::fallible_impl_from' '--warn=clippy::explicit_into_iter_loop' '--warn=clippy::explicit_deref_methods' '--warn=clippy::expl_impl_clone_on_copy' '--warn=clippy::enum_glob_use' '--warn=clippy::empty_enums' '--warn=clippy::doc_markdown' '--warn=clippy::debug_assert_with_mut_call' '--warn=clippy::dbg_macro' '--warn=clippy::create_dir' '--allow=clippy::collapsible_else_if' '--warn=clippy::checked_conversions' '--allow=clippy::branches_sharing_code' '--allow=clippy::bool_assert_comparison' --cfg 'feature="default"' --cfg 'feature="utf8"' --check-cfg 'cfg(docsrs,test)' --check-cfg 'cfg(feature, values("core", "default", "utf8"))' -C metadata=10de230767e95619 -C extra-filename=-e0b88f352c807416 --out-dir /home/runner/work/aha-lang/aha-lang/target/debug/deps -L dependency=/home/runner/work/aha-lang/aha-lang/target/debug/deps --extern utf8parse=/home/runner/work/aha-lang/aha-lang/target/debug/deps/libutf8parse-5c2360a30268ac05.rmeta --cap-lints allow`
build-and-test	Run cargo check	2026-08-20T19:50:38.8384187Z ^[[1m^[[92m     Running^[[0m `/home/runner/work/aha-lang/aha-lang/target/debug/build/libc-5d26877971243624/build-script-build`
build-and-test	Run cargo check	2026-08-20T19:50:38.8593823Z ^[[1m^[[92m    Checking^[[0m anstyle v1.0.14
build-and-test	Run cargo check	2026-08-20T19:50:38.8621601Z ^[[1m^[[92m     Running^[[0m `/home/runner/.rustup/toolchains/stable-x86_64-unknown-linux-gnu/bin/rustc --crate-name anstyle --edition=2021 /home/runner/.cargo/registry/src/index.crates.io-1949cf8c6b5b557f/anstyle-1.0.14/src/lib.rs --error-format=json --json=diagnostic-rendered-ansi,artifacts,future-incompat --crate-type lib --emit=dep-info,metadata -C embed-bitcode=no -C debuginfo=2 --warn=rust_2018_idioms '--warn=clippy::zero_sized_map_values' '--warn=clippy::wildcard_imports' '--warn=clippy::verbose_file_reads' --warn=unused_qualifications --warn=unused_macro_rules --warn=unused_lifetimes --warn=unsafe_op_in_unsafe_fn --warn=unreachable_pub --warn=unnameable_types '--warn=clippy::uninlined_format_args' '--warn=clippy::trait_duplication_in_bounds' '--warn=clippy::todo' '--warn=clippy::string_lit_as_bytes' '--warn=clippy::string_add_assign' '--warn=clippy::string_add' '--warn=clippy::str_to_string' '--warn=clippy::semicolon_if_nothing_returned' '--warn=clippy::self_named_module_files' '--warn=clippy::same_functions_in_if_condition' '--allow=clippy::result_large_err' '--warn=clippy::rest_pat_in_fully_bound_structs' '--warn=clippy::ref_option_ref' '--warn=clippy::redundant_feature_names' '--warn=clippy::rc_mutex' '--warn=clippy::ptr_as_ptr' '--warn=clippy::path_buf_push_overwrite' '--warn=clippy::negative_feature_names' '--warn=clippy::needless_for_each' '--allow=clippy::needless_continue' '--warn=clippy::mutex_integer' '--warn=clippy::mem_forget' '--warn=clippy::macro_use_imports' '--warn=clippy::lossy_float_literal' '--warn=clippy::linkedlist' '--allow=clippy::let_and_return' '--warn=clippy::large_types_passed_by_value' '--warn=clippy::large_stack_arrays' '--warn=clippy::large_digit_groups' '--warn=clippy::invalid_upcast_comparisons' '--warn=clippy::infinite_loop' '--warn=clippy::inefficient_to_string' '--warn=clippy::inconsistent_struct_constructor' '--warn=clippy::imprecise_flops' '--warn=clippy::implicit_clone' '--allow=clippy::if_same_then_else' '--warn=clippy::from_iter_instead_of_collect' '--warn=clippy::fn_params_excessive_bools' '--warn=clippy::float_cmp_const' '--warn=clippy::flat_map_option' '--warn=clippy::filter_map_next' '--warn=clippy::fallible_impl_from' '--warn=clippy::explicit_into_iter_loop' '--warn=clippy::explicit_deref_methods' '--warn=clippy::expl_impl_clone_on_copy' '--warn=clippy::enum_glob_use' '--warn=clippy::empty_enums' '--warn=clippy::doc_markdown' '--warn=clippy::debug_assert_with_mut_call' '--warn=clippy::dbg_macro' '--warn=clippy::create_dir' '--allow=clippy::collapsible_else_if' '--warn=clippy::checked_conversions' '--allow=clippy::branches_sharing_code' '--allow=clippy::bool_assert_comparison' --cfg 'feature="default"' --cfg 'feature="std"' --check-cfg 'cfg(docsrs,test)' --check-cfg 'cfg(feature, values("default", "std"))' -C metadata=4c65d27720b97c8a -C extra-filename=-00acefc822e9d5e9 --out-dir /home/runner/work/aha-lang/aha-lang/target/debug/deps -L dependency=/home/runner/work/aha-lang/aha-lang/target/debug/deps --cap-lints allow`
build-and-test	Run cargo check	2026-08-20T19:50:38.9191418Z ^[[1m^[[92m    Checking^[[0m anstyle-query v1.1.5
build-and-test	Run cargo check	2026-08-20T19:50:38.9223100Z ^[[1m^[[92m     Running^[[0m `/home/runner/.rustup/toolchains/stable-x86_64-unknown-linux-gnu/bin/rustc --crate-name anstyle_query --edition=2021 /home/runner/.cargo/registry/src/index.crates.io-1949cf8c6b5b557f/anstyle-query-1.1.5/src/lib.rs --error-format=json --json=diagnostic-rendered-ansi,artifacts,future-incompat --crate-type lib --emit=dep-info,metadata -C embed-bitcode=no -C debuginfo=2 --warn=rust_2018_idioms '--warn=clippy::zero_sized_map_values' '--warn=clippy::wildcard_imports' '--warn=clippy::verbose_file_reads' --warn=unused_qualifications --warn=unused_macro_rules --warn=unused_lifetimes --warn=unsafe_op_in_unsafe_fn --warn=unreachable_pub --warn=unnameable_types '--warn=clippy::uninlined_format_args' '--warn=clippy::trait_duplication_in_bounds' '--warn=clippy::todo' '--warn=clippy::string_lit_as_bytes' '--warn=clippy::string_add_assign' '--warn=clippy::string_add' '--warn=clippy::str_to_string' '--warn=clippy::semicolon_if_nothing_returned' '--warn=clippy::self_named_module_files' '--warn=clippy::same_functions_in_if_condition' '--allow=clippy::result_large_err' '--warn=clippy::rest_pat_in_fully_bound_structs' '--warn=clippy::ref_option_ref' '--warn=clippy::redundant_feature_names' '--warn=clippy::rc_mutex' '--warn=clippy::ptr_as_ptr' '--warn=clippy::path_buf_push_overwrite' '--warn=clippy::negative_feature_names' '--warn=clippy::needless_for_each' '--allow=clippy::needless_continue' '--warn=clippy::mutex_integer' '--warn=clippy::mem_forget' '--warn=clippy::macro_use_imports' '--warn=clippy::lossy_float_literal' '--warn=clippy::linkedlist' '--allow=clippy::let_and_return' '--warn=clippy::large_types_passed_by_value' '--warn=clippy::large_stack_arrays' '--warn=clippy::large_digit_groups' '--warn=clippy::invalid_upcast_comparisons' '--warn=clippy::infinite_loop' '--warn=clippy::inefficient_to_string' '--warn=clippy::inconsistent_struct_constructor' '--warn=clippy::imprecise_flops' '--warn=clippy::implicit_clone' '--allow=clippy::if_same_then_else' '--warn=clippy::from_iter_instead_of_collect' '--warn=clippy::fn_params_excessive_bools' '--warn=clippy::float_cmp_const' '--warn=clippy::flat_map_option' '--warn=clippy::filter_map_next' '--warn=clippy::fallible_impl_from' '--warn=clippy::explicit_into_iter_loop' '--warn=clippy::explicit_deref_methods' '--warn=clippy::expl_impl_clone_on_copy' '--warn=clippy::enum_glob_use' '--warn=clippy::empty_enum' '--warn=clippy::doc_markdown' '--warn=clippy::debug_assert_with_mut_call' '--warn=clippy::dbg_macro' '--warn=clippy::create_dir' '--allow=clippy::collapsible_else_if' '--warn=clippy::checked_conversions' '--allow=clippy::branches_sharing_code' '--allow=clippy::bool_assert_comparison' --check-cfg 'cfg(docsrs,test)' --check-cfg 'cfg(feature, values())' -C metadata=4f1302adca024c32 -C extra-filename=-198fbfe849ab02d0 --out-dir /home/runner/work/aha-lang/aha-lang/target/debug/deps -L dependency=/home/runner/work/aha-lang/aha-lang/target/debug/deps --cap-lints allow`
build-and-test	Run cargo check	2026-08-20T19:50:38.9690274Z ^[[1m^[[92m    Checking^[[0m colorchoice v1.0.5
build-and-test	Run cargo check	2026-08-20T19:50:38.9742700Z ^[[1m^[[92m     Running^[[0m `/home/runner/.rustup/toolchains/stable-x86_64-unknown-linux-gnu/bin/rustc --crate-name colorchoice --edition=2021 /home/runner/.cargo/registry/src/index.crates.io-1949cf8c6b5b557f/colorchoice-1.0.5/src/lib.rs --error-format=json --json=diagnostic-rendered-ansi,artifacts,future-incompat --crate-type lib --emit=dep-info,metadata -C embed-bitcode=no -C debuginfo=2 --warn=rust_2018_idioms '--warn=clippy::zero_sized_map_values' '--warn=clippy::wildcard_imports' '--warn=clippy::verbose_file_reads' --warn=unused_qualifications --warn=unused_macro_rules --warn=unused_lifetimes --warn=unsafe_op_in_unsafe_fn --warn=unreachable_pub --warn=unnameable_types '--warn=clippy::uninlined_format_args' '--warn=clippy::trait_duplication_in_bounds' '--warn=clippy::todo' '--warn=clippy::string_lit_as_bytes' '--warn=clippy::string_add_assign' '--warn=clippy::string_add' '--warn=clippy::str_to_string' '--warn=clippy::semicolon_if_nothing_returned' '--warn=clippy::self_named_module_files' '--warn=clippy::same_functions_in_if_condition' '--allow=clippy::result_large_err' '--warn=clippy::rest_pat_in_fully_bound_structs' '--warn=clippy::ref_option_ref' '--warn=clippy::redundant_feature_names' '--warn=clippy::rc_mutex' '--warn=clippy::ptr_as_ptr' '--warn=clippy::path_buf_push_overwrite' '--warn=clippy::negative_feature_names' '--warn=clippy::needless_for_each' '--allow=clippy::needless_continue' '--warn=clippy::mutex_integer' '--warn=clippy::mem_forget' '--warn=clippy::macro_use_imports' '--warn=clippy::lossy_float_literal' '--warn=clippy::linkedlist' '--allow=clippy::let_and_return' '--warn=clippy::large_types_passed_by_value' '--warn=clippy::large_stack_arrays' '--warn=clippy::large_digit_groups' '--warn=clippy::invalid_upcast_comparisons' '--warn=clippy::infinite_loop' '--warn=clippy::inefficient_to_string' '--warn=clippy::inconsistent_struct_constructor' '--warn=clippy::imprecise_flops' '--warn=clippy::implicit_clone' '--allow=clippy::if_same_then_else' '--warn=clippy::from_iter_instead_of_collect' '--warn=clippy::fn_params_excessive_bools' '--warn=clippy::float_cmp_const' '--warn=clippy::flat_map_option' '--warn=clippy::filter_map_next' '--warn=clippy::fallible_impl_from' '--warn=clippy::explicit_into_iter_loop' '--warn=clippy::explicit_deref_methods' '--warn=clippy::expl_impl_clone_on_copy' '--warn=clippy::enum_glob_use' '--warn=clippy::empty_enums' '--warn=clippy::doc_markdown' '--warn=clippy::debug_assert_with_mut_call' '--warn=clippy::dbg_macro' '--warn=clippy::create_dir' '--allow=clippy::collapsible_else_if' '--warn=clippy::checked_conversions' '--allow=clippy::branches_sharing_code' '--allow=clippy::bool_assert_comparison' --check-cfg 'cfg(docsrs,test)' --check-cfg 'cfg(feature, values())' -C metadata=8991702092c73cec -C extra-filename=-c0852c74a3171d92 --out-dir /home/runner/work/aha-lang/aha-lang/target/debug/deps -L dependency=/home/runner/work/aha-lang/aha-lang/target/debug/deps --cap-lints allow`
build-and-test	Run cargo check	2026-08-20T19:50:38.9993899Z ^[[1m^[[92m    Checking^[[0m is_terminal_polyfill v1.70.2
build-and-test	Run cargo check	2026-08-20T19:50:39.0041878Z ^[[1m^[[92m     Running^[[0m `/home/runner/.rustup/toolchains/stable-x86_64-unknown-linux-gnu/bin/rustc --crate-name is_terminal_polyfill --edition=2021 /home/runner/.cargo/registry/src/index.crates.io-1949cf8c6b5b557f/is_terminal_polyfill-1.70.2/src/lib.rs --error-format=json --json=diagnostic-rendered-ansi,artifacts,future-incompat --crate-type lib --emit=dep-info,metadata -C embed-bitcode=no -C debuginfo=2 '--warn=clippy::zero_sized_map_values' '--warn=clippy::wildcard_imports' '--warn=clippy::verbose_file_reads' --warn=unused_qualifications --warn=unused_macro_rules --warn=unused_lifetimes --warn=unsafe_op_in_unsafe_fn --warn=unreachable_pub '--warn=clippy::trait_duplication_in_bounds' '--warn=clippy::todo' '--warn=clippy::string_to_string' '--warn=clippy::string_lit_as_bytes' '--warn=clippy::string_add_assign' '--warn=clippy::string_add' '--warn=clippy::str_to_string' '--warn=clippy::single_match_else' '--warn=clippy::semicolon_if_nothing_returned' '--warn=clippy::self_named_module_files' '--warn=clippy::same_functions_in_if_condition' --warn=rust_2018_idioms '--warn=clippy::rest_pat_in_fully_bound_structs' '--warn=clippy::ref_option_ref' '--warn=clippy::redundant_feature_names' '--warn=clippy::rc_mutex' '--warn=clippy::ptr_as_ptr' '--warn=clippy::path_buf_push_overwrite' '--warn=clippy::negative_feature_names' '--warn=clippy::needless_for_each' '--warn=clippy::needless_continue' '--warn=clippy::mutex_integer' '--warn=clippy::mem_forget' '--warn=clippy::match_wildcard_for_single_variants' '--warn=clippy::macro_use_imports' '--warn=clippy::lossy_float_literal' '--warn=clippy::linkedlist' '--allow=clippy::let_and_return' '--warn=clippy::large_types_passed_by_value' '--warn=clippy::large_stack_arrays' '--warn=clippy::large_digit_groups' '--warn=clippy::invalid_upcast_comparisons' '--warn=clippy::infinite_loop' '--warn=clippy::inefficient_to_string' '--warn=clippy::inconsistent_struct_constructor' '--warn=clippy::imprecise_flops' '--warn=clippy::implicit_clone' '--allow=clippy::if_same_then_else' '--warn=clippy::from_iter_instead_of_collect' '--warn=clippy::fn_params_excessive_bools' '--warn=clippy::float_cmp_const' '--warn=clippy::flat_map_option' '--warn=clippy::filter_map_next' '--warn=clippy::fallible_impl_from' '--warn=clippy::explicit_into_iter_loop' '--warn=clippy::explicit_deref_methods' '--warn=clippy::expl_impl_clone_on_copy' '--warn=clippy::enum_glob_use' '--warn=clippy::empty_enum' '--warn=clippy::doc_markdown' '--warn=clippy::debug_assert_with_mut_call' '--warn=clippy::dbg_macro' '--warn=clippy::create_dir' '--allow=clippy::collapsible_else_if' '--warn=clippy::checked_conversions' '--allow=clippy::branches_sharing_code' '--allow=clippy::bool_assert_comparison' --cfg 'feature="default"' --check-cfg 'cfg(docsrs,test)' --check-cfg 'cfg(feature, values("default"))' -C metadata=38fce6270199a46e -C extra-filename=-9c7573639267fe8d --out-dir /home/runner/work/aha-lang/aha-lang/target/debug/deps -L dependency=/home/runner/work/aha-lang/aha-lang/target/debug/deps --cap-lints allow`
build-and-test	Run cargo check	2026-08-20T19:50:39.0183558Z ^[[1m^[[92m   Compiling^[[0m thiserror v1.0.69
build-and-test	Run cargo check	2026-08-20T19:50:39.0188708Z ^[[1m^[[92m     Running^[[0m `/home/runner/.rustup/toolchains/stable-x86_64-unknown-linux-gnu/bin/rustc --crate-name build_script_build --edition=2021 /home/runner/.cargo/registry/src/index.crates.io-1949cf8c6b5b557f/thiserror-1.0.69/build.rs --error-format=json --json=diagnostic-rendered-ansi,artifacts,future-incompat --crate-type bin --emit=dep-info,link -C embed-bitcode=no --check-cfg 'cfg(docsrs,test)' --check-cfg 'cfg(feature, values())' -C metadata=5083b4e2c24b1d92 -C extra-filename=-13a1f00207988aaa --out-dir /home/runner/work/aha-lang/aha-lang/target/debug/build/thiserror-13a1f00207988aaa -L dependency=/home/runner/work/aha-lang/aha-lang/target/debug/deps --cap-lints allow`
build-and-test	Run cargo check	2026-08-20T19:50:39.0384034Z ^[[1m^[[92m    Checking^[[0m anstream v1.0.0
build-and-test	Run cargo check	2026-08-20T19:50:39.0417745Z ^[[1m^[[92m     Running^[[0m `/home/runner/.rustup/toolchains/stable-x86_64-unknown-linux-gnu/bin/rustc --crate-name anstream --edition=2021 /home/runner/.cargo/registry/src/index.crates.io-1949cf8c6b5b557f/anstream-1.0.0/src/lib.rs --error-format=json --json=diagnostic-rendered-ansi,artifacts,future-incompat --crate-type lib --emit=dep-info,metadata -C embed-bitcode=no -C debuginfo=2 --warn=rust_2018_idioms '--warn=clippy::zero_sized_map_values' '--warn=clippy::wildcard_imports' '--warn=clippy::verbose_file_reads' --warn=unused_qualifications --warn=unused_macro_rules --warn=unused_lifetimes --warn=unsafe_op_in_unsafe_fn --warn=unreachable_pub --warn=unnameable_types '--warn=clippy::uninlined_format_args' '--warn=clippy::trait_duplication_in_bounds' '--warn=clippy::todo' '--warn=clippy::string_lit_as_bytes' '--warn=clippy::string_add_assign' '--warn=clippy::string_add' '--warn=clippy::str_to_string' '--warn=clippy::semicolon_if_nothing_returned' '--warn=clippy::self_named_module_files' '--warn=clippy::same_functions_in_if_condition' '--allow=clippy::result_large_err' '--warn=clippy::rest_pat_in_fully_bound_structs' '--warn=clippy::ref_option_ref' '--warn=clippy::redundant_feature_names' '--warn=clippy::rc_mutex' '--warn=clippy::ptr_as_ptr' '--warn=clippy::path_buf_push_overwrite' '--warn=clippy::negative_feature_names' '--warn=clippy::needless_for_each' '--allow=clippy::needless_continue' '--warn=clippy::mutex_integer' '--warn=clippy::mem_forget' '--warn=clippy::macro_use_imports' '--warn=clippy::lossy_float_literal' '--warn=clippy::linkedlist' '--allow=clippy::let_and_return' '--warn=clippy::large_types_passed_by_value' '--warn=clippy::large_stack_arrays' '--warn=clippy::large_digit_groups' '--warn=clippy::invalid_upcast_comparisons' '--warn=clippy::infinite_loop' '--warn=clippy::inefficient_to_string' '--warn=clippy::inconsistent_struct_constructor' '--warn=clippy::imprecise_flops' '--warn=clippy::implicit_clone' '--allow=clippy::if_same_then_else' '--warn=clippy::from_iter_instead_of_collect' '--warn=clippy::fn_params_excessive_bools' '--warn=clippy::float_cmp_const' '--warn=clippy::flat_map_option' '--warn=clippy::filter_map_next' '--warn=clippy::fallible_impl_from' '--warn=clippy::explicit_into_iter_loop' '--warn=clippy::explicit_deref_methods' '--warn=clippy::expl_impl_clone_on_copy' '--warn=clippy::enum_glob_use' '--warn=clippy::empty_enums' '--warn=clippy::doc_markdown' '--warn=clippy::debug_assert_with_mut_call' '--warn=clippy::dbg_macro' '--warn=clippy::create_dir' '--allow=clippy::collapsible_else_if' '--warn=clippy::checked_conversions' '--allow=clippy::branches_sharing_code' '--allow=clippy::bool_assert_comparison' --cfg 'feature="auto"' --cfg 'feature="default"' --cfg 'feature="wincon"' --check-cfg 'cfg(docsrs,test)' --check-cfg 'cfg(feature, values("auto", "default", "test", "wincon"))' -C metadata=eb764e9eedde0b5f -C extra-filename=-9333f3675e35f743 --out-dir /home/runner/work/aha-lang/aha-lang/target/debug/deps -L dependency=/home/runner/work/aha-lang/aha-lang/target/debug/deps --extern anstyle=/home/runner/work/aha-lang/aha-lang/target/debug/deps/libanstyle-00acefc822e9d5e9.rmeta --extern anstyle_parse=/home/runner/work/aha-lang/aha-lang/target/debug/deps/libanstyle_parse-e0b88f352c807416.rmeta --extern anstyle_query=/home/runner/work/aha-lang/aha-lang/target/debug/deps/libanstyle_query-198fbfe849ab02d0.rmeta --extern colorchoice=/home/runner/work/aha-lang/aha-lang/target/debug/deps/libcolorchoice-c0852c74a3171d92.rmeta --extern is_terminal_polyfill=/home/runner/work/aha-lang/aha-lang/target/debug/deps/libis_terminal_polyfill-9c7573639267fe8d.rmeta --extern utf8parse=/home/runner/work/aha-lang/aha-lang/target/debug/deps/libutf8parse-5c2360a30268ac05.rmeta --cap-lints allow`
build-and-test	Run cargo check	2026-08-20T19:50:39.2065515Z ^[[1m^[[92m     Running^[[0m `/home/runner/.rustup/toolchains/stable-x86_64-unknown-linux-gnu/bin/rustc --crate-name libc --edition=2021 /home/runner/.cargo/registry/src/index.crates.io-1949cf8c6b5b557f/libc-0.2.189/src/lib.rs --error-format=json --json=diagnostic-rendered-ansi,artifacts,future-incompat --crate-type lib --emit=dep-info,metadata -C embed-bitcode=no -C debuginfo=2 --allow=unused_qualifications '--warn=clippy::unnecessary_semicolon' '--allow=clippy::unnecessary_cast' '--warn=clippy::ptr_as_ptr' '--allow=clippy::non_minimal_cfg' '--allow=clippy::missing_safety_doc' '--warn=clippy::map_unwrap_or' '--warn=clippy::manual_assert' '--allow=clippy::identity_op' '--warn=clippy::explicit_iter_loop' --cfg 'feature="default"' --cfg 'feature="std"' --check-cfg 'cfg(docsrs,test)' --check-cfg 'cfg(feature, values("align", "const-extern-fn", "default", "extra_traits", "rustc-dep-of-std", "rustc-std-workspace-core", "std", "use_std"))' -C metadata=66f3ae93921a59a5 -C extra-filename=-fa81076d150fb7ae --out-dir /home/runner/work/aha-lang/aha-lang/target/debug/deps -L dependency=/home/runner/work/aha-lang/aha-lang/target/debug/deps --cap-lints allow --cfg freebsd12 --check-cfg 'cfg(emscripten_old_stat_abi)' --check-cfg 'cfg(espidf_picolibc)' --check-cfg 'cfg(espidf_time32)' --check-cfg 'cfg(freebsd10)' --check-cfg 'cfg(freebsd11)' --check-cfg 'cfg(freebsd12)' --check-cfg 'cfg(freebsd13)' --check-cfg 'cfg(freebsd14)' --check-cfg 'cfg(freebsd15)' --check-cfg 'cfg(gnu_file_offset_bits64)' --check-cfg 'cfg(gnu_time_bits64)' --check-cfg 'cfg(libc_deny_warnings)' --check-cfg 'cfg(linux_time_bits64)' --check-cfg 'cfg(musl_v1_2_3)' --check-cfg 'cfg(musl32_time64)' --check-cfg 'cfg(musl_redir_time64)' --check-cfg 'cfg(vxworks_lt_25_09)' --check-cfg 'cfg(libc_pauthtest)' --check-cfg 'cfg(target_os,values("switch","aix","ohos","hurd","rtems","visionos","nuttx","cygwin","qurt","qnx"))' --check-cfg 'cfg(target_env,values("illumos","wasi","aix","ohos","nto71_iosock"))' --check-cfg 'cfg(target_arch,values("loongarch64","mips32r6","mips64r6","csky"))'`
build-and-test	Run cargo check	2026-08-20T19:50:39.2534345Z ^[[1m^[[92m     Running^[[0m `/home/runner/work/aha-lang/aha-lang/target/debug/build/thiserror-13a1f00207988aaa/build-script-build`
build-and-test	Run cargo check	2026-08-20T19:50:39.3023824Z ^[[1m^[[92m   Compiling^[[0m syn v3.0.3
build-and-test	Run cargo check	2026-08-20T19:50:39.3051478Z ^[[1m^[[92m     Running^[[0m `/home/runner/.rustup/toolchains/stable-x86_64-unknown-linux-gnu/bin/rustc --crate-name syn --edition=2021 /home/runner/.cargo/registry/src/index.crates.io-1949cf8c6b5b557f/syn-3.0.3/src/lib.rs --error-format=json --json=diagnostic-rendered-ansi,artifacts,future-incompat --crate-type lib --emit=dep-info,metadata,link -C embed-bitcode=no --cfg 'feature="clone-impls"' --cfg 'feature="default"' --cfg 'feature="derive"' --cfg 'feature="full"' --cfg 'feature="parsing"' --cfg 'feature="printing"' --cfg 'feature="proc-macro"' --check-cfg 'cfg(docsrs,test)' --check-cfg 'cfg(feature, values("clone-impls", "default", "derive", "extra-traits", "fold", "full", "parsing", "printing", "proc-macro", "test", "visit", "visit-mut"))' -C metadata=f321ec6d5217908d -C extra-filename=-5ff548c67e04fc8a --out-dir /home/runner/work/aha-lang/aha-lang/target/debug/deps -L dependency=/home/runner/work/aha-lang/aha-lang/target/debug/deps --extern proc_macro2=/home/runner/work/aha-lang/aha-lang/target/debug/deps/libproc_macro2-de50a8b23b47ebfa.rmeta --extern quote=/home/runner/work/aha-lang/aha-lang/target/debug/deps/libquote-b44e0f0f61540336.rmeta --extern unicode_ident=/home/runner/work/aha-lang/aha-lang/target/debug/deps/libunicode_ident-30c770f20c543060.rmeta --cap-lints allow`
build-and-test	Run cargo check	2026-08-20T19:50:40.1527324Z ^[[1m^[[92m   Compiling^[[0m heck v0.5.0
build-and-test	Run cargo check	2026-08-20T19:50:40.1587710Z ^[[1m^[[92m     Running^[[0m `/home/runner/.rustup/toolchains/stable-x86_64-unknown-linux-gnu/bin/rustc --crate-name heck --edition=2021 /home/runner/.cargo/registry/src/index.crates.io-1949cf8c6b5b557f/heck-0.5.0/src/lib.rs --error-format=json --json=diagnostic-rendered-ansi,artifacts,future-incompat --crate-type lib --emit=dep-info,metadata,link -C embed-bitcode=no --check-cfg 'cfg(docsrs,test)' --check-cfg 'cfg(feature, values())' -C metadata=3fcf8eebd012677e -C extra-filename=-9e7d86b5b43a0416 --out-dir /home/runner/work/aha-lang/aha-lang/target/debug/deps -L dependency=/home/runner/work/aha-lang/aha-lang/target/debug/deps --cap-lints allow`
build-and-test	Run cargo check	2026-08-20T19:50:40.3165644Z ^[[1m^[[92m    Checking^[[0m strsim v0.11.1
build-and-test	Run cargo check	2026-08-20T19:50:40.3188737Z ^[[1m^[[92m     Running^[[0m `/home/runner/.rustup/toolchains/stable-x86_64-unknown-linux-gnu/bin/rustc --crate-name strsim --edition=2015 /home/runner/.cargo/registry/src/index.crates.io-1949cf8c6b5b557f/strsim-0.11.1/src/lib.rs --error-format=json --json=diagnostic-rendered-ansi,artifacts,future-incompat --crate-type lib --emit=dep-info,metadata -C embed-bitcode=no -C debuginfo=2 --check-cfg 'cfg(docsrs,test)' --check-cfg 'cfg(feature, values())' -C metadata=3e3f86bb62242ea0 -C extra-filename=-350539075733e214 --out-dir /home/runner/work/aha-lang/aha-lang/target/debug/deps -L dependency=/home/runner/work/aha-lang/aha-lang/target/debug/deps --cap-lints allow`
build-and-test	Run cargo check	2026-08-20T19:50:40.4311275Z ^[[1m^[[92m   Compiling^[[0m inkwell v0.4.0
build-and-test	Run cargo check	2026-08-20T19:50:40.4362036Z ^[[1m^[[92m     Running^[[0m `/home/runner/.rustup/toolchains/stable-x86_64-unknown-linux-gnu/bin/rustc --crate-name build_script_build --edition=2021 /home/runner/.cargo/registry/src/index.crates.io-1949cf8c6b5b557f/inkwell-0.4.0/build.rs --error-format=json --json=diagnostic-rendered-ansi,artifacts,future-incompat --crate-type bin --emit=dep-info,link -C embed-bitcode=no --cfg 'feature="default"' --cfg 'feature="llvm-sys-140"' --cfg 'feature="llvm14-0"' --cfg 'feature="target-aarch64"' --cfg 'feature="target-all"' --cfg 'feature="target-amdgpu"' --cfg 'feature="target-arm"' --cfg 'feature="target-bpf"' --cfg 'feature="target-hexagon"' --cfg 'feature="target-lanai"' --cfg 'feature="target-loongarch"' --cfg 'feature="target-mips"' --cfg 'feature="target-msp430"' --cfg 'feature="target-nvptx"' --cfg 'feature="target-powerpc"' --cfg 'feature="target-riscv"' --cfg 'feature="target-sparc"' --cfg 'feature="target-systemz"' --cfg 'feature="target-webassembly"' --cfg 'feature="target-x86"' --cfg 'feature="target-xcore"' --check-cfg 'cfg(docsrs,test)' --check-cfg 'cfg(feature, values("default", "experimental", "llvm-sys-100", "llvm-sys-110", "llvm-sys-120", "llvm-sys-130", "llvm-sys-140", "llvm-sys-150", "llvm-sys-160", "llvm-sys-170", "llvm-sys-40", "llvm-sys-50", "llvm-sys-60", "llvm-sys-70", "llvm-sys-80", "llvm-sys-90", "llvm10-0", "llvm10-0-no-llvm-linking", "llvm11-0", "llvm11-0-no-llvm-linking", "llvm12-0", "llvm12-0-force-dynamic", "llvm12-0-force-static", "llvm12-0-no-llvm-linking", "llvm12-0-prefer-dynamic", "llvm12-0-prefer-static", "llvm13-0", "llvm13-0-force-dynamic", "llvm13-0-force-static", "llvm13-0-no-llvm-linking", "llvm13-0-prefer-dynamic", "llvm13-0-prefer-static", "llvm14-0", "llvm14-0-force-dynamic", "llvm14-0-force-static", "llvm14-0-no-llvm-linking", "llvm14-0-prefer-dynamic", "llvm14-0-prefer-static", "llvm15-0", "llvm15-0-force-dynamic", "llvm15-0-force-static", "llvm15-0-no-llvm-linking", "llvm15-0-prefer-dynamic", "llvm15-0-prefer-static", "llvm16-0", "llvm16-0-force-dynamic", "llvm16-0-force-static", "llvm16-0-no-llvm-linking", "llvm16-0-prefer-dynamic", "llvm16-0-prefer-static", "llvm17-0", "llvm17-0-force-dynamic", "llvm17-0-force-static", "llvm17-0-no-llvm-linking", "llvm17-0-prefer-dynamic", "llvm17-0-prefer-static", "llvm4-0", "llvm4-0-no-llvm-linking", "llvm5-0", "llvm5-0-no-llvm-linking", "llvm6-0", "llvm6-0-no-llvm-linking", "llvm7-0", "llvm7-0-no-llvm-linking", "llvm8-0", "llvm8-0-no-llvm-linking", "llvm9-0", "llvm9-0-no-llvm-linking", "nightly", "no-libffi-linking", "static-alloc", "target-aarch64", "target-all", "target-amdgpu", "target-arm", "target-bpf", "target-hexagon", "target-lanai", "target-loongarch", "target-mips", "target-msp430", "target-nvptx", "target-powerpc", "target-riscv", "target-sparc", "target-syncvm", "target-systemz", "target-webassembly", "target-x86", "target-xcore"))' -C metadata=8654bd4307b4234c -C extra-filename=-a8c5e43fe8515b9c --out-dir /home/runner/work/aha-lang/aha-lang/target/debug/build/inkwell-a8c5e43fe8515b9c -L dependency=/home/runner/work/aha-lang/aha-lang/target/debug/deps --cap-lints allow`
build-and-test	Run cargo check	2026-08-20T19:50:40.5565954Z ^[[1m^[[92m    Checking^[[0m clap_lex v1.1.0
build-and-test	Run cargo check	2026-08-20T19:50:40.5604110Z ^[[1m^[[92m     Running^[[0m `/home/runner/.rustup/toolchains/stable-x86_64-unknown-linux-gnu/bin/rustc --crate-name clap_lex --edition=2024 /home/runner/.cargo/registry/src/index.crates.io-1949cf8c6b5b557f/clap_lex-1.1.0/src/lib.rs --error-format=json --json=diagnostic-rendered-ansi,artifacts,future-incompat --crate-type lib --emit=dep-info,metadata -C embed-bitcode=no -C debuginfo=2 --warn=rust_2018_idioms '--warn=clippy::zero_sized_map_values' '--warn=clippy::verbose_file_reads' --warn=unused_qualifications --warn=unused_macro_rules --warn=unused_lifetimes --warn=unsafe_op_in_unsafe_fn --warn=unreachable_pub --allow=unnameable_types '--warn=clippy::uninlined_format_args' '--warn=clippy::trait_duplication_in_bounds' '--warn=clippy::todo' '--warn=clippy::string_lit_as_bytes' '--warn=clippy::string_add_assign' '--warn=clippy::semicolon_if_nothing_returned' '--warn=clippy::self_named_module_files' '--warn=clippy::same_functions_in_if_condition' '--allow=clippy::result_large_err' '--warn=clippy::rest_pat_in_fully_bound_structs' '--warn=clippy::ref_option_ref' '--warn=clippy::redundant_feature_names' '--warn=clippy::rc_mutex' '--warn=clippy::ptr_as_ptr' '--warn=clippy::path_buf_push_overwrite' '--warn=clippy::negative_feature_names' '--warn=clippy::needless_for_each' '--allow=clippy::needless_continue' '--warn=clippy::mutex_integer' '--allow=clippy::multiple_bound_locations' '--warn=clippy::mem_forget' '--warn=clippy::macro_use_imports' '--warn=clippy::lossy_float_literal' '--warn=clippy::linkedlist' '--allow=clippy::let_and_return' '--warn=clippy::large_types_passed_by_value' '--warn=clippy::large_stack_arrays' '--warn=clippy::large_digit_groups' '--warn=clippy::invalid_upcast_comparisons' '--warn=clippy::infinite_loop' '--warn=clippy::inefficient_to_string' '--warn=clippy::inconsistent_struct_constructor' '--warn=clippy::imprecise_flops' '--warn=clippy::implicit_clone' '--allow=clippy::if_same_then_else' '--warn=clippy::from_iter_instead_of_collect' '--warn=clippy::fn_params_excessive_bools' '--warn=clippy::float_cmp_const' '--warn=clippy::flat_map_option' '--warn=clippy::filter_map_next' '--warn=clippy::fallible_impl_from' '--warn=clippy::explicit_into_iter_loop' '--warn=clippy::explicit_deref_methods' '--warn=clippy::expl_impl_clone_on_copy' '--warn=clippy::enum_glob_use' '--warn=clippy::empty_enums' '--warn=clippy::doc_markdown' '--warn=clippy::debug_assert_with_mut_call' '--warn=clippy::dbg_macro' '--warn=clippy::create_dir' '--allow=clippy::collapsible_else_if' '--warn=clippy::checked_conversions' '--allow=clippy::branches_sharing_code' '--allow=clippy::bool_assert_comparison' '--allow=clippy::blocks_in_conditions' '--allow=clippy::assigning_clones' --check-cfg 'cfg(docsrs,test)' --check-cfg 'cfg(feature, values())' -C metadata=4b0dd26a6384ea9f -C extra-filename=-a1262fa2de88e2dc --out-dir /home/runner/work/aha-lang/aha-lang/target/debug/deps -L dependency=/home/runner/work/aha-lang/aha-lang/target/debug/deps --cap-lints allow`
build-and-test	Run cargo check	2026-08-20T19:50:40.6573068Z ^[[1m^[[92m   Compiling^[[0m regex v1.13.1
build-and-test	Run cargo check	2026-08-20T19:50:40.6586840Z ^[[1m^[[92m     Running^[[0m `/home/runner/.rustup/toolchains/stable-x86_64-unknown-linux-gnu/bin/rustc --crate-name regex --edition=2021 /home/runner/.cargo/registry/src/index.crates.io-1949cf8c6b5b557f/regex-1.13.1/src/lib.rs --error-format=json --json=diagnostic-rendered-ansi,artifacts,future-incompat --crate-type lib --emit=dep-info,metadata,link -C embed-bitcode=no --allow=unexpected_cfgs --check-cfg 'cfg(docsrs_regex)' --cfg 'feature="default"' --cfg 'feature="perf"' --cfg 'feature="perf-backtrack"' --cfg 'feature="perf-cache"' --cfg 'feature="perf-dfa"' --cfg 'feature="perf-inline"' --cfg 'feature="perf-literal"' --cfg 'feature="perf-onepass"' --cfg 'feature="std"' --cfg 'feature="unicode"' --cfg 'feature="unicode-age"' --cfg 'feature="unicode-bool"' --cfg 'feature="unicode-case"' --cfg 'feature="unicode-gencat"' --cfg 'feature="unicode-perl"' --cfg 'feature="unicode-script"' --cfg 'feature="unicode-segment"' --check-cfg 'cfg(docsrs,test)' --check-cfg 'cfg(feature, values("default", "logging", "pattern", "perf", "perf-backtrack", "perf-cache", "perf-dfa", "perf-dfa-full", "perf-inline", "perf-literal", "perf-onepass", "std", "unicode", "unicode-age", "unicode-bool", "unicode-case", "unicode-gencat", "unicode-perl", "unicode-script", "unicode-segment", "unstable", "use_std"))' -C metadata=069685047b1f84eb -C extra-filename=-a51ddb8ea060889c --out-dir /home/runner/work/aha-lang/aha-lang/target/debug/deps -L dependency=/home/runner/work/aha-lang/aha-lang/target/debug/deps --extern aho_corasick=/home/runner/work/aha-lang/aha-lang/target/debug/deps/libaho_corasick-f671788b879fe6cb.rmeta --extern memchr=/home/runner/work/aha-lang/aha-lang/target/debug/deps/libmemchr-308272ea91ecb86d.rmeta --extern regex_automata=/home/runner/work/aha-lang/aha-lang/target/debug/deps/libregex_automata-89b4fa1d44ac4886.rmeta --extern regex_syntax=/home/runner/work/aha-lang/aha-lang/target/debug/deps/libregex_syntax-6e980b911ce74b76.rmeta --cap-lints allow`
build-and-test	Run cargo check	2026-08-20T19:50:41.0553798Z ^[[1m^[[92m    Checking^[[0m clap_builder v4.6.6
build-and-test	Run cargo check	2026-08-20T19:50:41.0605653Z ^[[1m^[[92m     Running^[[0m `/home/runner/.rustup/toolchains/stable-x86_64-unknown-linux-gnu/bin/rustc --crate-name clap_builder --edition=2024 /home/runner/.cargo/registry/src/index.crates.io-1949cf8c6b5b557f/clap_builder-4.6.6/src/lib.rs --error-format=json --json=diagnostic-rendered-ansi,artifacts,future-incompat --crate-type lib --emit=dep-info,metadata -C embed-bitcode=no -C debuginfo=2 --warn=rust_2018_idioms '--warn=clippy::zero_sized_map_values' '--warn=clippy::verbose_file_reads' --warn=unused_qualifications --warn=unused_macro_rules --warn=unused_lifetimes --warn=unsafe_op_in_unsafe_fn --warn=unreachable_pub --allow=unnameable_types '--warn=clippy::uninlined_format_args' '--warn=clippy::trait_duplication_in_bounds' '--warn=clippy::todo' '--warn=clippy::string_lit_as_bytes' '--warn=clippy::string_add_assign' '--warn=clippy::string_add' '--warn=clippy::str_to_string' '--warn=clippy::semicolon_if_nothing_returned' '--warn=clippy::self_named_module_files' '--warn=clippy::same_functions_in_if_condition' '--allow=clippy::result_large_err' '--warn=clippy::rest_pat_in_fully_bound_structs' '--warn=clippy::ref_option_ref' '--warn=clippy::redundant_feature_names' '--warn=clippy::rc_mutex' '--warn=clippy::ptr_as_ptr' '--warn=clippy::path_buf_push_overwrite' '--warn=clippy::negative_feature_names' '--warn=clippy::needless_for_each' '--allow=clippy::needless_continue' '--warn=clippy::mutex_integer' '--allow=clippy::multiple_bound_locations' '--warn=clippy::mem_forget' '--warn=clippy::macro_use_imports' '--warn=clippy::lossy_float_literal' '--warn=clippy::linkedlist' '--allow=clippy::let_and_return' '--warn=clippy::large_types_passed_by_value' '--warn=clippy::large_stack_arrays' '--warn=clippy::large_digit_groups' '--warn=clippy::invalid_upcast_comparisons' '--warn=clippy::infinite_loop' '--warn=clippy::inefficient_to_string' '--warn=clippy::inconsistent_struct_constructor' '--warn=clippy::imprecise_flops' '--warn=clippy::implicit_clone' '--allow=clippy::if_same_then_else' '--warn=clippy::from_iter_instead_of_collect' '--warn=clippy::fn_params_excessive_bools' '--warn=clippy::float_cmp_const' '--warn=clippy::flat_map_option' '--warn=clippy::filter_map_next' '--warn=clippy::fallible_impl_from' '--warn=clippy::explicit_into_iter_loop' '--warn=clippy::explicit_deref_methods' '--warn=clippy::expl_impl_clone_on_copy' '--warn=clippy::enum_glob_use' '--warn=clippy::empty_enums' '--warn=clippy::doc_markdown' '--warn=clippy::debug_assert_with_mut_call' '--warn=clippy::dbg_macro' '--warn=clippy::create_dir' '--allow=clippy::collapsible_else_if' '--warn=clippy::checked_conversions' '--allow=clippy::branches_sharing_code' '--allow=clippy::bool_assert_comparison' '--allow=clippy::blocks_in_conditions' '--allow=clippy::assigning_clones' --cfg 'feature="color"' --cfg 'feature="error-context"' --cfg 'feature="help"' --cfg 'feature="std"' --cfg 'feature="suggestions"' --cfg 'feature="usage"' --check-cfg 'cfg(docsrs,test)' --check-cfg 'cfg(feature, values("cargo", "color", "debug", "default", "deprecated", "env", "error-context", "help", "std", "string", "suggestions", "unicode", "unstable-doc", "unstable-ext", "unstable-styles", "unstable-v5", "usage", "wrap_help"))' -C metadata=32b6a3e1764c71ba -C extra-filename=-de8773cadf746c9b --out-dir /home/runner/work/aha-lang/aha-lang/target/debug/deps -L dependency=/home/runner/work/aha-lang/aha-lang/target/debug/deps --extern anstream=/home/runner/work/aha-lang/aha-lang/target/debug/deps/libanstream-9333f3675e35f743.rmeta --extern anstyle=/home/runner/work/aha-lang/aha-lang/target/debug/deps/libanstyle-00acefc822e9d5e9.rmeta --extern clap_lex=/home/runner/work/aha-lang/aha-lang/target/debug/deps/libclap_lex-a1262fa2de88e2dc.rmeta --extern strsim=/home/runner/work/aha-lang/aha-lang/target/debug/deps/libstrsim-350539075733e214.rmeta --cap-lints allow`
build-and-test	Run cargo check	2026-08-20T19:50:41.4076006Z ^[[1m^[[92m   Compiling^[[0m thiserror-impl v1.0.69
build-and-test	Run cargo check	2026-08-20T19:50:41.4099214Z ^[[1m^[[92m     Running^[[0m `/home/runner/.rustup/toolchains/stable-x86_64-unknown-linux-gnu/bin/rustc --crate-name thiserror_impl --edition=2021 /home/runner/.cargo/registry/src/index.crates.io-1949cf8c6b5b557f/thiserror-impl-1.0.69/src/lib.rs --error-format=json --json=diagnostic-rendered-ansi,artifacts,future-incompat --crate-type proc-macro --emit=dep-info,link -C prefer-dynamic -C embed-bitcode=no --check-cfg 'cfg(docsrs,test)' --check-cfg 'cfg(feature, values())' -C metadata=1f94b8e25d0493eb -C extra-filename=-d6c02c9577217913 --out-dir /home/runner/work/aha-lang/aha-lang/target/debug/deps -L dependency=/home/runner/work/aha-lang/aha-lang/target/debug/deps --extern proc_macro2=/home/runner/work/aha-lang/aha-lang/target/debug/deps/libproc_macro2-de50a8b23b47ebfa.rlib --extern quote=/home/runner/work/aha-lang/aha-lang/target/debug/deps/libquote-b44e0f0f61540336.rlib --extern syn=/home/runner/work/aha-lang/aha-lang/target/debug/deps/libsyn-3eaa8359e22444e9.rlib --extern proc_macro --cap-lints allow`
build-and-test	Run cargo check	2026-08-20T19:50:41.8283019Z ^[[1m^[[92m   Compiling^[[0m llvm-sys v140.1.3
build-and-test	Run cargo check	2026-08-20T19:50:41.8324019Z ^[[1m^[[92m     Running^[[0m `/home/runner/.rustup/toolchains/stable-x86_64-unknown-linux-gnu/bin/rustc --crate-name build_script_build --edition=2015 /home/runner/.cargo/registry/src/index.crates.io-1949cf8c6b5b557f/llvm-sys-140.1.3/build.rs --error-format=json --json=diagnostic-rendered-ansi,artifacts,future-incompat --crate-type bin --emit=dep-info,link -C embed-bitcode=no --check-cfg 'cfg(docsrs,test)' --check-cfg 'cfg(feature, values("clang-sys", "disable-alltargets-init", "force-dynamic", "force-static", "no-llvm-linking", "prefer-dynamic", "prefer-static", "strict-versioning", "tempfile"))' -C metadata=d1e03c022d5bf064 -C extra-filename=-b9039b20aa6382be --out-dir /home/runner/work/aha-lang/aha-lang/target/debug/build/llvm-sys-b9039b20aa6382be -L dependency=/home/runner/work/aha-lang/aha-lang/target/debug/deps --extern cc=/home/runner/work/aha-lang/aha-lang/target/debug/deps/libcc-ea08ebda271721d0.rlib --extern lazy_static=/home/runner/work/aha-lang/aha-lang/target/debug/deps/liblazy_static-e346fc31747beb41.rlib --extern regex=/home/runner/work/aha-lang/aha-lang/target/debug/deps/libregex-a51ddb8ea060889c.rlib --extern semver=/home/runner/work/aha-lang/aha-lang/target/debug/deps/libsemver-d792992248d2f121.rlib --cap-lints allow`
build-and-test	Run cargo check	2026-08-20T19:50:42.2941346Z ^[[1m^[[92m     Running^[[0m `/home/runner/work/aha-lang/aha-lang/target/debug/build/llvm-sys-b9039b20aa6382be/build-script-build`
build-and-test	Run cargo check	2026-08-20T19:50:42.4504467Z ^[[1m^[[92m   Compiling^[[0m inkwell_internals v0.9.0
build-and-test	Run cargo check	2026-08-20T19:50:42.4521007Z ^[[1m^[[92m     Running^[[0m `/home/runner/.rustup/toolchains/stable-x86_64-unknown-linux-gnu/bin/rustc --crate-name inkwell_internals --edition=2021 /home/runner/.cargo/registry/src/index.crates.io-1949cf8c6b5b557f/inkwell_internals-0.9.0/src/lib.rs --error-format=json --json=diagnostic-rendered-ansi,artifacts,future-incompat --crate-type proc-macro --emit=dep-info,link -C prefer-dynamic -C embed-bitcode=no --check-cfg 'cfg(docsrs,test)' --check-cfg 'cfg(feature, values("nightly"))' -C metadata=dfdf520f0ba9158c -C extra-filename=-92b0be02b59a957c --out-dir /home/runner/work/aha-lang/aha-lang/target/debug/deps -L dependency=/home/runner/work/aha-lang/aha-lang/target/debug/deps --extern proc_macro2=/home/runner/work/aha-lang/aha-lang/target/debug/deps/libproc_macro2-de50a8b23b47ebfa.rlib --extern quote=/home/runner/work/aha-lang/aha-lang/target/debug/deps/libquote-b44e0f0f61540336.rlib --extern syn=/home/runner/work/aha-lang/aha-lang/target/debug/deps/libsyn-3eaa8359e22444e9.rlib --extern proc_macro --cap-lints allow`
build-and-test	Run cargo check	2026-08-20T19:50:42.4607694Z ^[[1m^[[92m     Running^[[0m `/home/runner/.rustup/toolchains/stable-x86_64-unknown-linux-gnu/bin/rustc --crate-name thiserror --edition=2021 /home/runner/.cargo/registry/src/index.crates.io-1949cf8c6b5b557f/thiserror-1.0.69/src/lib.rs --error-format=json --json=diagnostic-rendered-ansi,artifacts,future-incompat --crate-type lib --emit=dep-info,metadata -C embed-bitcode=no -C debuginfo=2 --check-cfg 'cfg(docsrs,test)' --check-cfg 'cfg(feature, values())' -C metadata=196253daa00a454f -C extra-filename=-684c5b4c42da0141 --out-dir /home/runner/work/aha-lang/aha-lang/target/debug/deps -L dependency=/home/runner/work/aha-lang/aha-lang/target/debug/deps --extern thiserror_impl=/home/runner/work/aha-lang/aha-lang/target/debug/deps/libthiserror_impl-d6c02c9577217913.so --cap-lints allow --check-cfg 'cfg(error_generic_member_access)' --check-cfg 'cfg(thiserror_nightly_testing)'`
build-and-test	Run cargo check	2026-08-20T19:50:42.5024664Z ^[[1m^[[92m    Checking^[[0m once_cell v1.21.4
build-and-test	Run cargo check	2026-08-20T19:50:42.5046680Z ^[[1m^[[92m     Running^[[0m `/home/runner/.rustup/toolchains/stable-x86_64-unknown-linux-gnu/bin/rustc --crate-name once_cell --edition=2021 /home/runner/.cargo/registry/src/index.crates.io-1949cf8c6b5b557f/once_cell-1.21.4/src/lib.rs --error-format=json --json=diagnostic-rendered-ansi,artifacts,future-incompat --crate-type lib --emit=dep-info,metadata -C embed-bitcode=no -C debuginfo=2 --cfg 'feature="alloc"' --cfg 'feature="default"' --cfg 'feature="race"' --cfg 'feature="std"' --check-cfg 'cfg(docsrs,test)' --check-cfg 'cfg(feature, values("alloc", "atomic-polyfill", "critical-section", "default", "parking_lot", "portable-atomic", "race", "std", "unstable"))' -C metadata=2e7c000531cca646 -C extra-filename=-90ca8df1e67c0a3a --out-dir /home/runner/work/aha-lang/aha-lang/target/debug/deps -L dependency=/home/runner/work/aha-lang/aha-lang/target/debug/deps --cap-lints allow`
build-and-test	Run cargo check	2026-08-20T19:50:42.6262154Z ^[[1m^[[92m    Checking^[[0m either v1.18.0
build-and-test	Run cargo check	2026-08-20T19:50:42.6269343Z ^[[1m^[[92m     Running^[[0m `/home/runner/.rustup/toolchains/stable-x86_64-unknown-linux-gnu/bin/rustc --crate-name either --edition=2021 /home/runner/.cargo/registry/src/index.crates.io-1949cf8c6b5b557f/either-1.18.0/src/lib.rs --error-format=json --json=diagnostic-rendered-ansi,artifacts,future-incompat --crate-type lib --emit=dep-info,metadata -C embed-bitcode=no -C debuginfo=2 --cfg 'feature="default"' --cfg 'feature="std"' --check-cfg 'cfg(docsrs,test)' --check-cfg 'cfg(feature, values("default", "serde", "std", "use_std"))' -C metadata=64a3df5c8d4ece14 -C extra-filename=-debc62a253d4acb9 --out-dir /home/runner/work/aha-lang/aha-lang/target/debug/deps -L dependency=/home/runner/work/aha-lang/aha-lang/target/debug/deps --cap-lints allow`
build-and-test	Run cargo check	2026-08-20T19:50:42.9749252Z ^[[1m^[[92m   Compiling^[[0m clap_derive v4.6.4
build-and-test	Run cargo check	2026-08-20T19:50:42.9778910Z ^[[1m^[[92m     Running^[[0m `/home/runner/.rustup/toolchains/stable-x86_64-unknown-linux-gnu/bin/rustc --crate-name clap_derive --edition=2024 /home/runner/.cargo/registry/src/index.crates.io-1949cf8c6b5b557f/clap_derive-4.6.4/src/lib.rs --error-format=json --json=diagnostic-rendered-ansi,artifacts,future-incompat --crate-type proc-macro --emit=dep-info,link -C prefer-dynamic -C embed-bitcode=no --warn=rust_2018_idioms '--warn=clippy::zero_sized_map_values' '--warn=clippy::verbose_file_reads' --warn=unused_qualifications --warn=unused_macro_rules --warn=unused_lifetimes --warn=unsafe_op_in_unsafe_fn --warn=unreachable_pub --allow=unnameable_types '--warn=clippy::uninlined_format_args' '--warn=clippy::trait_duplication_in_bounds' '--warn=clippy::todo' '--warn=clippy::string_lit_as_bytes' '--warn=clippy::string_add_assign' '--warn=clippy::string_add' '--warn=clippy::str_to_string' '--warn=clippy::semicolon_if_nothing_returned' '--warn=clippy::self_named_module_files' '--warn=clippy::same_functions_in_if_condition' '--allow=clippy::result_large_err' '--warn=clippy::rest_pat_in_fully_bound_structs' '--warn=clippy::ref_option_ref' '--warn=clippy::redundant_feature_names' '--warn=clippy::rc_mutex' '--warn=clippy::ptr_as_ptr' '--warn=clippy::path_buf_push_overwrite' '--warn=clippy::negative_feature_names' '--warn=clippy::needless_for_each' '--allow=clippy::needless_continue' '--warn=clippy::mutex_integer' '--allow=clippy::multiple_bound_locations' '--warn=clippy::mem_forget' '--warn=clippy::macro_use_imports' '--warn=clippy::lossy_float_literal' '--warn=clippy::linkedlist' '--allow=clippy::let_and_return' '--warn=clippy::large_types_passed_by_value' '--warn=clippy::large_stack_arrays' '--warn=clippy::large_digit_groups' '--warn=clippy::invalid_upcast_comparisons' '--warn=clippy::infinite_loop' '--warn=clippy::inefficient_to_string' '--warn=clippy::inconsistent_struct_constructor' '--warn=clippy::imprecise_flops' '--warn=clippy::implicit_clone' '--allow=clippy::if_same_then_else' '--warn=clippy::from_iter_instead_of_collect' '--warn=clippy::fn_params_excessive_bools' '--warn=clippy::float_cmp_const' '--warn=clippy::flat_map_option' '--warn=clippy::filter_map_next' '--warn=clippy::fallible_impl_from' '--warn=clippy::explicit_into_iter_loop' '--warn=clippy::explicit_deref_methods' '--warn=clippy::expl_impl_clone_on_copy' '--warn=clippy::enum_glob_use' '--warn=clippy::empty_enums' '--warn=clippy::doc_markdown' '--warn=clippy::debug_assert_with_mut_call' '--warn=clippy::dbg_macro' '--warn=clippy::create_dir' '--allow=clippy::collapsible_else_if' '--warn=clippy::checked_conversions' '--allow=clippy::branches_sharing_code' '--allow=clippy::bool_assert_comparison' '--allow=clippy::blocks_in_conditions' '--allow=clippy::assigning_clones' --cfg 'feature="default"' --check-cfg 'cfg(docsrs,test)' --check-cfg 'cfg(feature, values("debug", "default", "deprecated", "raw-deprecated", "unstable-markdown", "unstable-v5"))' -C metadata=b88a662cbcaf4be2 -C extra-filename=-cd25cb1554dbc0d5 --out-dir /home/runner/work/aha-lang/aha-lang/target/debug/deps -L dependency=/home/runner/work/aha-lang/aha-lang/target/debug/deps --extern heck=/home/runner/work/aha-lang/aha-lang/target/debug/deps/libheck-9e7d86b5b43a0416.rlib --extern proc_macro2=/home/runner/work/aha-lang/aha-lang/target/debug/deps/libproc_macro2-de50a8b23b47ebfa.rlib --extern quote=/home/runner/work/aha-lang/aha-lang/target/debug/deps/libquote-b44e0f0f61540336.rlib --extern syn=/home/runner/work/aha-lang/aha-lang/target/debug/deps/libsyn-5ff548c67e04fc8a.rlib --extern proc_macro --cap-lints allow`
build-and-test	Run cargo check	2026-08-20T19:50:43.1068575Z ^[[1m^[[92m     Running^[[0m `/home/runner/work/aha-lang/aha-lang/target/debug/build/inkwell-a8c5e43fe8515b9c/build-script-build`
build-and-test	Run cargo check	2026-08-20T19:50:43.1154693Z ^[[1m^[[92m     Running^[[0m `/home/runner/.rustup/toolchains/stable-x86_64-unknown-linux-gnu/bin/rustc --crate-name llvm_sys --edition=2015 /home/runner/.cargo/registry/src/index.crates.io-1949cf8c6b5b557f/llvm-sys-140.1.3/src/lib.rs --error-format=json --json=diagnostic-rendered-ansi,artifacts,future-incompat --crate-type lib --emit=dep-info,metadata -C embed-bitcode=no -C debuginfo=2 --check-cfg 'cfg(docsrs,test)' --check-cfg 'cfg(feature, values("clang-sys", "disable-alltargets-init", "force-dynamic", "force-static", "no-llvm-linking", "prefer-dynamic", "prefer-static", "strict-versioning", "tempfile"))' -C metadata=ad032e4e8a0899e4 -C extra-filename=-692e6c607eae845b --out-dir /home/runner/work/aha-lang/aha-lang/target/debug/deps -L dependency=/home/runner/work/aha-lang/aha-lang/target/debug/deps --extern libc=/home/runner/work/aha-lang/aha-lang/target/debug/deps/liblibc-fa81076d150fb7ae.rmeta --cap-lints allow -L native=/home/runner/work/aha-lang/aha-lang/target/debug/build/llvm-sys-7a39e92142a73f3a/out -L native=/home/runner/work/aha-lang/aha-lang/llvm/lib -l static=targetwrappers -l static=LLVMWindowsManifest -l static=LLVMXRay -l static=LLVMLibDriver -l static=LLVMDlltoolDriver -l static=LLVMCoverage -l static=LLVMLineEditor -l static=LLVMXCoreDisassembler -l static=LLVMXCoreCodeGen -l static=LLVMXCoreDesc -l static=LLVMXCoreInfo -l static=LLVMX86TargetMCA -l static=LLVMX86Disassembler -l static=LLVMX86AsmParser -l static=LLVMX86CodeGen -l static=LLVMX86Desc -l static=LLVMX86Info -l static=LLVMWebAssemblyDisassembler -l static=LLVMWebAssemblyAsmParser -l static=LLVMWebAssemblyCodeGen -l static=LLVMWebAssemblyDesc -l static=LLVMWebAssemblyUtils -l static=LLVMWebAssemblyInfo -l static=LLVMVEDisassembler -l static=LLVMVEAsmParser -l static=LLVMVECodeGen -l static=LLVMVEDesc -l static=LLVMVEInfo -l static=LLVMSystemZDisassembler -l static=LLVMSystemZAsmParser -l static=LLVMSystemZCodeGen -l static=LLVMSystemZDesc -l static=LLVMSystemZInfo -l static=LLVMSparcDisassembler -l static=LLVMSparcAsmParser -l static=LLVMSparcCodeGen -l static=LLVMSparcDesc -l static=LLVMSparcInfo -l static=LLVMRISCVDisassembler -l static=LLVMRISCVAsmParser -l static=LLVMRISCVCodeGen -l static=LLVMRISCVDesc -l static=LLVMRISCVInfo -l static=LLVMPowerPCDisassembler -l static=LLVMPowerPCAsmParser -l static=LLVMPowerPCCodeGen -l static=LLVMPowerPCDesc -l static=LLVMPowerPCInfo -l static=LLVMNVPTXCodeGen -l static=LLVMNVPTXDesc -l static=LLVMNVPTXInfo -l static=LLVMMSP430Disassembler -l static=LLVMMSP430AsmParser -l static=LLVMMSP430CodeGen -l static=LLVMMSP430Desc -l static=LLVMMSP430Info -l static=LLVMMipsDisassembler -l static=LLVMMipsAsmParser -l static=LLVMMipsCodeGen -l static=LLVMMipsDesc -l static=LLVMMipsInfo -l static=LLVMLanaiDisassembler -l static=LLVMLanaiCodeGen -l static=LLVMLanaiAsmParser -l static=LLVMLanaiDesc -l static=LLVMLanaiInfo -l static=LLVMHexagonDisassembler -l static=LLVMHexagonCodeGen -l static=LLVMHexagonAsmParser -l static=LLVMHexagonDesc -l static=LLVMHexagonInfo -l static=LLVMBPFDisassembler -l static=LLVMBPFAsmParser -l static=LLVMBPFCodeGen -l static=LLVMBPFDesc -l static=LLVMBPFInfo -l static=LLVMAVRDisassembler -l static=LLVMAVRAsmParser -l static=LLVMAVRCodeGen -l static=LLVMAVRDesc -l static=LLVMAVRInfo -l static=LLVMARMDisassembler -l static=LLVMARMAsmParser -l static=LLVMARMCodeGen -l static=LLVMARMDesc -l static=LLVMARMUtils -l static=LLVMARMInfo -l static=LLVMAMDGPUTargetMCA -l static=LLVMAMDGPUDisassembler -l static=LLVMAMDGPUAsmParser -l static=LLVMAMDGPUCodeGen -l static=LLVMAMDGPUDesc -l static=LLVMAMDGPUUtils -l static=LLVMAMDGPUInfo -l static=LLVMAArch64Disassembler -l static=LLVMAArch64AsmParser -l static=LLVMAArch64CodeGen -l static=LLVMAArch64Desc -l static=LLVMAArch64Utils -l static=LLVMAArch64Info -l static=LLVMOrcJIT -l static=LLVMMCJIT -l static=LLVMJITLink -l static=LLVMInterpreter -l static=LLVMExecutionEngine -l static=LLVMRuntimeDyld -l static=LLVMOrcTargetProcess -l static=LLVMOrcShared -l static=LLVMDWP -l static=LLVMSymbolize -l static=LLVMDebugInfoPDB -l static=LLVMDebugInfoGSYM -l static=LLVMOption -l static=LLVMObjectYAML -l static=LLVMMCA -l static=LLVMMCDisassembler -l static=LLVMLTO -l static=LLVMCFGuard -l static=LLVMFrontendOpenACC -l static=LLVMExtensions -l static=Polly -l static=PollyISL -l static=LLVMPasses -l static=LLVMObjCARCOpts -l static=LLVMCoroutines -l static=LLVMipo -l static=LLVMInstrumentation -l static=LLVMVectorize -l static=LLVMLinker -l static=LLVMFrontendOpenMP -l static=LLVMDWARFLinker -l static=LLVMGlobalISel -l static=LLVMMIRParser -l static=LLVMAsmPrinter -l static=LLVMDebugInfoMSF -l static=LLVMSelectionDAG -l static=LLVMCodeGen -l static=LLVMIRReader -l static=LLVMAsmParser -l static=LLVMInterfaceStub -l static=LLVMFileCheck -l static=LLVMFuzzMutate -l static=LLVMTarget -l static=LLVMScalarOpts -l static=LLVMInstCombine -l static=LLVMAggressiveInstCombine -l static=LLVMTransformUtils -l static=LLVMBitWriter -l static=LLVMAnalysis -l static=LLVMProfileData -l static=LLVMDebugInfoDWARF -l static=LLVMObject -l static=LLVMTextAPI -l static=LLVMMCParser -l static=LLVMMC -l static=LLVMDebugInfoCodeView -l static=LLVMBitReader -l static=LLVMCore -l static=LLVMRemarks -l static=LLVMBitstreamReader -l static=LLVMBinaryFormat -l static=LLVMTableGen -l static=LLVMSupport -l static=LLVMDemangle -l dylib=rt -l dylib=dl -l dylib=pthread -l dylib=m -l dylib=stdc++`
build-and-test	Run cargo check	2026-08-20T19:50:43.2529819Z ^[[1m^[[92m     Running^[[0m `/home/runner/.rustup/toolchains/stable-x86_64-unknown-linux-gnu/bin/rustc --crate-name inkwell --edition=2021 /home/runner/.cargo/registry/src/index.crates.io-1949cf8c6b5b557f/inkwell-0.4.0/src/lib.rs --error-format=json --json=diagnostic-rendered-ansi,artifacts,future-incompat --crate-type lib --emit=dep-info,metadata -C embed-bitcode=no -C debuginfo=2 --cfg 'feature="default"' --cfg 'feature="llvm-sys-140"' --cfg 'feature="llvm14-0"' --cfg 'feature="target-aarch64"' --cfg 'feature="target-all"' --cfg 'feature="target-amdgpu"' --cfg 'feature="target-arm"' --cfg 'feature="target-bpf"' --cfg 'feature="target-hexagon"' --cfg 'feature="target-lanai"' --cfg 'feature="target-loongarch"' --cfg 'feature="target-mips"' --cfg 'feature="target-msp430"' --cfg 'feature="target-nvptx"' --cfg 'feature="target-powerpc"' --cfg 'feature="target-riscv"' --cfg 'feature="target-sparc"' --cfg 'feature="target-systemz"' --cfg 'feature="target-webassembly"' --cfg 'feature="target-x86"' --cfg 'feature="target-xcore"' --check-cfg 'cfg(docsrs,test)' --check-cfg 'cfg(feature, values("default", "experimental", "llvm-sys-100", "llvm-sys-110", "llvm-sys-120", "llvm-sys-130", "llvm-sys-140", "llvm-sys-150", "llvm-sys-160", "llvm-sys-170", "llvm-sys-40", "llvm-sys-50", "llvm-sys-60", "llvm-sys-70", "llvm-sys-80", "llvm-sys-90", "llvm10-0", "llvm10-0-no-llvm-linking", "llvm11-0", "llvm11-0-no-llvm-linking", "llvm12-0", "llvm12-0-force-dynamic", "llvm12-0-force-static", "llvm12-0-no-llvm-linking", "llvm12-0-prefer-dynamic", "llvm12-0-prefer-static", "llvm13-0", "llvm13-0-force-dynamic", "llvm13-0-force-static", "llvm13-0-no-llvm-linking", "llvm13-0-prefer-dynamic", "llvm13-0-prefer-static", "llvm14-0", "llvm14-0-force-dynamic", "llvm14-0-force-static", "llvm14-0-no-llvm-linking", "llvm14-0-prefer-dynamic", "llvm14-0-prefer-static", "llvm15-0", "llvm15-0-force-dynamic", "llvm15-0-force-static", "llvm15-0-no-llvm-linking", "llvm15-0-prefer-dynamic", "llvm15-0-prefer-static", "llvm16-0", "llvm16-0-force-dynamic", "llvm16-0-force-static", "llvm16-0-no-llvm-linking", "llvm16-0-prefer-dynamic", "llvm16-0-prefer-static", "llvm17-0", "llvm17-0-force-dynamic", "llvm17-0-force-static", "llvm17-0-no-llvm-linking", "llvm17-0-prefer-dynamic", "llvm17-0-prefer-static", "llvm4-0", "llvm4-0-no-llvm-linking", "llvm5-0", "llvm5-0-no-llvm-linking", "llvm6-0", "llvm6-0-no-llvm-linking", "llvm7-0", "llvm7-0-no-llvm-linking", "llvm8-0", "llvm8-0-no-llvm-linking", "llvm9-0", "llvm9-0-no-llvm-linking", "nightly", "no-libffi-linking", "static-alloc", "target-aarch64", "target-all", "target-amdgpu", "target-arm", "target-bpf", "target-hexagon", "target-lanai", "target-loongarch", "target-mips", "target-msp430", "target-nvptx", "target-powerpc", "target-riscv", "target-sparc", "target-syncvm", "target-systemz", "target-webassembly", "target-x86", "target-xcore"))' -C metadata=445b4f8b00a7013b -C extra-filename=-79d329ba03b3265a --out-dir /home/runner/work/aha-lang/aha-lang/target/debug/deps -L dependency=/home/runner/work/aha-lang/aha-lang/target/debug/deps --extern either=/home/runner/work/aha-lang/aha-lang/target/debug/deps/libeither-debc62a253d4acb9.rmeta --extern inkwell_internals=/home/runner/work/aha-lang/aha-lang/target/debug/deps/libinkwell_internals-92b0be02b59a957c.so --extern libc=/home/runner/work/aha-lang/aha-lang/target/debug/deps/liblibc-fa81076d150fb7ae.rmeta --extern llvm_sys_140=/home/runner/work/aha-lang/aha-lang/target/debug/deps/libllvm_sys-692e6c607eae845b.rmeta --extern once_cell=/home/runner/work/aha-lang/aha-lang/target/debug/deps/libonce_cell-90ca8df1e67c0a3a.rmeta --extern thiserror=/home/runner/work/aha-lang/aha-lang/target/debug/deps/libthiserror-684c5b4c42da0141.rmeta --cap-lints allow -L native=/home/runner/work/aha-lang/aha-lang/target/debug/build/llvm-sys-7a39e92142a73f3a/out -L native=/home/runner/work/aha-lang/aha-lang/llvm/lib -l dylib=ffi`
build-and-test	Run cargo check	2026-08-20T19:50:44.0213711Z ^[[1m^[[92m    Checking^[[0m clap v4.6.6
build-and-test	Run cargo check	2026-08-20T19:50:44.0229458Z ^[[1m^[[92m     Running^[[0m `/home/runner/.rustup/toolchains/stable-x86_64-unknown-linux-gnu/bin/rustc --crate-name clap --edition=2024 /home/runner/.cargo/registry/src/index.crates.io-1949cf8c6b5b557f/clap-4.6.6/src/lib.rs --error-format=json --json=diagnostic-rendered-ansi,artifacts,future-incompat --crate-type lib --emit=dep-info,metadata -C embed-bitcode=no -C debuginfo=2 --warn=rust_2018_idioms '--warn=clippy::zero_sized_map_values' '--warn=clippy::verbose_file_reads' --warn=unused_qualifications --warn=unused_macro_rules --warn=unused_lifetimes --warn=unsafe_op_in_unsafe_fn --warn=unreachable_pub --allow=unnameable_types '--warn=clippy::uninlined_format_args' '--warn=clippy::trait_duplication_in_bounds' '--warn=clippy::todo' '--warn=clippy::string_lit_as_bytes' '--warn=clippy::string_add_assign' '--warn=clippy::string_add' '--warn=clippy::str_to_string' '--warn=clippy::semicolon_if_nothing_returned' '--warn=clippy::self_named_module_files' '--warn=clippy::same_functions_in_if_condition' '--allow=clippy::result_large_err' '--warn=clippy::rest_pat_in_fully_bound_structs' '--warn=clippy::ref_option_ref' '--warn=clippy::redundant_feature_names' '--warn=clippy::rc_mutex' '--warn=clippy::ptr_as_ptr' '--warn=clippy::path_buf_push_overwrite' '--warn=clippy::negative_feature_names' '--warn=clippy::needless_for_each' '--allow=clippy::needless_continue' '--warn=clippy::mutex_integer' '--allow=clippy::multiple_bound_locations' '--warn=clippy::mem_forget' '--warn=clippy::macro_use_imports' '--warn=clippy::lossy_float_literal' '--warn=clippy::linkedlist' '--allow=clippy::let_and_return' '--warn=clippy::large_types_passed_by_value' '--warn=clippy::large_stack_arrays' '--warn=clippy::large_digit_groups' '--warn=clippy::invalid_upcast_comparisons' '--warn=clippy::infinite_loop' '--warn=clippy::inefficient_to_string' '--warn=clippy::inconsistent_struct_constructor' '--warn=clippy::imprecise_flops' '--warn=clippy::implicit_clone' '--allow=clippy::if_same_then_else' '--warn=clippy::from_iter_instead_of_collect' '--warn=clippy::fn_params_excessive_bools' '--warn=clippy::float_cmp_const' '--warn=clippy::flat_map_option' '--warn=clippy::filter_map_next' '--warn=clippy::fallible_impl_from' '--warn=clippy::explicit_into_iter_loop' '--warn=clippy::explicit_deref_methods' '--warn=clippy::expl_impl_clone_on_copy' '--warn=clippy::enum_glob_use' '--warn=clippy::empty_enums' '--warn=clippy::doc_markdown' '--warn=clippy::debug_assert_with_mut_call' '--warn=clippy::dbg_macro' '--warn=clippy::create_dir' '--allow=clippy::collapsible_else_if' '--warn=clippy::checked_conversions' '--allow=clippy::branches_sharing_code' '--allow=clippy::bool_assert_comparison' '--allow=clippy::blocks_in_conditions' '--allow=clippy::assigning_clones' --cfg 'feature="color"' --cfg 'feature="default"' --cfg 'feature="derive"' --cfg 'feature="error-context"' --cfg 'feature="help"' --cfg 'feature="std"' --cfg 'feature="suggestions"' --cfg 'feature="usage"' --check-cfg 'cfg(docsrs,test)' --check-cfg 'cfg(feature, values("cargo", "color", "debug", "default", "deprecated", "derive", "env", "error-context", "help", "std", "string", "suggestions", "unicode", "unstable-derive-ui-tests", "unstable-doc", "unstable-ext", "unstable-markdown", "unstable-styles", "unstable-v5", "usage", "wrap_help"))' -C metadata=5b6175f69da2969f -C extra-filename=-d86fc24dce1376c5 --out-dir /home/runner/work/aha-lang/aha-lang/target/debug/deps -L dependency=/home/runner/work/aha-lang/aha-lang/target/debug/deps --extern clap_builder=/home/runner/work/aha-lang/aha-lang/target/debug/deps/libclap_builder-de8773cadf746c9b.rmeta --extern clap_derive=/home/runner/work/aha-lang/aha-lang/target/debug/deps/libclap_derive-cd25cb1554dbc0d5.so --cap-lints allow`
build-and-test	Run cargo check	2026-08-20T19:50:44.2263333Z ^[[1m^[[92m    Checking^[[0m aha-lang v1.5.0 (/home/runner/work/aha-lang/aha-lang)
build-and-test	Run cargo check	2026-08-20T19:50:44.2267789Z ^[[1m^[[92m     Running^[[0m `/home/runner/.rustup/toolchains/stable-x86_64-unknown-linux-gnu/bin/rustc --crate-name aha_lang --edition=2021 src/lib.rs --error-format=json --json=diagnostic-rendered-ansi,artifacts,future-incompat --crate-type lib --emit=dep-info,metadata -C embed-bitcode=no -C debuginfo=2 --check-cfg 'cfg(docsrs,test)' --check-cfg 'cfg(feature, values())' -C metadata=127a474a57c14067 -C extra-filename=-f144ae5fe4adcf7b --out-dir /home/runner/work/aha-lang/aha-lang/target/debug/deps -L dependency=/home/runner/work/aha-lang/aha-lang/target/debug/deps --extern clap=/home/runner/work/aha-lang/aha-lang/target/debug/deps/libclap-d86fc24dce1376c5.rmeta --extern inkwell=/home/runner/work/aha-lang/aha-lang/target/debug/deps/libinkwell-79d329ba03b3265a.rmeta -L native=/home/runner/work/aha-lang/aha-lang/target/debug/build/llvm-sys-7a39e92142a73f3a/out -L native=/home/runner/work/aha-lang/aha-lang/llvm/lib`
build-and-test	Run cargo check	2026-08-20T19:50:44.2858232Z ^[[1m^[[33mwarning^[[0m^[[1m: unused imports: `ActorDefinition` and `SpawnExpression`^[[0m
build-and-test	Run cargo check	2026-08-20T19:50:44.2858844Z  ^[[1m^[[94m--> ^[[0msrc/codegen.rs:4:18
build-and-test	Run cargo check	2026-08-20T19:50:44.2859138Z   ^[[1m^[[94m|^[[0m
build-and-test	Run cargo check	2026-08-20T19:50:44.2859743Z ^[[1m^[[94m4^[[0m ^[[1m^[[94m|^[[0m use crate::ast::{ActorDefinition, SpawnExpression};
build-and-test	Run cargo check	2026-08-20T19:50:44.2860366Z   ^[[1m^[[94m|^[[0m                  ^[[1m^[[33m^^^^^^^^^^^^^^^^[[0m  ^[[1m^[[33m^^^^^^^^^^^^^^^^[[0m
build-and-test	Run cargo check	2026-08-20T19:50:44.2860749Z   ^[[1m^[[94m|^[[0m
build-and-test	Run cargo check	2026-08-20T19:50:44.2861471Z   ^[[1m^[[94m= ^[[0m^[[1mnote^[[0m: `#[warn(unused_imports)]` (part of `#[warn(unused)]`) on by default
build-and-test	Run cargo check	2026-08-20T19:50:44.2861786Z 
build-and-test	Run cargo check	2026-08-20T19:50:44.2866629Z ^[[1m^[[33mwarning^[[0m^[[1m: unused import: `ImportStatement`^[[0m
build-and-test	Run cargo check	2026-08-20T19:50:44.2867270Z  ^[[1m^[[94m--> ^[[0msrc/compiler.rs:7:18
build-and-test	Run cargo check	2026-08-20T19:50:44.2867733Z   ^[[1m^[[94m|^[[0m
build-and-test	Run cargo check	2026-08-20T19:50:44.2868236Z ^[[1m^[[94m7^[[0m ^[[1m^[[94m|^[[0m use crate::ast::{ImportStatement, Program, Statement};
build-and-test	Run cargo check	2026-08-20T19:50:44.2868709Z   ^[[1m^[[94m|^[[0m                  ^[[1m^[[33m^^^^^^^^^^^^^^^^[[0m
build-and-test	Run cargo check	2026-08-20T19:50:44.2868911Z 
build-and-test	Run cargo check	2026-08-20T19:50:44.6177541Z ^[[1m^[[33mwarning^[[0m^[[1m: unused variable: `i64_zero`^[[0m
build-and-test	Run cargo check	2026-08-20T19:50:44.6178117Z     ^[[1m^[[94m--> ^[[0msrc/codegen.rs:1339:13
build-and-test	Run cargo check	2026-08-20T19:50:44.6178455Z      ^[[1m^[[94m|^[[0m
build-and-test	Run cargo check	2026-08-20T19:50:44.6178849Z ^[[1m^[[94m1339^[[0m ^[[1m^[[94m|^[[0m         let i64_zero = i64_type.const_int(0, false);
build-and-test	Run cargo check	2026-08-20T19:50:44.6179554Z      ^[[1m^[[94m|^[[0m             ^[[1m^[[33m^^^^^^^^^[[0m ^[[1m^[[33mhelp: if this is intentional, prefix it with an underscore: `_i64_zero`^[[0m
build-and-test	Run cargo check	2026-08-20T19:50:44.6180074Z      ^[[1m^[[94m|^[[0m
build-and-test	Run cargo check	2026-08-20T19:50:44.6180512Z      ^[[1m^[[94m= ^[[0m^[[1mnote^[[0m: `#[warn(unused_variables)]` (part of `#[warn(unused)]`) on by default
build-and-test	Run cargo check	2026-08-20T19:50:44.6180849Z 
build-and-test	Run cargo check	2026-08-20T19:50:44.6184045Z ^[[1m^[[33mwarning^[[0m^[[1m: unused variable: `i8_type`^[[0m
build-and-test	Run cargo check	2026-08-20T19:50:44.6184647Z     ^[[1m^[[94m--> ^[[0msrc/codegen.rs:1391:13
build-and-test	Run cargo check	2026-08-20T19:50:44.6185118Z      ^[[1m^[[94m|^[[0m
build-and-test	Run cargo check	2026-08-20T19:50:44.6185478Z ^[[1m^[[94m1391^[[0m ^[[1m^[[94m|^[[0m         let i8_type = self.context.i8_type();
build-and-test	Run cargo check	2026-08-20T19:50:44.6186130Z      ^[[1m^[[94m|^[[0m             ^[[1m^[[33m^^^^^^^^[[0m ^[[1m^[[33mhelp: if this is intentional, prefix it with an underscore: `_i8_type`^[[0m
build-and-test	Run cargo check	2026-08-20T19:50:44.6186514Z 
build-and-test	Run cargo check	2026-08-20T19:50:44.6891989Z ^[[1m^[[33mwarning^[[0m^[[1m: unused variable: `for_set`^[[0m
build-and-test	Run cargo check	2026-08-20T19:50:44.6892902Z     ^[[1m^[[94m--> ^[[0msrc/codegen.rs:2158:22
build-and-test	Run cargo check	2026-08-20T19:50:44.6893363Z      ^[[1m^[[94m|^[[0m
build-and-test	Run cargo check	2026-08-20T19:50:44.6893872Z ^[[1m^[[94m2158^[[0m ^[[1m^[[94m|^[[0m                      for_set: bool|
build-and-test	Run cargo check	2026-08-20T19:50:44.6894958Z      ^[[1m^[[94m|^[[0m                      ^[[1m^[[33m^^^^^^^^[[0m ^[[1m^[[33mhelp: if this is intentional, prefix it with an underscore: `_for_set`^[[0m
build-and-test	Run cargo check	2026-08-20T19:50:44.6895598Z 
build-and-test	Run cargo check	2026-08-20T19:50:44.6895872Z ^[[1m^[[33mwarning^[[0m^[[1m: unused variable: `f`^[[0m
build-and-test	Run cargo check	2026-08-20T19:50:44.6896231Z     ^[[1m^[[94m--> ^[[0msrc/codegen.rs:2118:24
build-and-test	Run cargo check	2026-08-20T19:50:44.6896512Z      ^[[1m^[[94m|^[[0m
build-and-test	Run cargo check	2026-08-20T19:50:44.6897088Z ^[[1m^[[94m2118^[[0m ^[[1m^[[94m|^[[0m                        f: inkwell::values::FunctionValue<'ctx>,
build-and-test	Run cargo check	2026-08-20T19:50:44.6897750Z      ^[[1m^[[94m|^[[0m                        ^[[1m^[[33m^^[[0m ^[[1m^[[33mhelp: if this is intentional, prefix it with an underscore: `_f`^[[0m
build-and-test	Run cargo check	2026-08-20T19:50:44.6898415Z 
build-and-test	Run cargo check	2026-08-20T19:50:44.6989728Z ^[[1m^[[33mwarning^[[0m^[[1m: unreachable pattern^[[0m
build-and-test	Run cargo check	2026-08-20T19:50:44.6990268Z     ^[[1m^[[94m--> ^[[0msrc/codegen.rs:3372:13
build-and-test	Run cargo check	2026-08-20T19:50:44.6990651Z      ^[[1m^[[94m|^[[0m
build-and-test	Run cargo check	2026-08-20T19:50:44.6991369Z ^[[1m^[[94m3372^[[0m ^[[1m^[[94m|^[[0m             _ => Err(format!("Expression type not yet implemented: {:?}", expression)),
build-and-test	Run cargo check	2026-08-20T19:50:44.6992210Z      ^[[1m^[[94m|^[[0m             ^[[1m^[[33m^^[[0m ^[[1m^[[33mno value can reach this^[[0m
build-and-test	Run cargo check	2026-08-20T19:50:44.6992927Z      ^[[1m^[[94m|^[[0m
build-and-test	Run cargo check	2026-08-20T19:50:44.6993422Z ^[[1m^[[92mnote^[[0m: multiple earlier patterns match some of the same values
build-and-test	Run cargo check	2026-08-20T19:50:44.6994045Z     ^[[1m^[[94m--> ^[[0msrc/codegen.rs:3372:13
build-and-test	Run cargo check	2026-08-20T19:50:44.6994501Z      ^[[1m^[[94m|^[[0m
build-and-test	Run cargo check	2026-08-20T19:50:44.6995159Z ^[[1m^[[94m3248^[[0m ^[[1m^[[94m|^[[0m             ast::Expression::Integer(int_lit) => {
build-and-test	Run cargo check	2026-08-20T19:50:44.6995754Z      ^[[1m^[[94m|^[[0m             ^[[1m^[[94m---------------------------------^[[0m ^[[1m^[[94mmatches some of the same values^[[0m
build-and-test	Run cargo check	2026-08-20T19:50:44.6996228Z ^[[1m^[[94m...^[[0m
build-and-test	Run cargo check	2026-08-20T19:50:44.6996627Z ^[[1m^[[94m3252^[[0m ^[[1m^[[94m|^[[0m             ast::Expression::Identifier(ident) => {
build-and-test	Run cargo check	2026-08-20T19:50:44.6997215Z      ^[[1m^[[94m|^[[0m             ^[[1m^[[94m----------------------------------^[[0m ^[[1m^[[94mmatches some of the same values^[[0m
build-and-test	Run cargo check	2026-08-20T19:50:44.6997924Z ^[[1m^[[94m...^[[0m
build-and-test	Run cargo check	2026-08-20T19:50:44.6998378Z ^[[1m^[[94m3263^[[0m ^[[1m^[[94m|^[[0m             ast::Expression::Infix(infix) => self.compile_infix(infix),
build-and-test	Run cargo check	2026-08-20T19:50:44.6999056Z      ^[[1m^[[94m|^[[0m             ^[[1m^[[94m-----------------------------^[[0m ^[[1m^[[94mmatches some of the same values^[[0m
build-and-test	Run cargo check	2026-08-20T19:50:44.6999751Z ^[[1m^[[94m3264^[[0m ^[[1m^[[94m|^[[0m             ast::Expression::If(if_expr) => self.compile_if_expression(if_expr),
build-and-test	Run cargo check	2026-08-20T19:50:44.7000402Z      ^[[1m^[[94m|^[[0m             ^[[1m^[[94m----------------------------^[[0m ^[[1m^[[94mmatches some of the same values^[[0m
build-and-test	Run cargo check	2026-08-20T19:50:44.7000831Z ^[[1m^[[94m...^[[0m
build-and-test	Run cargo check	2026-08-20T19:50:44.7001303Z ^[[1m^[[94m3372^[[0m ^[[1m^[[94m|^[[0m             _ => Err(format!("Expression type not yet implemented: {:?}", expression)),
build-and-test	Run cargo check	2026-08-20T19:50:44.7002020Z      ^[[1m^[[94m|^[[0m             ^[[1m^[[92m^^[[0m ^[[1m^[[92m...and 18 other patterns collectively make this unreachable^[[0m
build-and-test	Run cargo check	2026-08-20T19:50:44.7002951Z      ^[[1m^[[94m= ^[[0m^[[1mnote^[[0m: `#[warn(unreachable_patterns)]` (part of `#[warn(unused)]`) on by default
build-and-test	Run cargo check	2026-08-20T19:50:44.7003299Z 
build-and-test	Run cargo check	2026-08-20T19:50:44.7963519Z ^[[1m^[[33mwarning^[[0m^[[1m: unused variable: `enum_type`^[[0m
build-and-test	Run cargo check	2026-08-20T19:50:44.7964133Z     ^[[1m^[[94m--> ^[[0msrc/codegen.rs:4977:13
build-and-test	Run cargo check	2026-08-20T19:50:44.7964438Z      ^[[1m^[[94m|^[[0m
build-and-test	Run cargo check	2026-08-20T19:50:44.7964825Z ^[[1m^[[94m4977^[[0m ^[[1m^[[94m|^[[0m         let enum_type = self.enum_llvm_type(&enum_name)?;
build-and-test	Run cargo check	2026-08-20T19:50:44.7965527Z      ^[[1m^[[94m|^[[0m             ^[[1m^[[33m^^^^^^^^^^[[0m ^[[1m^[[33mhelp: if this is intentional, prefix it with an underscore: `_enum_type`^[[0m
build-and-test	Run cargo check	2026-08-20T19:50:44.7965923Z 
build-and-test	Run cargo check	2026-08-20T19:50:44.8203290Z ^[[1m^[[33mwarning^[[0m^[[1m: direct cast of function item into an integer^[[0m
build-and-test	Run cargo check	2026-08-20T19:50:44.8204107Z     ^[[1m^[[94m--> ^[[0msrc/codegen.rs:5137:81
build-and-test	Run cargo check	2026-08-20T19:50:44.8204587Z      ^[[1m^[[94m|^[[0m
build-and-test	Run cargo check	2026-08-20T19:50:44.8205448Z ^[[1m^[[94m5137^[[0m ^[[1m^[[94m|^[[0m             execution_engine.add_global_mapping(&f, crate::runtime::actor_spawn as usize);
build-and-test	Run cargo check	2026-08-20T19:50:44.8206132Z      ^[[1m^[[94m|^[[0m                                                                                 ^[[1m^[[33m^^^^^^^^^[[0m
build-and-test	Run cargo check	2026-08-20T19:50:44.8206514Z      ^[[1m^[[94m|^[[0m
build-and-test	Run cargo check	2026-08-20T19:50:44.8206878Z      ^[[1m^[[94m= ^[[0m^[[1mnote^[[0m: `#[warn(function_casts_as_integer)]` on by default
build-and-test	Run cargo check	2026-08-20T19:50:44.8207326Z ^[[1m^[[96mhelp^[[0m: first cast to a pointer `as *const ()`
build-and-test	Run cargo check	2026-08-20T19:50:44.8207643Z      ^[[1m^[[94m|^[[0m
build-and-test	Run cargo check	2026-08-20T19:50:44.8208252Z ^[[1m^[[94m5137^[[0m ^[[1m^[[94m| ^[[0m            execution_engine.add_global_mapping(&f, crate::runtime::actor_spawn^[[92m as *const ()^[[0m as usize);
build-and-test	Run cargo check	2026-08-20T19:50:44.8208953Z      ^[[1m^[[94m|^[[0m                                                                                 ^[[92m++++++++++++^[[0m
build-and-test	Run cargo check	2026-08-20T19:50:44.8209476Z 
build-and-test	Run cargo check	2026-08-20T19:50:44.8209738Z ^[[1m^[[33mwarning^[[0m^[[1m: direct cast of function item into an integer^[[0m
build-and-test	Run cargo check	2026-08-20T19:50:44.8210168Z     ^[[1m^[[94m--> ^[[0msrc/codegen.rs:5140:80
build-and-test	Run cargo check	2026-08-20T19:50:44.8210462Z      ^[[1m^[[94m|^[[0m
build-and-test	Run cargo check	2026-08-20T19:50:44.8211012Z ^[[1m^[[94m5140^[[0m ^[[1m^[[94m|^[[0m             execution_engine.add_global_mapping(&f, crate::runtime::actor_send as usize);
build-and-test	Run cargo check	2026-08-20T19:50:44.8211662Z      ^[[1m^[[94m|^[[0m                                                                                ^[[1m^[[33m^^^^^^^^^[[0m
build-and-test	Run cargo check	2026-08-20T19:50:44.8212045Z      ^[[1m^[[94m|^[[0m
build-and-test	Run cargo check	2026-08-20T19:50:44.8212575Z ^[[1m^[[96mhelp^[[0m: first cast to a pointer `as *const ()`
build-and-test	Run cargo check	2026-08-20T19:50:44.8212896Z      ^[[1m^[[94m|^[[0m
build-and-test	Run cargo check	2026-08-20T19:50:44.8213501Z ^[[1m^[[94m5140^[[0m ^[[1m^[[94m| ^[[0m            execution_engine.add_global_mapping(&f, crate::runtime::actor_send^[[92m as *const ()^[[0m as usize);
build-and-test	Run cargo check	2026-08-20T19:50:44.8214172Z      ^[[1m^[[94m|^[[0m                                                                                ^[[92m++++++++++++^[[0m
build-and-test	Run cargo check	2026-08-20T19:50:44.8214448Z 
build-and-test	Run cargo check	2026-08-20T19:50:44.8214676Z ^[[1m^[[33mwarning^[[0m^[[1m: direct cast of function item into an integer^[[0m
build-and-test	Run cargo check	2026-08-20T19:50:44.8215298Z     ^[[1m^[[94m--> ^[[0msrc/codegen.rs:5143:80
build-and-test	Run cargo check	2026-08-20T19:50:44.8215569Z      ^[[1m^[[94m|^[[0m
build-and-test	Run cargo check	2026-08-20T19:50:44.8216095Z ^[[1m^[[94m5143^[[0m ^[[1m^[[94m|^[[0m             execution_engine.add_global_mapping(&f, crate::runtime::actor_call as usize);
build-and-test	Run cargo check	2026-08-20T19:50:44.8216742Z      ^[[1m^[[94m|^[[0m                                                                                ^[[1m^[[33m^^^^^^^^^[[0m
build-and-test	Run cargo check	2026-08-20T19:50:44.8217107Z      ^[[1m^[[94m|^[[0m
build-and-test	Run cargo check	2026-08-20T19:50:44.8217400Z ^[[1m^[[96mhelp^[[0m: first cast to a pointer `as *const ()`
build-and-test	Run cargo check	2026-08-20T19:50:44.8217726Z      ^[[1m^[[94m|^[[0m
build-and-test	Run cargo check	2026-08-20T19:50:44.8218320Z ^[[1m^[[94m5143^[[0m ^[[1m^[[94m| ^[[0m            execution_engine.add_global_mapping(&f, crate::runtime::actor_call^[[92m as *const ()^[[0m as usize);
build-and-test	Run cargo check	2026-08-20T19:50:44.8219012Z      ^[[1m^[[94m|^[[0m                                                                                ^[[92m++++++++++++^[[0m
build-and-test	Run cargo check	2026-08-20T19:50:44.8219281Z 
build-and-test	Run cargo check	2026-08-20T19:50:44.8509062Z ^[[1m^[[33mwarning^[[0m: `aha-lang` (lib) generated 11 warnings (run `cargo fix --lib -p aha-lang` to apply 10 suggestions)
build-and-test	Run cargo check	2026-08-20T19:50:44.8514551Z ^[[1m^[[92m     Running^[[0m `/home/runner/.rustup/toolchains/stable-x86_64-unknown-linux-gnu/bin/rustc --crate-name aha_lang --edition=2021 src/main.rs --error-format=json --json=diagnostic-rendered-ansi,artifacts,future-incompat --crate-type bin --emit=dep-info,metadata -C embed-bitcode=no -C debuginfo=2 --check-cfg 'cfg(docsrs,test)' --check-cfg 'cfg(feature, values())' -C metadata=2eeaba9d88ad6388 -C extra-filename=-85d223d943ba9030 --out-dir /home/runner/work/aha-lang/aha-lang/target/debug/deps -L dependency=/home/runner/work/aha-lang/aha-lang/target/debug/deps --extern aha_lang=/home/runner/work/aha-lang/aha-lang/target/debug/deps/libaha_lang-f144ae5fe4adcf7b.rmeta --extern clap=/home/runner/work/aha-lang/aha-lang/target/debug/deps/libclap-d86fc24dce1376c5.rmeta --extern inkwell=/home/runner/work/aha-lang/aha-lang/target/debug/deps/libinkwell-79d329ba03b3265a.rmeta -L native=/home/runner/work/aha-lang/aha-lang/target/debug/build/llvm-sys-7a39e92142a73f3a/out -L native=/home/runner/work/aha-lang/aha-lang/llvm/lib`
build-and-test	Run cargo check	2026-08-20T19:50:44.8785872Z ^[[1m^[[33mwarning^[[0m^[[1m: unused import: `aha_lang::lexer::Lexer`^[[0m
build-and-test	Run cargo check	2026-08-20T19:50:44.8786584Z  ^[[1m^[[94m--> ^[[0msrc/main.rs:5:5
build-and-test	Run cargo check	2026-08-20T19:50:44.8787002Z   ^[[1m^[[94m|^[[0m
build-and-test	Run cargo check	2026-08-20T19:50:44.8787499Z ^[[1m^[[94m5^[[0m ^[[1m^[[94m|^[[0m use aha_lang::lexer::Lexer;
build-and-test	Run cargo check	2026-08-20T19:50:44.8788063Z   ^[[1m^[[94m|^[[0m     ^[[1m^[[33m^^^^^^^^^^^^^^^^^^^^^^^[[0m
build-and-test	Run cargo check	2026-08-20T19:50:44.8788526Z   ^[[1m^[[94m|^[[0m
build-and-test	Run cargo check	2026-08-20T19:50:44.8789157Z   ^[[1m^[[94m= ^[[0m^[[1mnote^[[0m: `#[warn(unused_imports)]` (part of `#[warn(unused)]`) on by default
build-and-test	Run cargo check	2026-08-20T19:50:44.8789734Z 
build-and-test	Run cargo check	2026-08-20T19:50:44.8790240Z ^[[1m^[[33mwarning^[[0m^[[1m: unused import: `aha_lang::parser::Parser as AhaParser`^[[0m
build-and-test	Run cargo check	2026-08-20T19:50:44.8791284Z  ^[[1m^[[94m--> ^[[0msrc/main.rs:6:5
build-and-test	Run cargo check	2026-08-20T19:50:44.8791719Z   ^[[1m^[[94m|^[[0m
build-and-test	Run cargo check	2026-08-20T19:50:44.8792616Z ^[[1m^[[94m6^[[0m ^[[1m^[[94m|^[[0m use aha_lang::parser::Parser as AhaParser;
build-and-test	Run cargo check	2026-08-20T19:50:44.8793345Z   ^[[1m^[[94m|^[[0m     ^[[1m^[[33m^^^^^^^^^^^^^^^^^^^^^^^^^^^^^^^^^^^^^^[[0m
build-and-test	Run cargo check	2026-08-20T19:50:44.8793689Z 
build-and-test	Run cargo check	2026-08-20T19:50:44.9164197Z ^[[1m^[[33mwarning^[[0m: `aha-lang` (bin "aha-lang") generated 2 warnings (run `cargo fix --bin "aha-lang" -p aha-lang` to apply 2 suggestions)
build-and-test	Run cargo check	2026-08-20T19:50:44.9165552Z ^[[1m^[[92m    Finished^[[0m `dev` profile [unoptimized + debuginfo] target(s) in 9.37s
build-and-test	Run tests	﻿2026-08-20T19:50:44.9408038Z ##[group]Run cargo test --verbose -- --test-threads=1
build-and-test	Run tests	2026-08-20T19:50:44.9408470Z ^[[36;1mcargo test --verbose -- --test-threads=1^[[0m
build-and-test	Run tests	2026-08-20T19:50:44.9485035Z shell: /usr/bin/bash -e {0}
build-and-test	Run tests	2026-08-20T19:50:44.9485304Z env:
build-and-test	Run tests	2026-08-20T19:50:44.9485562Z   LLVM_PATH: /home/runner/work/aha-lang/aha-lang/llvm
build-and-test	Run tests	2026-08-20T19:50:44.9485974Z   LD_LIBRARY_PATH: /home/runner/work/aha-lang/aha-lang/llvm/lib:
build-and-test	Run tests	2026-08-20T19:50:44.9486430Z   DYLD_LIBRARY_PATH: /home/runner/work/aha-lang/aha-lang/llvm/lib:undefined
build-and-test	Run tests	2026-08-20T19:50:44.9486879Z   LLVM_SYS_140_PREFIX: /home/runner/work/aha-lang/aha-lang/llvm
build-and-test	Run tests	2026-08-20T19:50:44.9487220Z   CARGO_HOME: /home/runner/.cargo
build-and-test	Run tests	2026-08-20T19:50:44.9487474Z   CARGO_INCREMENTAL: 0
build-and-test	Run tests	2026-08-20T19:50:44.9487706Z   CARGO_TERM_COLOR: always
build-and-test	Run tests	2026-08-20T19:50:44.9487939Z   RUST_BACKTRACE: full
build-and-test	Run tests	2026-08-20T19:50:44.9488146Z ##[endgroup]
build-and-test	Run tests	2026-08-20T19:50:45.0437942Z ^[[1m^[[92m       Fresh^[[0m unicode-ident v1.0.24
build-and-test	Run tests	2026-08-20T19:50:45.0438589Z ^[[1m^[[92m       Fresh^[[0m memchr v2.8.3
build-and-test	Run tests	2026-08-20T19:50:45.0439164Z ^[[1m^[[92m       Fresh^[[0m regex-syntax v0.8.11
build-and-test	Run tests	2026-08-20T19:50:45.0439760Z ^[[1m^[[92m       Fresh^[[0m proc-macro2 v1.0.107
build-and-test	Run tests	2026-08-20T19:50:45.0440238Z ^[[1m^[[92m       Fresh^[[0m aho-corasick v1.1.5
build-and-test	Run tests	2026-08-20T19:50:45.0440598Z ^[[1m^[[92m       Fresh^[[0m shlex v2.0.1
build-and-test	Run tests	2026-08-20T19:50:45.0441093Z ^[[1m^[[92m       Fresh^[[0m find-msvc-tools v0.1.11
build-and-test	Run tests	2026-08-20T19:50:45.0441627Z ^[[1m^[[92m       Fresh^[[0m quote v1.0.47
build-and-test	Run tests	2026-08-20T19:50:45.0442161Z ^[[1m^[[92m       Fresh^[[0m regex-automata v0.4.18
build-and-test	Run tests	2026-08-20T19:50:45.0442997Z ^[[1m^[[92m       Fresh^[[0m cc v1.4.3
build-and-test	Run tests	2026-08-20T19:50:45.0443485Z ^[[1m^[[92m       Fresh^[[0m lazy_static v1.5.0
build-and-test	Run tests	2026-08-20T19:50:45.0443987Z ^[[1m^[[92m       Fresh^[[0m regex v1.13.1
build-and-test	Run tests	2026-08-20T19:50:45.0444448Z ^[[1m^[[92m       Fresh^[[0m semver v1.0.28
build-and-test	Run tests	2026-08-20T19:50:45.0444879Z ^[[1m^[[92m       Fresh^[[0m syn v2.0.119
build-and-test	Run tests	2026-08-20T19:50:45.0445320Z ^[[1m^[[92m   Compiling^[[0m utf8parse v0.2.2
build-and-test	Run tests	2026-08-20T19:50:45.0445779Z ^[[1m^[[92m   Compiling^[[0m anstyle v1.0.14
build-and-test	Run tests	2026-08-20T19:50:45.0450368Z ^[[1m^[[92m     Running^[[0m `/home/runner/.rustup/toolchains/stable-x86_64-unknown-linux-gnu/bin/rustc --crate-name utf8parse --edition=2018 /home/runner/.cargo/registry/src/index.crates.io-1949cf8c6b5b557f/utf8parse-0.2.2/src/lib.rs --error-format=json --json=diagnostic-rendered-ansi,artifacts,future-incompat --crate-type lib --emit=dep-info,metadata,link -C embed-bitcode=no -C debuginfo=2 --cfg 'feature="default"' --check-cfg 'cfg(docsrs,test)' --check-cfg 'cfg(feature, values("default", "nightly"))' -C metadata=da352b67e3a83783 -C extra-filename=-cb3c3b5db9af1162 --out-dir /home/runner/work/aha-lang/aha-lang/target/debug/deps -L dependency=/home/runner/work/aha-lang/aha-lang/target/debug/deps --cap-lints allow`
build-and-test	Run tests	2026-08-20T19:50:45.0454546Z ^[[1m^[[92m   Compiling^[[0m is_terminal_polyfill v1.70.2
build-and-test	Run tests	2026-08-20T19:50:45.0455075Z ^[[1m^[[92m   Compiling^[[0m anstyle-query v1.1.5
build-and-test	Run tests	2026-08-20T19:50:45.0472876Z ^[[1m^[[92m     Running^[[0m `/home/runner/.rustup/toolchains/stable-x86_64-unknown-linux-gnu/bin/rustc --crate-name is_terminal_polyfill --edition=2021 /home/runner/.cargo/registry/src/index.crates.io-1949cf8c6b5b557f/is_terminal_polyfill-1.70.2/src/lib.rs --error-format=json --json=diagnostic-rendered-ansi,artifacts,future-incompat --crate-type lib --emit=dep-info,metadata,link -C embed-bitcode=no -C debuginfo=2 '--warn=clippy::zero_sized_map_values' '--warn=clippy::wildcard_imports' '--warn=clippy::verbose_file_reads' --warn=unused_qualifications --warn=unused_macro_rules --warn=unused_lifetimes --warn=unsafe_op_in_unsafe_fn --warn=unreachable_pub '--warn=clippy::trait_duplication_in_bounds' '--warn=clippy::todo' '--warn=clippy::string_to_string' '--warn=clippy::string_lit_as_bytes' '--warn=clippy::string_add_assign' '--warn=clippy::string_add' '--warn=clippy::str_to_string' '--warn=clippy::single_match_else' '--warn=clippy::semicolon_if_nothing_returned' '--warn=clippy::self_named_module_files' '--warn=clippy::same_functions_in_if_condition' --warn=rust_2018_idioms '--warn=clippy::rest_pat_in_fully_bound_structs' '--warn=clippy::ref_option_ref' '--warn=clippy::redundant_feature_names' '--warn=clippy::rc_mutex' '--warn=clippy::ptr_as_ptr' '--warn=clippy::path_buf_push_overwrite' '--warn=clippy::negative_feature_names' '--warn=clippy::needless_for_each' '--warn=clippy::needless_continue' '--warn=clippy::mutex_integer' '--warn=clippy::mem_forget' '--warn=clippy::match_wildcard_for_single_variants' '--warn=clippy::macro_use_imports' '--warn=clippy::lossy_float_literal' '--warn=clippy::linkedlist' '--allow=clippy::let_and_return' '--warn=clippy::large_types_passed_by_value' '--warn=clippy::large_stack_arrays' '--warn=clippy::large_digit_groups' '--warn=clippy::invalid_upcast_comparisons' '--warn=clippy::infinite_loop' '--warn=clippy::inefficient_to_string' '--warn=clippy::inconsistent_struct_constructor' '--warn=clippy::imprecise_flops' '--warn=clippy::implicit_clone' '--allow=clippy::if_same_then_else' '--warn=clippy::from_iter_instead_of_collect' '--warn=clippy::fn_params_excessive_bools' '--warn=clippy::float_cmp_const' '--warn=clippy::flat_map_option' '--warn=clippy::filter_map_next' '--warn=clippy::fallible_impl_from' '--warn=clippy::explicit_into_iter_loop' '--warn=clippy::explicit_deref_methods' '--warn=clippy::expl_impl_clone_on_copy' '--warn=clippy::enum_glob_use' '--warn=clippy::empty_enum' '--warn=clippy::doc_markdown' '--warn=clippy::debug_assert_with_mut_call' '--warn=clippy::dbg_macro' '--warn=clippy::create_dir' '--allow=clippy::collapsible_else_if' '--warn=clippy::checked_conversions' '--allow=clippy::branches_sharing_code' '--allow=clippy::bool_assert_comparison' --cfg 'feature="default"' --check-cfg 'cfg(docsrs,test)' --check-cfg 'cfg(feature, values("default"))' -C metadata=8ddc9a7ace9f3d7d -C extra-filename=-cec1cb8ad672ff05 --out-dir /home/runner/work/aha-lang/aha-lang/target/debug/deps -L dependency=/home/runner/work/aha-lang/aha-lang/target/debug/deps --cap-lints allow`
build-and-test	Run tests	2026-08-20T19:50:45.0506881Z ^[[1m^[[92m     Running^[[0m `/home/runner/.rustup/toolchains/stable-x86_64-unknown-linux-gnu/bin/rustc --crate-name anstyle_query --edition=2021 /home/runner/.cargo/registry/src/index.crates.io-1949cf8c6b5b557f/anstyle-query-1.1.5/src/lib.rs --error-format=json --json=diagnostic-rendered-ansi,artifacts,future-incompat --crate-type lib --emit=dep-info,metadata,link -C embed-bitcode=no -C debuginfo=2 --warn=rust_2018_idioms '--warn=clippy::zero_sized_map_values' '--warn=clippy::wildcard_imports' '--warn=clippy::verbose_file_reads' --warn=unused_qualifications --warn=unused_macro_rules --warn=unused_lifetimes --warn=unsafe_op_in_unsafe_fn --warn=unreachable_pub --warn=unnameable_types '--warn=clippy::uninlined_format_args' '--warn=clippy::trait_duplication_in_bounds' '--warn=clippy::todo' '--warn=clippy::string_lit_as_bytes' '--warn=clippy::string_add_assign' '--warn=clippy::string_add' '--warn=clippy::str_to_string' '--warn=clippy::semicolon_if_nothing_returned' '--warn=clippy::self_named_module_files' '--warn=clippy::same_functions_in_if_condition' '--allow=clippy::result_large_err' '--warn=clippy::rest_pat_in_fully_bound_structs' '--warn=clippy::ref_option_ref' '--warn=clippy::redundant_feature_names' '--warn=clippy::rc_mutex' '--warn=clippy::ptr_as_ptr' '--warn=clippy::path_buf_push_overwrite' '--warn=clippy::negative_feature_names' '--warn=clippy::needless_for_each' '--allow=clippy::needless_continue' '--warn=clippy::mutex_integer' '--warn=clippy::mem_forget' '--warn=clippy::macro_use_imports' '--warn=clippy::lossy_float_literal' '--warn=clippy::linkedlist' '--allow=clippy::let_and_return' '--warn=clippy::large_types_passed_by_value' '--warn=clippy::large_stack_arrays' '--warn=clippy::large_digit_groups' '--warn=clippy::invalid_upcast_comparisons' '--warn=clippy::infinite_loop' '--warn=clippy::inefficient_to_string' '--warn=clippy::inconsistent_struct_constructor' '--warn=clippy::imprecise_flops' '--warn=clippy::implicit_clone' '--allow=clippy::if_same_then_else' '--warn=clippy::from_iter_instead_of_collect' '--warn=clippy::fn_params_excessive_bools' '--warn=clippy::float_cmp_const' '--warn=clippy::flat_map_option' '--warn=clippy::filter_map_next' '--warn=clippy::fallible_impl_from' '--warn=clippy::explicit_into_iter_loop' '--warn=clippy::explicit_deref_methods' '--warn=clippy::expl_impl_clone_on_copy' '--warn=clippy::enum_glob_use' '--warn=clippy::empty_enum' '--warn=clippy::doc_markdown' '--warn=clippy::debug_assert_with_mut_call' '--warn=clippy::dbg_macro' '--warn=clippy::create_dir' '--allow=clippy::collapsible_else_if' '--warn=clippy::checked_conversions' '--allow=clippy::branches_sharing_code' '--allow=clippy::bool_assert_comparison' --check-cfg 'cfg(docsrs,test)' --check-cfg 'cfg(feature, values())' -C metadata=e93496b2410c3af0 -C extra-filename=-a513904800864744 --out-dir /home/runner/work/aha-lang/aha-lang/target/debug/deps -L dependency=/home/runner/work/aha-lang/aha-lang/target/debug/deps --cap-lints allow`
build-and-test	Run tests	2026-08-20T19:50:45.0542464Z ^[[1m^[[92m     Running^[[0m `/home/runner/.rustup/toolchains/stable-x86_64-unknown-linux-gnu/bin/rustc --crate-name anstyle --edition=2021 /home/runner/.cargo/registry/src/index.crates.io-1949cf8c6b5b557f/anstyle-1.0.14/src/lib.rs --error-format=json --json=diagnostic-rendered-ansi,artifacts,future-incompat --crate-type lib --emit=dep-info,metadata,link -C embed-bitcode=no -C debuginfo=2 --warn=rust_2018_idioms '--warn=clippy::zero_sized_map_values' '--warn=clippy::wildcard_imports' '--warn=clippy::verbose_file_reads' --warn=unused_qualifications --warn=unused_macro_rules --warn=unused_lifetimes --warn=unsafe_op_in_unsafe_fn --warn=unreachable_pub --warn=unnameable_types '--warn=clippy::uninlined_format_args' '--warn=clippy::trait_duplication_in_bounds' '--warn=clippy::todo' '--warn=clippy::string_lit_as_bytes' '--warn=clippy::string_add_assign' '--warn=clippy::string_add' '--warn=clippy::str_to_string' '--warn=clippy::semicolon_if_nothing_returned' '--warn=clippy::self_named_module_files' '--warn=clippy::same_functions_in_if_condition' '--allow=clippy::result_large_err' '--warn=clippy::rest_pat_in_fully_bound_structs' '--warn=clippy::ref_option_ref' '--warn=clippy::redundant_feature_names' '--warn=clippy::rc_mutex' '--warn=clippy::ptr_as_ptr' '--warn=clippy::path_buf_push_overwrite' '--warn=clippy::negative_feature_names' '--warn=clippy::needless_for_each' '--allow=clippy::needless_continue' '--warn=clippy::mutex_integer' '--warn=clippy::mem_forget' '--warn=clippy::macro_use_imports' '--warn=clippy::lossy_float_literal' '--warn=clippy::linkedlist' '--allow=clippy::let_and_return' '--warn=clippy::large_types_passed_by_value' '--warn=clippy::large_stack_arrays' '--warn=clippy::large_digit_groups' '--warn=clippy::invalid_upcast_comparisons' '--warn=clippy::infinite_loop' '--warn=clippy::inefficient_to_string' '--warn=clippy::inconsistent_struct_constructor' '--warn=clippy::imprecise_flops' '--warn=clippy::implicit_clone' '--allow=clippy::if_same_then_else' '--warn=clippy::from_iter_instead_of_collect' '--warn=clippy::fn_params_excessive_bools' '--warn=clippy::float_cmp_const' '--warn=clippy::flat_map_option' '--warn=clippy::filter_map_next' '--warn=clippy::fallible_impl_from' '--warn=clippy::explicit_into_iter_loop' '--warn=clippy::explicit_deref_methods' '--warn=clippy::expl_impl_clone_on_copy' '--warn=clippy::enum_glob_use' '--warn=clippy::empty_enums' '--warn=clippy::doc_markdown' '--warn=clippy::debug_assert_with_mut_call' '--warn=clippy::dbg_macro' '--warn=clippy::create_dir' '--allow=clippy::collapsible_else_if' '--warn=clippy::checked_conversions' '--allow=clippy::branches_sharing_code' '--allow=clippy::bool_assert_comparison' --cfg 'feature="default"' --cfg 'feature="std"' --check-cfg 'cfg(docsrs,test)' --check-cfg 'cfg(feature, values("default", "std"))' -C metadata=fe8666f2e9b1449c -C extra-filename=-b51d84d412de1c3e --out-dir /home/runner/work/aha-lang/aha-lang/target/debug/deps -L dependency=/home/runner/work/aha-lang/aha-lang/target/debug/deps --cap-lints allow`
build-and-test	Run tests	2026-08-20T19:50:45.0924076Z ^[[1m^[[92m   Compiling^[[0m anstyle-parse v1.0.0
build-and-test	Run tests	2026-08-20T19:50:45.0955357Z ^[[1m^[[92m     Running^[[0m `/home/runner/.rustup/toolchains/stable-x86_64-unknown-linux-gnu/bin/rustc --crate-name anstyle_parse --edition=2021 /home/runner/.cargo/registry/src/index.crates.io-1949cf8c6b5b557f/anstyle-parse-1.0.0/src/lib.rs --error-format=json --json=diagnostic-rendered-ansi,artifacts,future-incompat --crate-type lib --emit=dep-info,metadata,link -C embed-bitcode=no -C debuginfo=2 --warn=rust_2018_idioms '--warn=clippy::zero_sized_map_values' '--warn=clippy::wildcard_imports' '--warn=clippy::verbose_file_reads' --warn=unused_qualifications --warn=unused_macro_rules --warn=unused_lifetimes --warn=unsafe_op_in_unsafe_fn --warn=unreachable_pub --warn=unnameable_types '--warn=clippy::uninlined_format_args' '--warn=clippy::trait_duplication_in_bounds' '--warn=clippy::todo' '--warn=clippy::string_lit_as_bytes' '--warn=clippy::string_add_assign' '--warn=clippy::string_add' '--warn=clippy::str_to_string' '--warn=clippy::semicolon_if_nothing_returned' '--warn=clippy::self_named_module_files' '--warn=clippy::same_functions_in_if_condition' '--allow=clippy::result_large_err' '--warn=clippy::rest_pat_in_fully_bound_structs' '--warn=clippy::ref_option_ref' '--warn=clippy::redundant_feature_names' '--warn=clippy::rc_mutex' '--warn=clippy::ptr_as_ptr' '--warn=clippy::path_buf_push_overwrite' '--warn=clippy::negative_feature_names' '--warn=clippy::needless_for_each' '--allow=clippy::needless_continue' '--warn=clippy::mutex_integer' '--warn=clippy::mem_forget' '--warn=clippy::macro_use_imports' '--warn=clippy::lossy_float_literal' '--warn=clippy::linkedlist' '--allow=clippy::let_and_return' '--warn=clippy::large_types_passed_by_value' '--warn=clippy::large_stack_arrays' '--warn=clippy::large_digit_groups' '--warn=clippy::invalid_upcast_comparisons' '--warn=clippy::infinite_loop' '--warn=clippy::inefficient_to_string' '--warn=clippy::inconsistent_struct_constructor' '--warn=clippy::imprecise_flops' '--warn=clippy::implicit_clone' '--allow=clippy::if_same_then_else' '--warn=clippy::from_iter_instead_of_collect' '--warn=clippy::fn_params_excessive_bools' '--warn=clippy::float_cmp_const' '--warn=clippy::flat_map_option' '--warn=clippy::filter_map_next' '--warn=clippy::fallible_impl_from' '--warn=clippy::explicit_into_iter_loop' '--warn=clippy::explicit_deref_methods' '--warn=clippy::expl_impl_clone_on_copy' '--warn=clippy::enum_glob_use' '--warn=clippy::empty_enums' '--warn=clippy::doc_markdown' '--warn=clippy::debug_assert_with_mut_call' '--warn=clippy::dbg_macro' '--warn=clippy::create_dir' '--allow=clippy::collapsible_else_if' '--warn=clippy::checked_conversions' '--allow=clippy::branches_sharing_code' '--allow=clippy::bool_assert_comparison' --cfg 'feature="default"' --cfg 'feature="utf8"' --check-cfg 'cfg(docsrs,test)' --check-cfg 'cfg(feature, values("core", "default", "utf8"))' -C metadata=ea813f951f7ab01c -C extra-filename=-88299bd109f07bba --out-dir /home/runner/work/aha-lang/aha-lang/target/debug/deps -L dependency=/home/runner/work/aha-lang/aha-lang/target/debug/deps --extern utf8parse=/home/runner/work/aha-lang/aha-lang/target/debug/deps/libutf8parse-cb3c3b5db9af1162.rmeta --cap-lints allow`
build-and-test	Run tests	2026-08-20T19:50:45.1019172Z ^[[1m^[[92m   Compiling^[[0m colorchoice v1.0.5
build-and-test	Run tests	2026-08-20T19:50:45.1071904Z ^[[1m^[[92m     Running^[[0m `/home/runner/.rustup/toolchains/stable-x86_64-unknown-linux-gnu/bin/rustc --crate-name colorchoice --edition=2021 /home/runner/.cargo/registry/src/index.crates.io-1949cf8c6b5b557f/colorchoice-1.0.5/src/lib.rs --error-format=json --json=diagnostic-rendered-ansi,artifacts,future-incompat --crate-type lib --emit=dep-info,metadata,link -C embed-bitcode=no -C debuginfo=2 --warn=rust_2018_idioms '--warn=clippy::zero_sized_map_values' '--warn=clippy::wildcard_imports' '--warn=clippy::verbose_file_reads' --warn=unused_qualifications --warn=unused_macro_rules --warn=unused_lifetimes --warn=unsafe_op_in_unsafe_fn --warn=unreachable_pub --warn=unnameable_types '--warn=clippy::uninlined_format_args' '--warn=clippy::trait_duplication_in_bounds' '--warn=clippy::todo' '--warn=clippy::string_lit_as_bytes' '--warn=clippy::string_add_assign' '--warn=clippy::string_add' '--warn=clippy::str_to_string' '--warn=clippy::semicolon_if_nothing_returned' '--warn=clippy::self_named_module_files' '--warn=clippy::same_functions_in_if_condition' '--allow=clippy::result_large_err' '--warn=clippy::rest_pat_in_fully_bound_structs' '--warn=clippy::ref_option_ref' '--warn=clippy::redundant_feature_names' '--warn=clippy::rc_mutex' '--warn=clippy::ptr_as_ptr' '--warn=clippy::path_buf_push_overwrite' '--warn=clippy::negative_feature_names' '--warn=clippy::needless_for_each' '--allow=clippy::needless_continue' '--warn=clippy::mutex_integer' '--warn=clippy::mem_forget' '--warn=clippy::macro_use_imports' '--warn=clippy::lossy_float_literal' '--warn=clippy::linkedlist' '--allow=clippy::let_and_return' '--warn=clippy::large_types_passed_by_value' '--warn=clippy::large_stack_arrays' '--warn=clippy::large_digit_groups' '--warn=clippy::invalid_upcast_comparisons' '--warn=clippy::infinite_loop' '--warn=clippy::inefficient_to_string' '--warn=clippy::inconsistent_struct_constructor' '--warn=clippy::imprecise_flops' '--warn=clippy::implicit_clone' '--allow=clippy::if_same_then_else' '--warn=clippy::from_iter_instead_of_collect' '--warn=clippy::fn_params_excessive_bools' '--warn=clippy::float_cmp_const' '--warn=clippy::flat_map_option' '--warn=clippy::filter_map_next' '--warn=clippy::fallible_impl_from' '--warn=clippy::explicit_into_iter_loop' '--warn=clippy::explicit_deref_methods' '--warn=clippy::expl_impl_clone_on_copy' '--warn=clippy::enum_glob_use' '--warn=clippy::empty_enums' '--warn=clippy::doc_markdown' '--warn=clippy::debug_assert_with_mut_call' '--warn=clippy::dbg_macro' '--warn=clippy::create_dir' '--allow=clippy::collapsible_else_if' '--warn=clippy::checked_conversions' '--allow=clippy::branches_sharing_code' '--allow=clippy::bool_assert_comparison' --check-cfg 'cfg(docsrs,test)' --check-cfg 'cfg(feature, values())' -C metadata=dd9c19717fd053da -C extra-filename=-ea4ae1a2aa2ecf71 --out-dir /home/runner/work/aha-lang/aha-lang/target/debug/deps -L dependency=/home/runner/work/aha-lang/aha-lang/target/debug/deps --cap-lints allow`
build-and-test	Run tests	2026-08-20T19:50:45.1113680Z ^[[1m^[[92m   Compiling^[[0m libc v0.2.189
build-and-test	Run tests	2026-08-20T19:50:45.1156207Z ^[[1m^[[92m     Running^[[0m `/home/runner/.rustup/toolchains/stable-x86_64-unknown-linux-gnu/bin/rustc --crate-name libc --edition=2021 /home/runner/.cargo/registry/src/index.crates.io-1949cf8c6b5b557f/libc-0.2.189/src/lib.rs --error-format=json --json=diagnostic-rendered-ansi,artifacts,future-incompat --crate-type lib --emit=dep-info,metadata,link -C embed-bitcode=no -C debuginfo=2 --allow=unused_qualifications '--warn=clippy::unnecessary_semicolon' '--allow=clippy::unnecessary_cast' '--warn=clippy::ptr_as_ptr' '--allow=clippy::non_minimal_cfg' '--allow=clippy::missing_safety_doc' '--warn=clippy::map_unwrap_or' '--warn=clippy::manual_assert' '--allow=clippy::identity_op' '--warn=clippy::explicit_iter_loop' --cfg 'feature="default"' --cfg 'feature="std"' --check-cfg 'cfg(docsrs,test)' --check-cfg 'cfg(feature, values("align", "const-extern-fn", "default", "extra_traits", "rustc-dep-of-std", "rustc-std-workspace-core", "std", "use_std"))' -C metadata=b79d844f5661dd17 -C extra-filename=-fbf8bc28fcf89111 --out-dir /home/runner/work/aha-lang/aha-lang/target/debug/deps -L dependency=/home/runner/work/aha-lang/aha-lang/target/debug/deps --cap-lints allow --cfg freebsd12 --check-cfg 'cfg(emscripten_old_stat_abi)' --check-cfg 'cfg(espidf_picolibc)' --check-cfg 'cfg(espidf_time32)' --check-cfg 'cfg(freebsd10)' --check-cfg 'cfg(freebsd11)' --check-cfg 'cfg(freebsd12)' --check-cfg 'cfg(freebsd13)' --check-cfg 'cfg(freebsd14)' --check-cfg 'cfg(freebsd15)' --check-cfg 'cfg(gnu_file_offset_bits64)' --check-cfg 'cfg(gnu_time_bits64)' --check-cfg 'cfg(libc_deny_warnings)' --check-cfg 'cfg(linux_time_bits64)' --check-cfg 'cfg(musl_v1_2_3)' --check-cfg 'cfg(musl32_time64)' --check-cfg 'cfg(musl_redir_time64)' --check-cfg 'cfg(vxworks_lt_25_09)' --check-cfg 'cfg(libc_pauthtest)' --check-cfg 'cfg(target_os,values("switch","aix","ohos","hurd","rtems","visionos","nuttx","cygwin","qurt","qnx"))' --check-cfg 'cfg(target_env,values("illumos","wasi","aix","ohos","nto71_iosock"))' --check-cfg 'cfg(target_arch,values("loongarch64","mips32r6","mips64r6","csky"))'`
build-and-test	Run tests	2026-08-20T19:50:45.1690465Z ^[[1m^[[92m       Fresh^[[0m thiserror-impl v1.0.69
build-and-test	Run tests	2026-08-20T19:50:45.1691427Z ^[[1m^[[92m       Fresh^[[0m syn v3.0.3
build-and-test	Run tests	2026-08-20T19:50:45.1692801Z ^[[1m^[[92m   Compiling^[[0m strsim v0.11.1
build-and-test	Run tests	2026-08-20T19:50:45.1697856Z ^[[1m^[[92m     Running^[[0m `/home/runner/.rustup/toolchains/stable-x86_64-unknown-linux-gnu/bin/rustc --crate-name strsim --edition=2015 /home/runner/.cargo/registry/src/index.crates.io-1949cf8c6b5b557f/strsim-0.11.1/src/lib.rs --error-format=json --json=diagnostic-rendered-ansi,artifacts,future-incompat --crate-type lib --emit=dep-info,metadata,link -C embed-bitcode=no -C debuginfo=2 --check-cfg 'cfg(docsrs,test)' --check-cfg 'cfg(feature, values())' -C metadata=a66aa28f4b29a441 -C extra-filename=-3f1ca007c91986d3 --out-dir /home/runner/work/aha-lang/aha-lang/target/debug/deps -L dependency=/home/runner/work/aha-lang/aha-lang/target/debug/deps --cap-lints allow`
build-and-test	Run tests	2026-08-20T19:50:45.2179911Z ^[[1m^[[92m   Compiling^[[0m anstream v1.0.0
build-and-test	Run tests	2026-08-20T19:50:45.2208060Z ^[[1m^[[92m     Running^[[0m `/home/runner/.rustup/toolchains/stable-x86_64-unknown-linux-gnu/bin/rustc --crate-name anstream --edition=2021 /home/runner/.cargo/registry/src/index.crates.io-1949cf8c6b5b557f/anstream-1.0.0/src/lib.rs --error-format=json --json=diagnostic-rendered-ansi,artifacts,future-incompat --crate-type lib --emit=dep-info,metadata,link -C embed-bitcode=no -C debuginfo=2 --warn=rust_2018_idioms '--warn=clippy::zero_sized_map_values' '--warn=clippy::wildcard_imports' '--warn=clippy::verbose_file_reads' --warn=unused_qualifications --warn=unused_macro_rules --warn=unused_lifetimes --warn=unsafe_op_in_unsafe_fn --warn=unreachable_pub --warn=unnameable_types '--warn=clippy::uninlined_format_args' '--warn=clippy::trait_duplication_in_bounds' '--warn=clippy::todo' '--warn=clippy::string_lit_as_bytes' '--warn=clippy::string_add_assign' '--warn=clippy::string_add' '--warn=clippy::str_to_string' '--warn=clippy::semicolon_if_nothing_returned' '--warn=clippy::self_named_module_files' '--warn=clippy::same_functions_in_if_condition' '--allow=clippy::result_large_err' '--warn=clippy::rest_pat_in_fully_bound_structs' '--warn=clippy::ref_option_ref' '--warn=clippy::redundant_feature_names' '--warn=clippy::rc_mutex' '--warn=clippy::ptr_as_ptr' '--warn=clippy::path_buf_push_overwrite' '--warn=clippy::negative_feature_names' '--warn=clippy::needless_for_each' '--allow=clippy::needless_continue' '--warn=clippy::mutex_integer' '--warn=clippy::mem_forget' '--warn=clippy::macro_use_imports' '--warn=clippy::lossy_float_literal' '--warn=clippy::linkedlist' '--allow=clippy::let_and_return' '--warn=clippy::large_types_passed_by_value' '--warn=clippy::large_stack_arrays' '--warn=clippy::large_digit_groups' '--warn=clippy::invalid_upcast_comparisons' '--warn=clippy::infinite_loop' '--warn=clippy::inefficient_to_string' '--warn=clippy::inconsistent_struct_constructor' '--warn=clippy::imprecise_flops' '--warn=clippy::implicit_clone' '--allow=clippy::if_same_then_else' '--warn=clippy::from_iter_instead_of_collect' '--warn=clippy::fn_params_excessive_bools' '--warn=clippy::float_cmp_const' '--warn=clippy::flat_map_option' '--warn=clippy::filter_map_next' '--warn=clippy::fallible_impl_from' '--warn=clippy::explicit_into_iter_loop' '--warn=clippy::explicit_deref_methods' '--warn=clippy::expl_impl_clone_on_copy' '--warn=clippy::enum_glob_use' '--warn=clippy::empty_enums' '--warn=clippy::doc_markdown' '--warn=clippy::debug_assert_with_mut_call' '--warn=clippy::dbg_macro' '--warn=clippy::create_dir' '--allow=clippy::collapsible_else_if' '--warn=clippy::checked_conversions' '--allow=clippy::branches_sharing_code' '--allow=clippy::bool_assert_comparison' --cfg 'feature="auto"' --cfg 'feature="default"' --cfg 'feature="wincon"' --check-cfg 'cfg(docsrs,test)' --check-cfg 'cfg(feature, values("auto", "default", "test", "wincon"))' -C metadata=2b702948f0f07204 -C extra-filename=-d002f44be000a85b --out-dir /home/runner/work/aha-lang/aha-lang/target/debug/deps -L dependency=/home/runner/work/aha-lang/aha-lang/target/debug/deps --extern anstyle=/home/runner/work/aha-lang/aha-lang/target/debug/deps/libanstyle-b51d84d412de1c3e.rmeta --extern anstyle_parse=/home/runner/work/aha-lang/aha-lang/target/debug/deps/libanstyle_parse-88299bd109f07bba.rmeta --extern anstyle_query=/home/runner/work/aha-lang/aha-lang/target/debug/deps/libanstyle_query-a513904800864744.rmeta --extern colorchoice=/home/runner/work/aha-lang/aha-lang/target/debug/deps/libcolorchoice-ea4ae1a2aa2ecf71.rmeta --extern is_terminal_polyfill=/home/runner/work/aha-lang/aha-lang/target/debug/deps/libis_terminal_polyfill-cec1cb8ad672ff05.rmeta --extern utf8parse=/home/runner/work/aha-lang/aha-lang/target/debug/deps/libutf8parse-cb3c3b5db9af1162.rmeta --cap-lints allow`
build-and-test	Run tests	2026-08-20T19:50:45.2341437Z ^[[1m^[[92m       Fresh^[[0m heck v0.5.0
build-and-test	Run tests	2026-08-20T19:50:45.2342723Z ^[[1m^[[92m   Compiling^[[0m clap_lex v1.1.0
build-and-test	Run tests	2026-08-20T19:50:45.2363848Z ^[[1m^[[92m     Running^[[0m `/home/runner/.rustup/toolchains/stable-x86_64-unknown-linux-gnu/bin/rustc --crate-name clap_lex --edition=2024 /home/runner/.cargo/registry/src/index.crates.io-1949cf8c6b5b557f/clap_lex-1.1.0/src/lib.rs --error-format=json --json=diagnostic-rendered-ansi,artifacts,future-incompat --crate-type lib --emit=dep-info,metadata,link -C embed-bitcode=no -C debuginfo=2 --warn=rust_2018_idioms '--warn=clippy::zero_sized_map_values' '--warn=clippy::verbose_file_reads' --warn=unused_qualifications --warn=unused_macro_rules --warn=unused_lifetimes --warn=unsafe_op_in_unsafe_fn --warn=unreachable_pub --allow=unnameable_types '--warn=clippy::uninlined_format_args' '--warn=clippy::trait_duplication_in_bounds' '--warn=clippy::todo' '--warn=clippy::string_lit_as_bytes' '--warn=clippy::string_add_assign' '--warn=clippy::semicolon_if_nothing_returned' '--warn=clippy::self_named_module_files' '--warn=clippy::same_functions_in_if_condition' '--allow=clippy::result_large_err' '--warn=clippy::rest_pat_in_fully_bound_structs' '--warn=clippy::ref_option_ref' '--warn=clippy::redundant_feature_names' '--warn=clippy::rc_mutex' '--warn=clippy::ptr_as_ptr' '--warn=clippy::path_buf_push_overwrite' '--warn=clippy::negative_feature_names' '--warn=clippy::needless_for_each' '--allow=clippy::needless_continue' '--warn=clippy::mutex_integer' '--allow=clippy::multiple_bound_locations' '--warn=clippy::mem_forget' '--warn=clippy::macro_use_imports' '--warn=clippy::lossy_float_literal' '--warn=clippy::linkedlist' '--allow=clippy::let_and_return' '--warn=clippy::large_types_passed_by_value' '--warn=clippy::large_stack_arrays' '--warn=clippy::large_digit_groups' '--warn=clippy::invalid_upcast_comparisons' '--warn=clippy::infinite_loop' '--warn=clippy::inefficient_to_string' '--warn=clippy::inconsistent_struct_constructor' '--warn=clippy::imprecise_flops' '--warn=clippy::implicit_clone' '--allow=clippy::if_same_then_else' '--warn=clippy::from_iter_instead_of_collect' '--warn=clippy::fn_params_excessive_bools' '--warn=clippy::float_cmp_const' '--warn=clippy::flat_map_option' '--warn=clippy::filter_map_next' '--warn=clippy::fallible_impl_from' '--warn=clippy::explicit_into_iter_loop' '--warn=clippy::explicit_deref_methods' '--warn=clippy::expl_impl_clone_on_copy' '--warn=clippy::enum_glob_use' '--warn=clippy::empty_enums' '--warn=clippy::doc_markdown' '--warn=clippy::debug_assert_with_mut_call' '--warn=clippy::dbg_macro' '--warn=clippy::create_dir' '--allow=clippy::collapsible_else_if' '--warn=clippy::checked_conversions' '--allow=clippy::branches_sharing_code' '--allow=clippy::bool_assert_comparison' '--allow=clippy::blocks_in_conditions' '--allow=clippy::assigning_clones' --check-cfg 'cfg(docsrs,test)' --check-cfg 'cfg(feature, values())' -C metadata=7431be54a0c4534a -C extra-filename=-0d760923731693f7 --out-dir /home/runner/work/aha-lang/aha-lang/target/debug/deps -L dependency=/home/runner/work/aha-lang/aha-lang/target/debug/deps --cap-lints allow`
build-and-test	Run tests	2026-08-20T19:50:45.4259694Z ^[[1m^[[92m       Fresh^[[0m clap_derive v4.6.4
build-and-test	Run tests	2026-08-20T19:50:45.4260786Z ^[[1m^[[92m   Compiling^[[0m thiserror v1.0.69
build-and-test	Run tests	2026-08-20T19:50:45.4288428Z ^[[1m^[[92m     Running^[[0m `/home/runner/.rustup/toolchains/stable-x86_64-unknown-linux-gnu/bin/rustc --crate-name thiserror --edition=2021 /home/runner/.cargo/registry/src/index.crates.io-1949cf8c6b5b557f/thiserror-1.0.69/src/lib.rs --error-format=json --json=diagnostic-rendered-ansi,artifacts,future-incompat --crate-type lib --emit=dep-info,metadata,link -C embed-bitcode=no -C debuginfo=2 --check-cfg 'cfg(docsrs,test)' --check-cfg 'cfg(feature, values())' -C metadata=9ea35d1ec42cf8c1 -C extra-filename=-1a6517ea1a4f0fc0 --out-dir /home/runner/work/aha-lang/aha-lang/target/debug/deps -L dependency=/home/runner/work/aha-lang/aha-lang/target/debug/deps --extern thiserror_impl=/home/runner/work/aha-lang/aha-lang/target/debug/deps/libthiserror_impl-d6c02c9577217913.so --cap-lints allow --check-cfg 'cfg(error_generic_member_access)' --check-cfg 'cfg(thiserror_nightly_testing)'`
build-and-test	Run tests	2026-08-20T19:50:45.4783693Z ^[[1m^[[92m   Compiling^[[0m clap_builder v4.6.6
build-and-test	Run tests	2026-08-20T19:50:45.4836499Z ^[[1m^[[92m     Running^[[0m `/home/runner/.rustup/toolchains/stable-x86_64-unknown-linux-gnu/bin/rustc --crate-name clap_builder --edition=2024 /home/runner/.cargo/registry/src/index.crates.io-1949cf8c6b5b557f/clap_builder-4.6.6/src/lib.rs --error-format=json --json=diagnostic-rendered-ansi,artifacts,future-incompat --crate-type lib --emit=dep-info,metadata,link -C embed-bitcode=no -C debuginfo=2 --warn=rust_2018_idioms '--warn=clippy::zero_sized_map_values' '--warn=clippy::verbose_file_reads' --warn=unused_qualifications --warn=unused_macro_rules --warn=unused_lifetimes --warn=unsafe_op_in_unsafe_fn --warn=unreachable_pub --allow=unnameable_types '--warn=clippy::uninlined_format_args' '--warn=clippy::trait_duplication_in_bounds' '--warn=clippy::todo' '--warn=clippy::string_lit_as_bytes' '--warn=clippy::string_add_assign' '--warn=clippy::string_add' '--warn=clippy::str_to_string' '--warn=clippy::semicolon_if_nothing_returned' '--warn=clippy::self_named_module_files' '--warn=clippy::same_functions_in_if_condition' '--allow=clippy::result_large_err' '--warn=clippy::rest_pat_in_fully_bound_structs' '--warn=clippy::ref_option_ref' '--warn=clippy::redundant_feature_names' '--warn=clippy::rc_mutex' '--warn=clippy::ptr_as_ptr' '--warn=clippy::path_buf_push_overwrite' '--warn=clippy::negative_feature_names' '--warn=clippy::needless_for_each' '--allow=clippy::needless_continue' '--warn=clippy::mutex_integer' '--allow=clippy::multiple_bound_locations' '--warn=clippy::mem_forget' '--warn=clippy::macro_use_imports' '--warn=clippy::lossy_float_literal' '--warn=clippy::linkedlist' '--allow=clippy::let_and_return' '--warn=clippy::large_types_passed_by_value' '--warn=clippy::large_stack_arrays' '--warn=clippy::large_digit_groups' '--warn=clippy::invalid_upcast_comparisons' '--warn=clippy::infinite_loop' '--warn=clippy::inefficient_to_string' '--warn=clippy::inconsistent_struct_constructor' '--warn=clippy::imprecise_flops' '--warn=clippy::implicit_clone' '--allow=clippy::if_same_then_else' '--warn=clippy::from_iter_instead_of_collect' '--warn=clippy::fn_params_excessive_bools' '--warn=clippy::float_cmp_const' '--warn=clippy::flat_map_option' '--warn=clippy::filter_map_next' '--warn=clippy::fallible_impl_from' '--warn=clippy::explicit_into_iter_loop' '--warn=clippy::explicit_deref_methods' '--warn=clippy::expl_impl_clone_on_copy' '--warn=clippy::enum_glob_use' '--warn=clippy::empty_enums' '--warn=clippy::doc_markdown' '--warn=clippy::debug_assert_with_mut_call' '--warn=clippy::dbg_macro' '--warn=clippy::create_dir' '--allow=clippy::collapsible_else_if' '--warn=clippy::checked_conversions' '--allow=clippy::branches_sharing_code' '--allow=clippy::bool_assert_comparison' '--allow=clippy::blocks_in_conditions' '--allow=clippy::assigning_clones' --cfg 'feature="color"' --cfg 'feature="error-context"' --cfg 'feature="help"' --cfg 'feature="std"' --cfg 'feature="suggestions"' --cfg 'feature="usage"' --check-cfg 'cfg(docsrs,test)' --check-cfg 'cfg(feature, values("cargo", "color", "debug", "default", "deprecated", "env", "error-context", "help", "std", "string", "suggestions", "unicode", "unstable-doc", "unstable-ext", "unstable-styles", "unstable-v5", "usage", "wrap_help"))' -C metadata=bc1da654aee04f0b -C extra-filename=-d2980ba2e3da0c02 --out-dir /home/runner/work/aha-lang/aha-lang/target/debug/deps -L dependency=/home/runner/work/aha-lang/aha-lang/target/debug/deps --extern anstream=/home/runner/work/aha-lang/aha-lang/target/debug/deps/libanstream-d002f44be000a85b.rmeta --extern anstyle=/home/runner/work/aha-lang/aha-lang/target/debug/deps/libanstyle-b51d84d412de1c3e.rmeta --extern clap_lex=/home/runner/work/aha-lang/aha-lang/target/debug/deps/libclap_lex-0d760923731693f7.rmeta --extern strsim=/home/runner/work/aha-lang/aha-lang/target/debug/deps/libstrsim-3f1ca007c91986d3.rmeta --cap-lints allow`
build-and-test	Run tests	2026-08-20T19:50:45.5228004Z ^[[1m^[[92m       Fresh^[[0m inkwell_internals v0.9.0
build-and-test	Run tests	2026-08-20T19:50:45.5231210Z ^[[1m^[[92m   Compiling^[[0m either v1.18.0
build-and-test	Run tests	2026-08-20T19:50:45.5268181Z ^[[1m^[[92m     Running^[[0m `/home/runner/.rustup/toolchains/stable-x86_64-unknown-linux-gnu/bin/rustc --crate-name either --edition=2021 /home/runner/.cargo/registry/src/index.crates.io-1949cf8c6b5b557f/either-1.18.0/src/lib.rs --error-format=json --json=diagnostic-rendered-ansi,artifacts,future-incompat --crate-type lib --emit=dep-info,metadata,link -C embed-bitcode=no -C debuginfo=2 --cfg 'feature="default"' --cfg 'feature="std"' --check-cfg 'cfg(docsrs,test)' --check-cfg 'cfg(feature, values("default", "serde", "std", "use_std"))' -C metadata=f3f97bdb1267b27b -C extra-filename=-a9fe5ff4d27133cf --out-dir /home/runner/work/aha-lang/aha-lang/target/debug/deps -L dependency=/home/runner/work/aha-lang/aha-lang/target/debug/deps --cap-lints allow`
build-and-test	Run tests	2026-08-20T19:50:45.5362406Z ^[[1m^[[92m   Compiling^[[0m once_cell v1.21.4
build-and-test	Run tests	2026-08-20T19:50:45.5373852Z ^[[1m^[[92m     Running^[[0m `/home/runner/.rustup/toolchains/stable-x86_64-unknown-linux-gnu/bin/rustc --crate-name once_cell --edition=2021 /home/runner/.cargo/registry/src/index.crates.io-1949cf8c6b5b557f/once_cell-1.21.4/src/lib.rs --error-format=json --json=diagnostic-rendered-ansi,artifacts,future-incompat --crate-type lib --emit=dep-info,metadata,link -C embed-bitcode=no -C debuginfo=2 --cfg 'feature="alloc"' --cfg 'feature="default"' --cfg 'feature="race"' --cfg 'feature="std"' --check-cfg 'cfg(docsrs,test)' --check-cfg 'cfg(feature, values("alloc", "atomic-polyfill", "critical-section", "default", "parking_lot", "portable-atomic", "race", "std", "unstable"))' -C metadata=3b06265613e6df81 -C extra-filename=-3b91e9b615e6cae7 --out-dir /home/runner/work/aha-lang/aha-lang/target/debug/deps -L dependency=/home/runner/work/aha-lang/aha-lang/target/debug/deps --cap-lints allow`
build-and-test	Run tests	2026-08-20T19:50:45.9564179Z ^[[1m^[[92m   Compiling^[[0m llvm-sys v140.1.3
build-and-test	Run tests	2026-08-20T19:50:45.9643256Z ^[[1m^[[92m     Running^[[0m `/home/runner/.rustup/toolchains/stable-x86_64-unknown-linux-gnu/bin/rustc --crate-name llvm_sys --edition=2015 /home/runner/.cargo/registry/src/index.crates.io-1949cf8c6b5b557f/llvm-sys-140.1.3/src/lib.rs --error-format=json --json=diagnostic-rendered-ansi,artifacts,future-incompat --crate-type lib --emit=dep-info,metadata,link -C embed-bitcode=no -C debuginfo=2 --check-cfg 'cfg(docsrs,test)' --check-cfg 'cfg(feature, values("clang-sys", "disable-alltargets-init", "force-dynamic", "force-static", "no-llvm-linking", "prefer-dynamic", "prefer-static", "strict-versioning", "tempfile"))' -C metadata=a8ed764a3217a5d3 -C extra-filename=-4ba82e683554549f --out-dir /home/runner/work/aha-lang/aha-lang/target/debug/deps -L dependency=/home/runner/work/aha-lang/aha-lang/target/debug/deps --extern libc=/home/runner/work/aha-lang/aha-lang/target/debug/deps/liblibc-fbf8bc28fcf89111.rmeta --cap-lints allow -L native=/home/runner/work/aha-lang/aha-lang/target/debug/build/llvm-sys-7a39e92142a73f3a/out -L native=/home/runner/work/aha-lang/aha-lang/llvm/lib -l static=targetwrappers -l static=LLVMWindowsManifest -l static=LLVMXRay -l static=LLVMLibDriver -l static=LLVMDlltoolDriver -l static=LLVMCoverage -l static=LLVMLineEditor -l static=LLVMXCoreDisassembler -l static=LLVMXCoreCodeGen -l static=LLVMXCoreDesc -l static=LLVMXCoreInfo -l static=LLVMX86TargetMCA -l static=LLVMX86Disassembler -l static=LLVMX86AsmParser -l static=LLVMX86CodeGen -l static=LLVMX86Desc -l static=LLVMX86Info -l static=LLVMWebAssemblyDisassembler -l static=LLVMWebAssemblyAsmParser -l static=LLVMWebAssemblyCodeGen -l static=LLVMWebAssemblyDesc -l static=LLVMWebAssemblyUtils -l static=LLVMWebAssemblyInfo -l static=LLVMVEDisassembler -l static=LLVMVEAsmParser -l static=LLVMVECodeGen -l static=LLVMVEDesc -l static=LLVMVEInfo -l static=LLVMSystemZDisassembler -l static=LLVMSystemZAsmParser -l static=LLVMSystemZCodeGen -l static=LLVMSystemZDesc -l static=LLVMSystemZInfo -l static=LLVMSparcDisassembler -l static=LLVMSparcAsmParser -l static=LLVMSparcCodeGen -l static=LLVMSparcDesc -l static=LLVMSparcInfo -l static=LLVMRISCVDisassembler -l static=LLVMRISCVAsmParser -l static=LLVMRISCVCodeGen -l static=LLVMRISCVDesc -l static=LLVMRISCVInfo -l static=LLVMPowerPCDisassembler -l static=LLVMPowerPCAsmParser -l static=LLVMPowerPCCodeGen -l static=LLVMPowerPCDesc -l static=LLVMPowerPCInfo -l static=LLVMNVPTXCodeGen -l static=LLVMNVPTXDesc -l static=LLVMNVPTXInfo -l static=LLVMMSP430Disassembler -l static=LLVMMSP430AsmParser -l static=LLVMMSP430CodeGen -l static=LLVMMSP430Desc -l static=LLVMMSP430Info -l static=LLVMMipsDisassembler -l static=LLVMMipsAsmParser -l static=LLVMMipsCodeGen -l static=LLVMMipsDesc -l static=LLVMMipsInfo -l static=LLVMLanaiDisassembler -l static=LLVMLanaiCodeGen -l static=LLVMLanaiAsmParser -l static=LLVMLanaiDesc -l static=LLVMLanaiInfo -l static=LLVMHexagonDisassembler -l static=LLVMHexagonCodeGen -l static=LLVMHexagonAsmParser -l static=LLVMHexagonDesc -l static=LLVMHexagonInfo -l static=LLVMBPFDisassembler -l static=LLVMBPFAsmParser -l static=LLVMBPFCodeGen -l static=LLVMBPFDesc -l static=LLVMBPFInfo -l static=LLVMAVRDisassembler -l static=LLVMAVRAsmParser -l static=LLVMAVRCodeGen -l static=LLVMAVRDesc -l static=LLVMAVRInfo -l static=LLVMARMDisassembler -l static=LLVMARMAsmParser -l static=LLVMARMCodeGen -l static=LLVMARMDesc -l static=LLVMARMUtils -l static=LLVMARMInfo -l static=LLVMAMDGPUTargetMCA -l static=LLVMAMDGPUDisassembler -l static=LLVMAMDGPUAsmParser -l static=LLVMAMDGPUCodeGen -l static=LLVMAMDGPUDesc -l static=LLVMAMDGPUUtils -l static=LLVMAMDGPUInfo -l static=LLVMAArch64Disassembler -l static=LLVMAArch64AsmParser -l static=LLVMAArch64CodeGen -l static=LLVMAArch64Desc -l static=LLVMAArch64Utils -l static=LLVMAArch64Info -l static=LLVMOrcJIT -l static=LLVMMCJIT -l static=LLVMJITLink -l static=LLVMInterpreter -l static=LLVMExecutionEngine -l static=LLVMRuntimeDyld -l static=LLVMOrcTargetProcess -l static=LLVMOrcShared -l static=LLVMDWP -l static=LLVMSymbolize -l static=LLVMDebugInfoPDB -l static=LLVMDebugInfoGSYM -l static=LLVMOption -l static=LLVMObjectYAML -l static=LLVMMCA -l static=LLVMMCDisassembler -l static=LLVMLTO -l static=LLVMCFGuard -l static=LLVMFrontendOpenACC -l static=LLVMExtensions -l static=Polly -l static=PollyISL -l static=LLVMPasses -l static=LLVMObjCARCOpts -l static=LLVMCoroutines -l static=LLVMipo -l static=LLVMInstrumentation -l static=LLVMVectorize -l static=LLVMLinker -l static=LLVMFrontendOpenMP -l static=LLVMDWARFLinker -l static=LLVMGlobalISel -l static=LLVMMIRParser -l static=LLVMAsmPrinter -l static=LLVMDebugInfoMSF -l static=LLVMSelectionDAG -l static=LLVMCodeGen -l static=LLVMIRReader -l static=LLVMAsmParser -l static=LLVMInterfaceStub -l static=LLVMFileCheck -l static=LLVMFuzzMutate -l static=LLVMTarget -l static=LLVMScalarOpts -l static=LLVMInstCombine -l static=LLVMAggressiveInstCombine -l static=LLVMTransformUtils -l static=LLVMBitWriter -l static=LLVMAnalysis -l static=LLVMProfileData -l static=LLVMDebugInfoDWARF -l static=LLVMObject -l static=LLVMTextAPI -l static=LLVMMCParser -l static=LLVMMC -l static=LLVMDebugInfoCodeView -l static=LLVMBitReader -l static=LLVMCore -l static=LLVMRemarks -l static=LLVMBitstreamReader -l static=LLVMBinaryFormat -l static=LLVMTableGen -l static=LLVMSupport -l static=LLVMDemangle -l dylib=rt -l dylib=dl -l dylib=pthread -l dylib=m -l dylib=stdc++`
build-and-test	Run tests	2026-08-20T19:50:46.0911690Z ^[[1m^[[92m   Compiling^[[0m inkwell v0.4.0
build-and-test	Run tests	2026-08-20T19:50:46.0937713Z ^[[1m^[[92m     Running^[[0m `/home/runner/.rustup/toolchains/stable-x86_64-unknown-linux-gnu/bin/rustc --crate-name inkwell --edition=2021 /home/runner/.cargo/registry/src/index.crates.io-1949cf8c6b5b557f/inkwell-0.4.0/src/lib.rs --error-format=json --json=diagnostic-rendered-ansi,artifacts,future-incompat --crate-type lib --emit=dep-info,metadata,link -C embed-bitcode=no -C debuginfo=2 --cfg 'feature="default"' --cfg 'feature="llvm-sys-140"' --cfg 'feature="llvm14-0"' --cfg 'feature="target-aarch64"' --cfg 'feature="target-all"' --cfg 'feature="target-amdgpu"' --cfg 'feature="target-arm"' --cfg 'feature="target-bpf"' --cfg 'feature="target-hexagon"' --cfg 'feature="target-lanai"' --cfg 'feature="target-loongarch"' --cfg 'feature="target-mips"' --cfg 'feature="target-msp430"' --cfg 'feature="target-nvptx"' --cfg 'feature="target-powerpc"' --cfg 'feature="target-riscv"' --cfg 'feature="target-sparc"' --cfg 'feature="target-systemz"' --cfg 'feature="target-webassembly"' --cfg 'feature="target-x86"' --cfg 'feature="target-xcore"' --check-cfg 'cfg(docsrs,test)' --check-cfg 'cfg(feature, values("default", "experimental", "llvm-sys-100", "llvm-sys-110", "llvm-sys-120", "llvm-sys-130", "llvm-sys-140", "llvm-sys-150", "llvm-sys-160", "llvm-sys-170", "llvm-sys-40", "llvm-sys-50", "llvm-sys-60", "llvm-sys-70", "llvm-sys-80", "llvm-sys-90", "llvm10-0", "llvm10-0-no-llvm-linking", "llvm11-0", "llvm11-0-no-llvm-linking", "llvm12-0", "llvm12-0-force-dynamic", "llvm12-0-force-static", "llvm12-0-no-llvm-linking", "llvm12-0-prefer-dynamic", "llvm12-0-prefer-static", "llvm13-0", "llvm13-0-force-dynamic", "llvm13-0-force-static", "llvm13-0-no-llvm-linking", "llvm13-0-prefer-dynamic", "llvm13-0-prefer-static", "llvm14-0", "llvm14-0-force-dynamic", "llvm14-0-force-static", "llvm14-0-no-llvm-linking", "llvm14-0-prefer-dynamic", "llvm14-0-prefer-static", "llvm15-0", "llvm15-0-force-dynamic", "llvm15-0-force-static", "llvm15-0-no-llvm-linking", "llvm15-0-prefer-dynamic", "llvm15-0-prefer-static", "llvm16-0", "llvm16-0-force-dynamic", "llvm16-0-force-static", "llvm16-0-no-llvm-linking", "llvm16-0-prefer-dynamic", "llvm16-0-prefer-static", "llvm17-0", "llvm17-0-force-dynamic", "llvm17-0-force-static", "llvm17-0-no-llvm-linking", "llvm17-0-prefer-dynamic", "llvm17-0-prefer-static", "llvm4-0", "llvm4-0-no-llvm-linking", "llvm5-0", "llvm5-0-no-llvm-linking", "llvm6-0", "llvm6-0-no-llvm-linking", "llvm7-0", "llvm7-0-no-llvm-linking", "llvm8-0", "llvm8-0-no-llvm-linking", "llvm9-0", "llvm9-0-no-llvm-linking", "nightly", "no-libffi-linking", "static-alloc", "target-aarch64", "target-all", "target-amdgpu", "target-arm", "target-bpf", "target-hexagon", "target-lanai", "target-loongarch", "target-mips", "target-msp430", "target-nvptx", "target-powerpc", "target-riscv", "target-sparc", "target-syncvm", "target-systemz", "target-webassembly", "target-x86", "target-xcore"))' -C metadata=0df59754e0a7640b -C extra-filename=-68cf6aa894557a55 --out-dir /home/runner/work/aha-lang/aha-lang/target/debug/deps -L dependency=/home/runner/work/aha-lang/aha-lang/target/debug/deps --extern either=/home/runner/work/aha-lang/aha-lang/target/debug/deps/libeither-a9fe5ff4d27133cf.rmeta --extern inkwell_internals=/home/runner/work/aha-lang/aha-lang/target/debug/deps/libinkwell_internals-92b0be02b59a957c.so --extern libc=/home/runner/work/aha-lang/aha-lang/target/debug/deps/liblibc-fbf8bc28fcf89111.rmeta --extern llvm_sys_140=/home/runner/work/aha-lang/aha-lang/target/debug/deps/libllvm_sys-4ba82e683554549f.rmeta --extern once_cell=/home/runner/work/aha-lang/aha-lang/target/debug/deps/libonce_cell-3b91e9b615e6cae7.rmeta --extern thiserror=/home/runner/work/aha-lang/aha-lang/target/debug/deps/libthiserror-1a6517ea1a4f0fc0.rmeta --cap-lints allow -L native=/home/runner/work/aha-lang/aha-lang/target/debug/build/llvm-sys-7a39e92142a73f3a/out -L native=/home/runner/work/aha-lang/aha-lang/llvm/lib -l dylib=ffi`
build-and-test	Run tests	2026-08-20T19:50:47.0576876Z ^[[1m^[[92m   Compiling^[[0m clap v4.6.6
build-and-test	Run tests	2026-08-20T19:50:47.0604518Z ^[[1m^[[92m     Running^[[0m `/home/runner/.rustup/toolchains/stable-x86_64-unknown-linux-gnu/bin/rustc --crate-name clap --edition=2024 /home/runner/.cargo/registry/src/index.crates.io-1949cf8c6b5b557f/clap-4.6.6/src/lib.rs --error-format=json --json=diagnostic-rendered-ansi,artifacts,future-incompat --crate-type lib --emit=dep-info,metadata,link -C embed-bitcode=no -C debuginfo=2 --warn=rust_2018_idioms '--warn=clippy::zero_sized_map_values' '--warn=clippy::verbose_file_reads' --warn=unused_qualifications --warn=unused_macro_rules --warn=unused_lifetimes --warn=unsafe_op_in_unsafe_fn --warn=unreachable_pub --allow=unnameable_types '--warn=clippy::uninlined_format_args' '--warn=clippy::trait_duplication_in_bounds' '--warn=clippy::todo' '--warn=clippy::string_lit_as_bytes' '--warn=clippy::string_add_assign' '--warn=clippy::string_add' '--warn=clippy::str_to_string' '--warn=clippy::semicolon_if_nothing_returned' '--warn=clippy::self_named_module_files' '--warn=clippy::same_functions_in_if_condition' '--allow=clippy::result_large_err' '--warn=clippy::rest_pat_in_fully_bound_structs' '--warn=clippy::ref_option_ref' '--warn=clippy::redundant_feature_names' '--warn=clippy::rc_mutex' '--warn=clippy::ptr_as_ptr' '--warn=clippy::path_buf_push_overwrite' '--warn=clippy::negative_feature_names' '--warn=clippy::needless_for_each' '--allow=clippy::needless_continue' '--warn=clippy::mutex_integer' '--allow=clippy::multiple_bound_locations' '--warn=clippy::mem_forget' '--warn=clippy::macro_use_imports' '--warn=clippy::lossy_float_literal' '--warn=clippy::linkedlist' '--allow=clippy::let_and_return' '--warn=clippy::large_types_passed_by_value' '--warn=clippy::large_stack_arrays' '--warn=clippy::large_digit_groups' '--warn=clippy::invalid_upcast_comparisons' '--warn=clippy::infinite_loop' '--warn=clippy::inefficient_to_string' '--warn=clippy::inconsistent_struct_constructor' '--warn=clippy::imprecise_flops' '--warn=clippy::implicit_clone' '--allow=clippy::if_same_then_else' '--warn=clippy::from_iter_instead_of_collect' '--warn=clippy::fn_params_excessive_bools' '--warn=clippy::float_cmp_const' '--warn=clippy::flat_map_option' '--warn=clippy::filter_map_next' '--warn=clippy::fallible_impl_from' '--warn=clippy::explicit_into_iter_loop' '--warn=clippy::explicit_deref_methods' '--warn=clippy::expl_impl_clone_on_copy' '--warn=clippy::enum_glob_use' '--warn=clippy::empty_enums' '--warn=clippy::doc_markdown' '--warn=clippy::debug_assert_with_mut_call' '--warn=clippy::dbg_macro' '--warn=clippy::create_dir' '--allow=clippy::collapsible_else_if' '--warn=clippy::checked_conversions' '--allow=clippy::branches_sharing_code' '--allow=clippy::bool_assert_comparison' '--allow=clippy::blocks_in_conditions' '--allow=clippy::assigning_clones' --cfg 'feature="color"' --cfg 'feature="default"' --cfg 'feature="derive"' --cfg 'feature="error-context"' --cfg 'feature="help"' --cfg 'feature="std"' --cfg 'feature="suggestions"' --cfg 'feature="usage"' --check-cfg 'cfg(docsrs,test)' --check-cfg 'cfg(feature, values("cargo", "color", "debug", "default", "deprecated", "derive", "env", "error-context", "help", "std", "string", "suggestions", "unicode", "unstable-derive-ui-tests", "unstable-doc", "unstable-ext", "unstable-markdown", "unstable-styles", "unstable-v5", "usage", "wrap_help"))' -C metadata=2f07faca3e5deae1 -C extra-filename=-183e4b89f06efd56 --out-dir /home/runner/work/aha-lang/aha-lang/target/debug/deps -L dependency=/home/runner/work/aha-lang/aha-lang/target/debug/deps --extern clap_builder=/home/runner/work/aha-lang/aha-lang/target/debug/deps/libclap_builder-d2980ba2e3da0c02.rmeta --extern clap_derive=/home/runner/work/aha-lang/aha-lang/target/debug/deps/libclap_derive-cd25cb1554dbc0d5.so --cap-lints allow`
build-and-test	Run tests	2026-08-20T19:50:47.4102759Z ^[[1m^[[92m   Compiling^[[0m aha-lang v1.5.0 (/home/runner/work/aha-lang/aha-lang)
build-and-test	Run tests	2026-08-20T19:50:47.4139257Z ^[[1m^[[92m     Running^[[0m `/home/runner/.rustup/toolchains/stable-x86_64-unknown-linux-gnu/bin/rustc --crate-name aha_lang --edition=2021 src/lib.rs --error-format=json --json=diagnostic-rendered-ansi,artifacts,future-incompat --crate-type lib --emit=dep-info,metadata,link -C embed-bitcode=no -C debuginfo=2 --check-cfg 'cfg(docsrs,test)' --check-cfg 'cfg(feature, values())' -C metadata=ea88369a5b2b54e2 -C extra-filename=-7cc31a3867ded4e8 --out-dir /home/runner/work/aha-lang/aha-lang/target/debug/deps -L dependency=/home/runner/work/aha-lang/aha-lang/target/debug/deps --extern clap=/home/runner/work/aha-lang/aha-lang/target/debug/deps/libclap-183e4b89f06efd56.rmeta --extern inkwell=/home/runner/work/aha-lang/aha-lang/target/debug/deps/libinkwell-68cf6aa894557a55.rmeta -L native=/home/runner/work/aha-lang/aha-lang/target/debug/build/llvm-sys-7a39e92142a73f3a/out -L native=/home/runner/work/aha-lang/aha-lang/llvm/lib`
build-and-test	Run tests	2026-08-20T19:50:47.4928423Z ^[[1m^[[33mwarning^[[0m^[[1m: unused imports: `ActorDefinition` and `SpawnExpression`^[[0m
build-and-test	Run tests	2026-08-20T19:50:47.4944111Z  ^[[1m^[[94m--> ^[[0msrc/codegen.rs:4:18
build-and-test	Run tests	2026-08-20T19:50:47.4946012Z   ^[[1m^[[94m|^[[0m
build-and-test	Run tests	2026-08-20T19:50:47.4947121Z ^[[1m^[[94m4^[[0m ^[[1m^[[94m|^[[0m use crate::ast::{ActorDefinition, SpawnExpression};
build-and-test	Run tests	2026-08-20T19:50:47.4948256Z   ^[[1m^[[94m|^[[0m                  ^[[1m^[[33m^^^^^^^^^^^^^^^^[[0m  ^[[1m^[[33m^^^^^^^^^^^^^^^^[[0m
build-and-test	Run tests	2026-08-20T19:50:47.4949013Z   ^[[1m^[[94m|^[[0m
build-and-test	Run tests	2026-08-20T19:50:47.4949878Z   ^[[1m^[[94m= ^[[0m^[[1mnote^[[0m: `#[warn(unused_imports)]` (part of `#[warn(unused)]`) on by default
build-and-test	Run tests	2026-08-20T19:50:47.4950813Z 
build-and-test	Run tests	2026-08-20T19:50:47.4951324Z ^[[1m^[[33mwarning^[[0m^[[1m: unused import: `ImportStatement`^[[0m
build-and-test	Run tests	2026-08-20T19:50:47.4952102Z  ^[[1m^[[94m--> ^[[0msrc/compiler.rs:7:18
build-and-test	Run tests	2026-08-20T19:50:47.4952889Z   ^[[1m^[[94m|^[[0m
build-and-test	Run tests	2026-08-20T19:50:47.4953668Z ^[[1m^[[94m7^[[0m ^[[1m^[[94m|^[[0m use crate::ast::{ImportStatement, Program, Statement};
build-and-test	Run tests	2026-08-20T19:50:47.4954487Z   ^[[1m^[[94m|^[[0m                  ^[[1m^[[33m^^^^^^^^^^^^^^^^[[0m
build-and-test	Run tests	2026-08-20T19:50:47.4954918Z 
build-and-test	Run tests	2026-08-20T19:50:48.0479334Z ^[[1m^[[33mwarning^[[0m^[[1m: unused variable: `i64_zero`^[[0m
build-and-test	Run tests	2026-08-20T19:50:48.0481655Z     ^[[1m^[[94m--> ^[[0msrc/codegen.rs:1339:13
build-and-test	Run tests	2026-08-20T19:50:48.0482635Z      ^[[1m^[[94m|^[[0m
build-and-test	Run tests	2026-08-20T19:50:48.0483470Z ^[[1m^[[94m1339^[[0m ^[[1m^[[94m|^[[0m         let i64_zero = i64_type.const_int(0, false);
build-and-test	Run tests	2026-08-20T19:50:48.0484730Z      ^[[1m^[[94m|^[[0m             ^[[1m^[[33m^^^^^^^^^[[0m ^[[1m^[[33mhelp: if this is intentional, prefix it with an underscore: `_i64_zero`^[[0m
build-and-test	Run tests	2026-08-20T19:50:48.0485732Z      ^[[1m^[[94m|^[[0m
build-and-test	Run tests	2026-08-20T19:50:48.0486624Z      ^[[1m^[[94m= ^[[0m^[[1mnote^[[0m: `#[warn(unused_variables)]` (part of `#[warn(unused)]`) on by default
build-and-test	Run tests	2026-08-20T19:50:48.0487392Z 
build-and-test	Run tests	2026-08-20T19:50:48.0493160Z ^[[1m^[[33mwarning^[[0m^[[1m: unused variable: `i8_type`^[[0m
build-and-test	Run tests	2026-08-20T19:50:48.0494018Z     ^[[1m^[[94m--> ^[[0msrc/codegen.rs:1391:13
build-and-test	Run tests	2026-08-20T19:50:48.0494661Z      ^[[1m^[[94m|^[[0m
build-and-test	Run tests	2026-08-20T19:50:48.0495380Z ^[[1m^[[94m1391^[[0m ^[[1m^[[94m|^[[0m         let i8_type = self.context.i8_type();
build-and-test	Run tests	2026-08-20T19:50:48.0496638Z      ^[[1m^[[94m|^[[0m             ^[[1m^[[33m^^^^^^^^[[0m ^[[1m^[[33mhelp: if this is intentional, prefix it with an underscore: `_i8_type`^[[0m
build-and-test	Run tests	2026-08-20T19:50:48.0507590Z 
build-and-test	Run tests	2026-08-20T19:50:48.1704412Z ^[[1m^[[33mwarning^[[0m^[[1m: unused variable: `for_set`^[[0m
build-and-test	Run tests	2026-08-20T19:50:48.1724215Z     ^[[1m^[[94m--> ^[[0msrc/codegen.rs:2158:22
build-and-test	Run tests	2026-08-20T19:50:48.1725232Z      ^[[1m^[[94m|^[[0m
build-and-test	Run tests	2026-08-20T19:50:48.1725989Z ^[[1m^[[94m2158^[[0m ^[[1m^[[94m|^[[0m                      for_set: bool|
build-and-test	Run tests	2026-08-20T19:50:48.1727259Z      ^[[1m^[[94m|^[[0m                      ^[[1m^[[33m^^^^^^^^[[0m ^[[1m^[[33mhelp: if this is intentional, prefix it with an underscore: `_for_set`^[[0m
build-and-test	Run tests	2026-08-20T19:50:48.1728663Z 
build-and-test	Run tests	2026-08-20T19:50:48.1729241Z ^[[1m^[[33mwarning^[[0m^[[1m: unused variable: `f`^[[0m
build-and-test	Run tests	2026-08-20T19:50:48.1730032Z     ^[[1m^[[94m--> ^[[0msrc/codegen.rs:2118:24
build-and-test	Run tests	2026-08-20T19:50:48.1730704Z      ^[[1m^[[94m|^[[0m
build-and-test	Run tests	2026-08-20T19:50:48.1731737Z ^[[1m^[[94m2118^[[0m ^[[1m^[[94m|^[[0m                        f: inkwell::values::FunctionValue<'ctx>,
build-and-test	Run tests	2026-08-20T19:50:48.1733307Z      ^[[1m^[[94m|^[[0m                        ^[[1m^[[33m^^[[0m ^[[1m^[[33mhelp: if this is intentional, prefix it with an underscore: `_f`^[[0m
build-and-test	Run tests	2026-08-20T19:50:48.1734184Z 
build-and-test	Run tests	2026-08-20T19:50:48.1924773Z ^[[1m^[[33mwarning^[[0m^[[1m: unreachable pattern^[[0m
build-and-test	Run tests	2026-08-20T19:50:48.1925530Z     ^[[1m^[[94m--> ^[[0msrc/codegen.rs:3372:13
build-and-test	Run tests	2026-08-20T19:50:48.1926040Z      ^[[1m^[[94m|^[[0m
build-and-test	Run tests	2026-08-20T19:50:48.1926748Z ^[[1m^[[94m3372^[[0m ^[[1m^[[94m|^[[0m             _ => Err(format!("Expression type not yet implemented: {:?}", expression)),
build-and-test	Run tests	2026-08-20T19:50:48.1933688Z      ^[[1m^[[94m|^[[0m             ^[[1m^[[33m^^[[0m ^[[1m^[[33mno value can reach this^[[0m
build-and-test	Run tests	2026-08-20T19:50:48.1934106Z      ^[[1m^[[94m|^[[0m
build-and-test	Run tests	2026-08-20T19:50:48.1934500Z ^[[1m^[[92mnote^[[0m: multiple earlier patterns match some of the same values
build-and-test	Run tests	2026-08-20T19:50:48.1934933Z     ^[[1m^[[94m--> ^[[0msrc/codegen.rs:3372:13
build-and-test	Run tests	2026-08-20T19:50:48.1935223Z      ^[[1m^[[94m|^[[0m
build-and-test	Run tests	2026-08-20T19:50:48.1935750Z ^[[1m^[[94m3248^[[0m ^[[1m^[[94m|^[[0m             ast::Expression::Integer(int_lit) => {
build-and-test	Run tests	2026-08-20T19:50:48.1936347Z      ^[[1m^[[94m|^[[0m             ^[[1m^[[94m---------------------------------^[[0m ^[[1m^[[94mmatches some of the same values^[[0m
build-and-test	Run tests	2026-08-20T19:50:48.1936821Z ^[[1m^[[94m...^[[0m
build-and-test	Run tests	2026-08-20T19:50:48.1937213Z ^[[1m^[[94m3252^[[0m ^[[1m^[[94m|^[[0m             ast::Expression::Identifier(ident) => {
build-and-test	Run tests	2026-08-20T19:50:48.1937806Z      ^[[1m^[[94m|^[[0m             ^[[1m^[[94m----------------------------------^[[0m ^[[1m^[[94mmatches some of the same values^[[0m
build-and-test	Run tests	2026-08-20T19:50:48.1938240Z ^[[1m^[[94m...^[[0m
build-and-test	Run tests	2026-08-20T19:50:48.1938698Z ^[[1m^[[94m3263^[[0m ^[[1m^[[94m|^[[0m             ast::Expression::Infix(infix) => self.compile_infix(infix),
build-and-test	Run tests	2026-08-20T19:50:48.1939335Z      ^[[1m^[[94m|^[[0m             ^[[1m^[[94m-----------------------------^[[0m ^[[1m^[[94mmatches some of the same values^[[0m
build-and-test	Run tests	2026-08-20T19:50:48.1940026Z ^[[1m^[[94m3264^[[0m ^[[1m^[[94m|^[[0m             ast::Expression::If(if_expr) => self.compile_if_expression(if_expr),
build-and-test	Run tests	2026-08-20T19:50:48.1940688Z      ^[[1m^[[94m|^[[0m             ^[[1m^[[94m----------------------------^[[0m ^[[1m^[[94mmatches some of the same values^[[0m
build-and-test	Run tests	2026-08-20T19:50:48.1941111Z ^[[1m^[[94m...^[[0m
build-and-test	Run tests	2026-08-20T19:50:48.1941569Z ^[[1m^[[94m3372^[[0m ^[[1m^[[94m|^[[0m             _ => Err(format!("Expression type not yet implemented: {:?}", expression)),
build-and-test	Run tests	2026-08-20T19:50:48.1942588Z      ^[[1m^[[94m|^[[0m             ^[[1m^[[92m^^[[0m ^[[1m^[[92m...and 18 other patterns collectively make this unreachable^[[0m
build-and-test	Run tests	2026-08-20T19:50:48.1943657Z      ^[[1m^[[94m= ^[[0m^[[1mnote^[[0m: `#[warn(unreachable_patterns)]` (part of `#[warn(unused)]`) on by default
build-and-test	Run tests	2026-08-20T19:50:48.1944247Z 
build-and-test	Run tests	2026-08-20T19:50:48.3666875Z ^[[1m^[[33mwarning^[[0m^[[1m: unused variable: `enum_type`^[[0m
build-and-test	Run tests	2026-08-20T19:50:48.3667390Z     ^[[1m^[[94m--> ^[[0msrc/codegen.rs:4977:13
build-and-test	Run tests	2026-08-20T19:50:48.3667701Z      ^[[1m^[[94m|^[[0m
build-and-test	Run tests	2026-08-20T19:50:48.3668112Z ^[[1m^[[94m4977^[[0m ^[[1m^[[94m|^[[0m         let enum_type = self.enum_llvm_type(&enum_name)?;
build-and-test	Run tests	2026-08-20T19:50:48.3668808Z      ^[[1m^[[94m|^[[0m             ^[[1m^[[33m^^^^^^^^^^[[0m ^[[1m^[[33mhelp: if this is intentional, prefix it with an underscore: `_enum_type`^[[0m
build-and-test	Run tests	2026-08-20T19:50:48.3669208Z 
build-and-test	Run tests	2026-08-20T19:50:48.4024154Z ^[[1m^[[33mwarning^[[0m^[[1m: direct cast of function item into an integer^[[0m
build-and-test	Run tests	2026-08-20T19:50:48.4025135Z     ^[[1m^[[94m--> ^[[0msrc/codegen.rs:5137:81
build-and-test	Run tests	2026-08-20T19:50:48.4025829Z      ^[[1m^[[94m|^[[0m
build-and-test	Run tests	2026-08-20T19:50:48.4026835Z ^[[1m^[[94m5137^[[0m ^[[1m^[[94m|^[[0m             execution_engine.add_global_mapping(&f, crate::runtime::actor_spawn as usize);
build-and-test	Run tests	2026-08-20T19:50:48.4027848Z      ^[[1m^[[94m|^[[0m                                                                                 ^[[1m^[[33m^^^^^^^^^[[0m
build-and-test	Run tests	2026-08-20T19:50:48.4028882Z      ^[[1m^[[94m|^[[0m
build-and-test	Run tests	2026-08-20T19:50:48.4029463Z      ^[[1m^[[94m= ^[[0m^[[1mnote^[[0m: `#[warn(function_casts_as_integer)]` on by default
build-and-test	Run tests	2026-08-20T19:50:48.4030186Z ^[[1m^[[96mhelp^[[0m: first cast to a pointer `as *const ()`
build-and-test	Run tests	2026-08-20T19:50:48.4030703Z      ^[[1m^[[94m|^[[0m
build-and-test	Run tests	2026-08-20T19:50:48.4031825Z ^[[1m^[[94m5137^[[0m ^[[1m^[[94m| ^[[0m            execution_engine.add_global_mapping(&f, crate::runtime::actor_spawn^[[92m as *const ()^[[0m as usize);
build-and-test	Run tests	2026-08-20T19:50:48.4033248Z      ^[[1m^[[94m|^[[0m                                                                                 ^[[92m++++++++++++^[[0m
build-and-test	Run tests	2026-08-20T19:50:48.4033981Z 
build-and-test	Run tests	2026-08-20T19:50:48.4034404Z ^[[1m^[[33mwarning^[[0m^[[1m: direct cast of function item into an integer^[[0m
build-and-test	Run tests	2026-08-20T19:50:48.4035064Z     ^[[1m^[[94m--> ^[[0msrc/codegen.rs:5140:80
build-and-test	Run tests	2026-08-20T19:50:48.4051295Z      ^[[1m^[[94m|^[[0m
build-and-test	Run tests	2026-08-20T19:50:48.4053692Z ^[[1m^[[94m5140^[[0m ^[[1m^[[94m|^[[0m             execution_engine.add_global_mapping(&f, crate::runtime::actor_send as usize);
build-and-test	Run tests	2026-08-20T19:50:48.4054475Z      ^[[1m^[[94m|^[[0m                                                                                ^[[1m^[[33m^^^^^^^^^[[0m
build-and-test	Run tests	2026-08-20T19:50:48.4054876Z      ^[[1m^[[94m|^[[0m
build-and-test	Run tests	2026-08-20T19:50:48.4055192Z ^[[1m^[[96mhelp^[[0m: first cast to a pointer `as *const ()`
build-and-test	Run tests	2026-08-20T19:50:48.4055516Z      ^[[1m^[[94m|^[[0m
build-and-test	Run tests	2026-08-20T19:50:48.4056148Z ^[[1m^[[94m5140^[[0m ^[[1m^[[94m| ^[[0m            execution_engine.add_global_mapping(&f, crate::runtime::actor_send^[[92m as *const ()^[[0m as usize);
build-and-test	Run tests	2026-08-20T19:50:48.4056870Z      ^[[1m^[[94m|^[[0m                                                                                ^[[92m++++++++++++^[[0m
build-and-test	Run tests	2026-08-20T19:50:48.4057217Z 
build-and-test	Run tests	2026-08-20T19:50:48.4057599Z ^[[1m^[[33mwarning^[[0m^[[1m: direct cast of function item into an integer^[[0m
build-and-test	Run tests	2026-08-20T19:50:48.4058241Z     ^[[1m^[[94m--> ^[[0msrc/codegen.rs:5143:80
build-and-test	Run tests	2026-08-20T19:50:48.4058689Z      ^[[1m^[[94m|^[[0m
build-and-test	Run tests	2026-08-20T19:50:48.4059567Z ^[[1m^[[94m5143^[[0m ^[[1m^[[94m|^[[0m             execution_engine.add_global_mapping(&f, crate::runtime::actor_call as usize);
build-and-test	Run tests	2026-08-20T19:50:48.4060514Z      ^[[1m^[[94m|^[[0m                                                                                ^[[1m^[[33m^^^^^^^^^[[0m
build-and-test	Run tests	2026-08-20T19:50:48.4061103Z      ^[[1m^[[94m|^[[0m
build-and-test	Run tests	2026-08-20T19:50:48.4061544Z ^[[1m^[[96mhelp^[[0m: first cast to a pointer `as *const ()`
build-and-test	Run tests	2026-08-20T19:50:48.4062003Z      ^[[1m^[[94m|^[[0m
build-and-test	Run tests	2026-08-20T19:50:48.4063065Z ^[[1m^[[94m5143^[[0m ^[[1m^[[94m| ^[[0m            execution_engine.add_global_mapping(&f, crate::runtime::actor_call^[[92m as *const ()^[[0m as usize);
build-and-test	Run tests	2026-08-20T19:50:48.4064089Z      ^[[1m^[[94m|^[[0m                                                                                ^[[92m++++++++++++^[[0m
build-and-test	Run tests	2026-08-20T19:50:48.4064522Z 
build-and-test	Run tests	2026-08-20T19:50:48.4070189Z ^[[1m^[[92m     Running^[[0m `/home/runner/.rustup/toolchains/stable-x86_64-unknown-linux-gnu/bin/rustc --crate-name aha_lang --edition=2021 src/lib.rs --error-format=json --json=diagnostic-rendered-ansi,artifacts,future-incompat --emit=dep-info,link -C embed-bitcode=no -C debuginfo=2 --test --check-cfg 'cfg(docsrs,test)' --check-cfg 'cfg(feature, values())' -C metadata=d8ea8b209c61d91d -C extra-filename=-2657e299b13c29e8 --out-dir /home/runner/work/aha-lang/aha-lang/target/debug/deps -L dependency=/home/runner/work/aha-lang/aha-lang/target/debug/deps --extern clap=/home/runner/work/aha-lang/aha-lang/target/debug/deps/libclap-183e4b89f06efd56.rlib --extern inkwell=/home/runner/work/aha-lang/aha-lang/target/debug/deps/libinkwell-68cf6aa894557a55.rlib -L native=/home/runner/work/aha-lang/aha-lang/target/debug/build/llvm-sys-7a39e92142a73f3a/out -L native=/home/runner/work/aha-lang/aha-lang/llvm/lib`
build-and-test	Run tests	2026-08-20T19:50:49.5247617Z ^[[1m^[[33mwarning^[[0m: `aha-lang` (lib) generated 11 warnings (run `cargo fix --lib -p aha-lang` to apply 10 suggestions)
build-and-test	Run tests	2026-08-20T19:50:49.5266501Z ^[[1m^[[92m     Running^[[0m `/home/runner/.rustup/toolchains/stable-x86_64-unknown-linux-gnu/bin/rustc --crate-name backend_codegen --edition=2021 tests/backend_codegen.rs --error-format=json --json=diagnostic-rendered-ansi,artifacts,future-incompat --emit=dep-info,link -C embed-bitcode=no -C debuginfo=2 --test --check-cfg 'cfg(docsrs,test)' --check-cfg 'cfg(feature, values())' -C metadata=9b0119bd9f92acac -C extra-filename=-18b4662f5260844d --out-dir /home/runner/work/aha-lang/aha-lang/target/debug/deps -L dependency=/home/runner/work/aha-lang/aha-lang/target/debug/deps --extern aha_lang=/home/runner/work/aha-lang/aha-lang/target/debug/deps/libaha_lang-7cc31a3867ded4e8.rlib --extern clap=/home/runner/work/aha-lang/aha-lang/target/debug/deps/libclap-183e4b89f06efd56.rlib --extern inkwell=/home/runner/work/aha-lang/aha-lang/target/debug/deps/libinkwell-68cf6aa894557a55.rlib -L native=/home/runner/work/aha-lang/aha-lang/target/debug/build/llvm-sys-7a39e92142a73f3a/out -L native=/home/runner/work/aha-lang/aha-lang/llvm/lib`
build-and-test	Run tests	2026-08-20T19:50:49.5280215Z ^[[1m^[[92m     Running^[[0m `/home/runner/.rustup/toolchains/stable-x86_64-unknown-linux-gnu/bin/rustc --crate-name lists --edition=2021 tests/lists.rs --error-format=json --json=diagnostic-rendered-ansi,artifacts,future-incompat --emit=dep-info,link -C embed-bitcode=no -C debuginfo=2 --test --check-cfg 'cfg(docsrs,test)' --check-cfg 'cfg(feature, values())' -C metadata=6a0451734b5d5594 -C extra-filename=-5312b2f623688ea4 --out-dir /home/runner/work/aha-lang/aha-lang/target/debug/deps -L dependency=/home/runner/work/aha-lang/aha-lang/target/debug/deps --extern aha_lang=/home/runner/work/aha-lang/aha-lang/target/debug/deps/libaha_lang-7cc31a3867ded4e8.rlib --extern clap=/home/runner/work/aha-lang/aha-lang/target/debug/deps/libclap-183e4b89f06efd56.rlib --extern inkwell=/home/runner/work/aha-lang/aha-lang/target/debug/deps/libinkwell-68cf6aa894557a55.rlib -L native=/home/runner/work/aha-lang/aha-lang/target/debug/build/llvm-sys-7a39e92142a73f3a/out -L native=/home/runner/work/aha-lang/aha-lang/llvm/lib`
build-and-test	Run tests	2026-08-20T19:50:49.5309431Z ^[[1m^[[92m     Running^[[0m `/home/runner/.rustup/toolchains/stable-x86_64-unknown-linux-gnu/bin/rustc --crate-name struct_codegen --edition=2021 tests/struct_codegen.rs --error-format=json --json=diagnostic-rendered-ansi,artifacts,future-incompat --emit=dep-info,link -C embed-bitcode=no -C debuginfo=2 --test --check-cfg 'cfg(docsrs,test)' --check-cfg 'cfg(feature, values())' -C metadata=96ccd77fc803ff1a -C extra-filename=-ef079be8dd0e3ec8 --out-dir /home/runner/work/aha-lang/aha-lang/target/debug/deps -L dependency=/home/runner/work/aha-lang/aha-lang/target/debug/deps --extern aha_lang=/home/runner/work/aha-lang/aha-lang/target/debug/deps/libaha_lang-7cc31a3867ded4e8.rlib --extern clap=/home/runner/work/aha-lang/aha-lang/target/debug/deps/libclap-183e4b89f06efd56.rlib --extern inkwell=/home/runner/work/aha-lang/aha-lang/target/debug/deps/libinkwell-68cf6aa894557a55.rlib -L native=/home/runner/work/aha-lang/aha-lang/target/debug/build/llvm-sys-7a39e92142a73f3a/out -L native=/home/runner/work/aha-lang/aha-lang/llvm/lib`
build-and-test	Run tests	2026-08-20T19:50:50.0690626Z ^[[1m^[[33mwarning^[[0m: `aha-lang` (lib test) generated 11 warnings (11 duplicates)
build-and-test	Run tests	2026-08-20T19:50:50.0699048Z ^[[1m^[[92m     Running^[[0m `/home/runner/.rustup/toolchains/stable-x86_64-unknown-linux-gnu/bin/rustc --crate-name actors --edition=2021 tests/actors.rs --error-format=json --json=diagnostic-rendered-ansi,artifacts,future-incompat --emit=dep-info,link -C embed-bitcode=no -C debuginfo=2 --test --check-cfg 'cfg(docsrs,test)' --check-cfg 'cfg(feature, values())' -C metadata=57978aa4c25cb644 -C extra-filename=-8d422ab42ac4add8 --out-dir /home/runner/work/aha-lang/aha-lang/target/debug/deps -L dependency=/home/runner/work/aha-lang/aha-lang/target/debug/deps --extern aha_lang=/home/runner/work/aha-lang/aha-lang/target/debug/deps/libaha_lang-7cc31a3867ded4e8.rlib --extern clap=/home/runner/work/aha-lang/aha-lang/target/debug/deps/libclap-183e4b89f06efd56.rlib --extern inkwell=/home/runner/work/aha-lang/aha-lang/target/debug/deps/libinkwell-68cf6aa894557a55.rlib -L native=/home/runner/work/aha-lang/aha-lang/target/debug/build/llvm-sys-7a39e92142a73f3a/out -L native=/home/runner/work/aha-lang/aha-lang/llvm/lib`
build-and-test	Run tests	2026-08-20T19:50:50.4133112Z ^[[1m^[[92m     Running^[[0m `/home/runner/.rustup/toolchains/stable-x86_64-unknown-linux-gnu/bin/rustc --crate-name namespace --edition=2021 tests/namespace.rs --error-format=json --json=diagnostic-rendered-ansi,artifacts,future-incompat --emit=dep-info,link -C embed-bitcode=no -C debuginfo=2 --test --check-cfg 'cfg(docsrs,test)' --check-cfg 'cfg(feature, values())' -C metadata=11f9af99a90c766d -C extra-filename=-4137c99bbd9e5f59 --out-dir /home/runner/work/aha-lang/aha-lang/target/debug/deps -L dependency=/home/runner/work/aha-lang/aha-lang/target/debug/deps --extern aha_lang=/home/runner/work/aha-lang/aha-lang/target/debug/deps/libaha_lang-7cc31a3867ded4e8.rlib --extern clap=/home/runner/work/aha-lang/aha-lang/target/debug/deps/libclap-183e4b89f06efd56.rlib --extern inkwell=/home/runner/work/aha-lang/aha-lang/target/debug/deps/libinkwell-68cf6aa894557a55.rlib -L native=/home/runner/work/aha-lang/aha-lang/target/debug/build/llvm-sys-7a39e92142a73f3a/out -L native=/home/runner/work/aha-lang/aha-lang/llvm/lib`
build-and-test	Run tests	2026-08-20T19:50:50.4582452Z ^[[1m^[[92m     Running^[[0m `/home/runner/.rustup/toolchains/stable-x86_64-unknown-linux-gnu/bin/rustc --crate-name edge_cases --edition=2021 tests/edge_cases.rs --error-format=json --json=diagnostic-rendered-ansi,artifacts,future-incompat --emit=dep-info,link -C embed-bitcode=no -C debuginfo=2 --test --check-cfg 'cfg(docsrs,test)' --check-cfg 'cfg(feature, values())' -C metadata=69868aad28b63c29 -C extra-filename=-dcd29815b6e3f219 --out-dir /home/runner/work/aha-lang/aha-lang/target/debug/deps -L dependency=/home/runner/work/aha-lang/aha-lang/target/debug/deps --extern aha_lang=/home/runner/work/aha-lang/aha-lang/target/debug/deps/libaha_lang-7cc31a3867ded4e8.rlib --extern clap=/home/runner/work/aha-lang/aha-lang/target/debug/deps/libclap-183e4b89f06efd56.rlib --extern inkwell=/home/runner/work/aha-lang/aha-lang/target/debug/deps/libinkwell-68cf6aa894557a55.rlib -L native=/home/runner/work/aha-lang/aha-lang/target/debug/build/llvm-sys-7a39e92142a73f3a/out -L native=/home/runner/work/aha-lang/aha-lang/llvm/lib`
build-and-test	Run tests	2026-08-20T19:50:50.4739498Z ^[[1m^[[92m     Running^[[0m `/home/runner/.rustup/toolchains/stable-x86_64-unknown-linux-gnu/bin/rustc --crate-name aha_lang --edition=2021 src/main.rs --error-format=json --json=diagnostic-rendered-ansi,artifacts,future-incompat --emit=dep-info,link -C embed-bitcode=no -C debuginfo=2 --test --check-cfg 'cfg(docsrs,test)' --check-cfg 'cfg(feature, values())' -C metadata=e5435268a9a75dcb -C extra-filename=-273f5b2853f0f1eb --out-dir /home/runner/work/aha-lang/aha-lang/target/debug/deps -L dependency=/home/runner/work/aha-lang/aha-lang/target/debug/deps --extern aha_lang=/home/runner/work/aha-lang/aha-lang/target/debug/deps/libaha_lang-7cc31a3867ded4e8.rlib --extern clap=/home/runner/work/aha-lang/aha-lang/target/debug/deps/libclap-183e4b89f06efd56.rlib --extern inkwell=/home/runner/work/aha-lang/aha-lang/target/debug/deps/libinkwell-68cf6aa894557a55.rlib -L native=/home/runner/work/aha-lang/aha-lang/target/debug/build/llvm-sys-7a39e92142a73f3a/out -L native=/home/runner/work/aha-lang/aha-lang/llvm/lib`
build-and-test	Run tests	2026-08-20T19:50:50.5224021Z ^[[1m^[[33mwarning^[[0m^[[1m: unused import: `aha_lang::lexer::Lexer`^[[0m
build-and-test	Run tests	2026-08-20T19:50:50.5253352Z  ^[[1m^[[94m--> ^[[0msrc/main.rs:5:5
build-and-test	Run tests	2026-08-20T19:50:50.5283459Z   ^[[1m^[[94m|^[[0m
build-and-test	Run tests	2026-08-20T19:50:50.5303439Z ^[[1m^[[94m5^[[0m ^[[1m^[[94m|^[[0m use aha_lang::lexer::Lexer;
build-and-test	Run tests	2026-08-20T19:50:50.5326270Z   ^[[1m^[[94m|^[[0m     ^[[1m^[[33m^^^^^^^^^^^^^^^^^^^^^^^[[0m
build-and-test	Run tests	2026-08-20T19:50:50.5353443Z   ^[[1m^[[94m|^[[0m
build-and-test	Run tests	2026-08-20T19:50:50.5383479Z   ^[[1m^[[94m= ^[[0m^[[1mnote^[[0m: `#[warn(unused_imports)]` (part of `#[warn(unused)]`) on by default
build-and-test	Run tests	2026-08-20T19:50:50.5384346Z 
build-and-test	Run tests	2026-08-20T19:50:50.5413809Z ^[[1m^[[33mwarning^[[0m^[[1m: unused import: `aha_lang::parser::Parser as AhaParser`^[[0m
build-and-test	Run tests	2026-08-20T19:50:50.5443121Z  ^[[1m^[[94m--> ^[[0msrc/main.rs:6:5
build-and-test	Run tests	2026-08-20T19:50:50.5452968Z   ^[[1m^[[94m|^[[0m
build-and-test	Run tests	2026-08-20T19:50:50.5473464Z ^[[1m^[[94m6^[[0m ^[[1m^[[94m|^[[0m use aha_lang::parser::Parser as AhaParser;
build-and-test	Run tests	2026-08-20T19:50:50.5503138Z   ^[[1m^[[94m|^[[0m     ^[[1m^[[33m^^^^^^^^^^^^^^^^^^^^^^^^^^^^^^^^^^^^^^[[0m
build-and-test	Run tests	2026-08-20T19:50:50.5532699Z 
build-and-test	Run tests	2026-08-20T19:50:50.9607200Z ^[[1m^[[92m     Running^[[0m `/home/runner/.rustup/toolchains/stable-x86_64-unknown-linux-gnu/bin/rustc --crate-name enums --edition=2021 tests/enums.rs --error-format=json --json=diagnostic-rendered-ansi,artifacts,future-incompat --emit=dep-info,link -C embed-bitcode=no -C debuginfo=2 --test --check-cfg 'cfg(docsrs,test)' --check-cfg 'cfg(feature, values())' -C metadata=7d2306e7c11c8dc9 -C extra-filename=-c91f3e0210a3d49b --out-dir /home/runner/work/aha-lang/aha-lang/target/debug/deps -L dependency=/home/runner/work/aha-lang/aha-lang/target/debug/deps --extern aha_lang=/home/runner/work/aha-lang/aha-lang/target/debug/deps/libaha_lang-7cc31a3867ded4e8.rlib --extern clap=/home/runner/work/aha-lang/aha-lang/target/debug/deps/libclap-183e4b89f06efd56.rlib --extern inkwell=/home/runner/work/aha-lang/aha-lang/target/debug/deps/libinkwell-68cf6aa894557a55.rlib -L native=/home/runner/work/aha-lang/aha-lang/target/debug/build/llvm-sys-7a39e92142a73f3a/out -L native=/home/runner/work/aha-lang/aha-lang/llvm/lib`
build-and-test	Run tests	2026-08-20T19:50:51.2483608Z ^[[1m^[[33mwarning^[[0m: `aha-lang` (bin "aha-lang" test) generated 2 warnings (run `cargo fix --bin "aha-lang" -p aha-lang --tests` to apply 2 suggestions)
build-and-test	Run tests	2026-08-20T19:50:51.2500136Z ^[[1m^[[92m     Running^[[0m `/home/runner/.rustup/toolchains/stable-x86_64-unknown-linux-gnu/bin/rustc --crate-name type_inference --edition=2021 tests/type_inference.rs --error-format=json --json=diagnostic-rendered-ansi,artifacts,future-incompat --emit=dep-info,link -C embed-bitcode=no -C debuginfo=2 --test --check-cfg 'cfg(docsrs,test)' --check-cfg 'cfg(feature, values())' -C metadata=f8d5eebae4b89100 -C extra-filename=-0c8de9459ca33b9d --out-dir /home/runner/work/aha-lang/aha-lang/target/debug/deps -L dependency=/home/runner/work/aha-lang/aha-lang/target/debug/deps --extern aha_lang=/home/runner/work/aha-lang/aha-lang/target/debug/deps/libaha_lang-7cc31a3867ded4e8.rlib --extern clap=/home/runner/work/aha-lang/aha-lang/target/debug/deps/libclap-183e4b89f06efd56.rlib --extern inkwell=/home/runner/work/aha-lang/aha-lang/target/debug/deps/libinkwell-68cf6aa894557a55.rlib -L native=/home/runner/work/aha-lang/aha-lang/target/debug/build/llvm-sys-7a39e92142a73f3a/out -L native=/home/runner/work/aha-lang/aha-lang/llvm/lib`
build-and-test	Run tests	2026-08-20T19:50:51.2850828Z ^[[1m^[[92m     Running^[[0m `/home/runner/.rustup/toolchains/stable-x86_64-unknown-linux-gnu/bin/rustc --crate-name maps --edition=2021 tests/maps.rs --error-format=json --json=diagnostic-rendered-ansi,artifacts,future-incompat --emit=dep-info,link -C embed-bitcode=no -C debuginfo=2 --test --check-cfg 'cfg(docsrs,test)' --check-cfg 'cfg(feature, values())' -C metadata=2a807b10ef678398 -C extra-filename=-943dfda1d054882e --out-dir /home/runner/work/aha-lang/aha-lang/target/debug/deps -L dependency=/home/runner/work/aha-lang/aha-lang/target/debug/deps --extern aha_lang=/home/runner/work/aha-lang/aha-lang/target/debug/deps/libaha_lang-7cc31a3867ded4e8.rlib --extern clap=/home/runner/work/aha-lang/aha-lang/target/debug/deps/libclap-183e4b89f06efd56.rlib --extern inkwell=/home/runner/work/aha-lang/aha-lang/target/debug/deps/libinkwell-68cf6aa894557a55.rlib -L native=/home/runner/work/aha-lang/aha-lang/target/debug/build/llvm-sys-7a39e92142a73f3a/out -L native=/home/runner/work/aha-lang/aha-lang/llvm/lib`
build-and-test	Run tests	2026-08-20T19:50:51.4797297Z ^[[1m^[[92m     Running^[[0m `/home/runner/.rustup/toolchains/stable-x86_64-unknown-linux-gnu/bin/rustc --crate-name ownership --edition=2021 tests/ownership.rs --error-format=json --json=diagnostic-rendered-ansi,artifacts,future-incompat --emit=dep-info,link -C embed-bitcode=no -C debuginfo=2 --test --check-cfg 'cfg(docsrs,test)' --check-cfg 'cfg(feature, values())' -C metadata=41b60bf98c5ece4b -C extra-filename=-18dd03490938f24b --out-dir /home/runner/work/aha-lang/aha-lang/target/debug/deps -L dependency=/home/runner/work/aha-lang/aha-lang/target/debug/deps --extern aha_lang=/home/runner/work/aha-lang/aha-lang/target/debug/deps/libaha_lang-7cc31a3867ded4e8.rlib --extern clap=/home/runner/work/aha-lang/aha-lang/target/debug/deps/libclap-183e4b89f06efd56.rlib --extern inkwell=/home/runner/work/aha-lang/aha-lang/target/debug/deps/libinkwell-68cf6aa894557a55.rlib -L native=/home/runner/work/aha-lang/aha-lang/target/debug/build/llvm-sys-7a39e92142a73f3a/out -L native=/home/runner/work/aha-lang/aha-lang/llvm/lib`
build-and-test	Run tests	2026-08-20T19:50:51.8156939Z ^[[1m^[[92m     Running^[[0m `/home/runner/.rustup/toolchains/stable-x86_64-unknown-linux-gnu/bin/rustc --crate-name string_builtins --edition=2021 tests/string_builtins.rs --error-format=json --json=diagnostic-rendered-ansi,artifacts,future-incompat --emit=dep-info,link -C embed-bitcode=no -C debuginfo=2 --test --check-cfg 'cfg(docsrs,test)' --check-cfg 'cfg(feature, values())' -C metadata=4c8fbaad290c4a00 -C extra-filename=-e1f34a8c9378dbdd --out-dir /home/runner/work/aha-lang/aha-lang/target/debug/deps -L dependency=/home/runner/work/aha-lang/aha-lang/target/debug/deps --extern aha_lang=/home/runner/work/aha-lang/aha-lang/target/debug/deps/libaha_lang-7cc31a3867ded4e8.rlib --extern clap=/home/runner/work/aha-lang/aha-lang/target/debug/deps/libclap-183e4b89f06efd56.rlib --extern inkwell=/home/runner/work/aha-lang/aha-lang/target/debug/deps/libinkwell-68cf6aa894557a55.rlib -L native=/home/runner/work/aha-lang/aha-lang/target/debug/build/llvm-sys-7a39e92142a73f3a/out -L native=/home/runner/work/aha-lang/aha-lang/llvm/lib`
build-and-test	Run tests	2026-08-20T19:50:52.1570443Z ^[[1m^[[92m     Running^[[0m `/home/runner/.rustup/toolchains/stable-x86_64-unknown-linux-gnu/bin/rustc --crate-name lexer_tests --edition=2021 tests/lexer_tests.rs --error-format=json --json=diagnostic-rendered-ansi,artifacts,future-incompat --emit=dep-info,link -C embed-bitcode=no -C debuginfo=2 --test --check-cfg 'cfg(docsrs,test)' --check-cfg 'cfg(feature, values())' -C metadata=a22b25589d33e769 -C extra-filename=-49a0be7ea62c36a3 --out-dir /home/runner/work/aha-lang/aha-lang/target/debug/deps -L dependency=/home/runner/work/aha-lang/aha-lang/target/debug/deps --extern aha_lang=/home/runner/work/aha-lang/aha-lang/target/debug/deps/libaha_lang-7cc31a3867ded4e8.rlib --extern clap=/home/runner/work/aha-lang/aha-lang/target/debug/deps/libclap-183e4b89f06efd56.rlib --extern inkwell=/home/runner/work/aha-lang/aha-lang/target/debug/deps/libinkwell-68cf6aa894557a55.rlib -L native=/home/runner/work/aha-lang/aha-lang/target/debug/build/llvm-sys-7a39e92142a73f3a/out -L native=/home/runner/work/aha-lang/aha-lang/llvm/lib`
build-and-test	Run tests	2026-08-20T19:50:52.1973681Z ^[[1m^[[92m     Running^[[0m `/home/runner/.rustup/toolchains/stable-x86_64-unknown-linux-gnu/bin/rustc --crate-name types_tests --edition=2021 tests/types_tests.rs --error-format=json --json=diagnostic-rendered-ansi,artifacts,future-incompat --emit=dep-info,link -C embed-bitcode=no -C debuginfo=2 --test --check-cfg 'cfg(docsrs,test)' --check-cfg 'cfg(feature, values())' -C metadata=deeabee18b0882bc -C extra-filename=-f13e15aaa63c596c --out-dir /home/runner/work/aha-lang/aha-lang/target/debug/deps -L dependency=/home/runner/work/aha-lang/aha-lang/target/debug/deps --extern aha_lang=/home/runner/work/aha-lang/aha-lang/target/debug/deps/libaha_lang-7cc31a3867ded4e8.rlib --extern clap=/home/runner/work/aha-lang/aha-lang/target/debug/deps/libclap-183e4b89f06efd56.rlib --extern inkwell=/home/runner/work/aha-lang/aha-lang/target/debug/deps/libinkwell-68cf6aa894557a55.rlib -L native=/home/runner/work/aha-lang/aha-lang/target/debug/build/llvm-sys-7a39e92142a73f3a/out -L native=/home/runner/work/aha-lang/aha-lang/llvm/lib`
build-and-test	Run tests	2026-08-20T19:50:52.6034073Z ^[[1m^[[92m     Running^[[0m `/home/runner/.rustup/toolchains/stable-x86_64-unknown-linux-gnu/bin/rustc --crate-name integration_tests --edition=2021 tests/integration_tests.rs --error-format=json --json=diagnostic-rendered-ansi,artifacts,future-incompat --emit=dep-info,link -C embed-bitcode=no -C debuginfo=2 --test --check-cfg 'cfg(docsrs,test)' --check-cfg 'cfg(feature, values())' -C metadata=440d5a9c3850d87b -C extra-filename=-c3d2eff92c49382b --out-dir /home/runner/work/aha-lang/aha-lang/target/debug/deps -L dependency=/home/runner/work/aha-lang/aha-lang/target/debug/deps --extern aha_lang=/home/runner/work/aha-lang/aha-lang/target/debug/deps/libaha_lang-7cc31a3867ded4e8.rlib --extern clap=/home/runner/work/aha-lang/aha-lang/target/debug/deps/libclap-183e4b89f06efd56.rlib --extern inkwell=/home/runner/work/aha-lang/aha-lang/target/debug/deps/libinkwell-68cf6aa894557a55.rlib -L native=/home/runner/work/aha-lang/aha-lang/target/debug/build/llvm-sys-7a39e92142a73f3a/out -L native=/home/runner/work/aha-lang/aha-lang/llvm/lib`
build-and-test	Run tests	2026-08-20T19:50:52.6683560Z ^[[1m^[[92m     Running^[[0m `/home/runner/.rustup/toolchains/stable-x86_64-unknown-linux-gnu/bin/rustc --crate-name aha_lang --edition=2021 src/main.rs --error-format=json --json=diagnostic-rendered-ansi,artifacts,future-incompat --crate-type bin --emit=dep-info,link -C embed-bitcode=no -C debuginfo=2 --check-cfg 'cfg(docsrs,test)' --check-cfg 'cfg(feature, values())' -C metadata=f4113d422bfb720d -C extra-filename=-25c250a90cd23dcb --out-dir /home/runner/work/aha-lang/aha-lang/target/debug/deps -L dependency=/home/runner/work/aha-lang/aha-lang/target/debug/deps --extern aha_lang=/home/runner/work/aha-lang/aha-lang/target/debug/deps/libaha_lang-7cc31a3867ded4e8.rlib --extern clap=/home/runner/work/aha-lang/aha-lang/target/debug/deps/libclap-183e4b89f06efd56.rlib --extern inkwell=/home/runner/work/aha-lang/aha-lang/target/debug/deps/libinkwell-68cf6aa894557a55.rlib -L native=/home/runner/work/aha-lang/aha-lang/target/debug/build/llvm-sys-7a39e92142a73f3a/out -L native=/home/runner/work/aha-lang/aha-lang/llvm/lib`
build-and-test	Run tests	2026-08-20T19:50:53.0209697Z ^[[1m^[[92m     Running^[[0m `/home/runner/.rustup/toolchains/stable-x86_64-unknown-linux-gnu/bin/rustc --crate-name integration_complex --edition=2021 tests/integration_complex.rs --error-format=json --json=diagnostic-rendered-ansi,artifacts,future-incompat --emit=dep-info,link -C embed-bitcode=no -C debuginfo=2 --test --check-cfg 'cfg(docsrs,test)' --check-cfg 'cfg(feature, values())' -C metadata=9cffc612c21cab46 -C extra-filename=-64585f0c10a6b9ca --out-dir /home/runner/work/aha-lang/aha-lang/target/debug/deps -L dependency=/home/runner/work/aha-lang/aha-lang/target/debug/deps --extern aha_lang=/home/runner/work/aha-lang/aha-lang/target/debug/deps/libaha_lang-7cc31a3867ded4e8.rlib --extern clap=/home/runner/work/aha-lang/aha-lang/target/debug/deps/libclap-183e4b89f06efd56.rlib --extern inkwell=/home/runner/work/aha-lang/aha-lang/target/debug/deps/libinkwell-68cf6aa894557a55.rlib -L native=/home/runner/work/aha-lang/aha-lang/target/debug/build/llvm-sys-7a39e92142a73f3a/out -L native=/home/runner/work/aha-lang/aha-lang/llvm/lib`
build-and-test	Run tests	2026-08-20T19:50:53.0818554Z ^[[1m^[[92m     Running^[[0m `/home/runner/.rustup/toolchains/stable-x86_64-unknown-linux-gnu/bin/rustc --crate-name modules --edition=2021 tests/modules.rs --error-format=json --json=diagnostic-rendered-ansi,artifacts,future-incompat --emit=dep-info,link -C embed-bitcode=no -C debuginfo=2 --test --check-cfg 'cfg(docsrs,test)' --check-cfg 'cfg(feature, values())' -C metadata=e5d2093b63fd6ac5 -C extra-filename=-bc4ffa00285b0f16 --out-dir /home/runner/work/aha-lang/aha-lang/target/debug/deps -L dependency=/home/runner/work/aha-lang/aha-lang/target/debug/deps --extern aha_lang=/home/runner/work/aha-lang/aha-lang/target/debug/deps/libaha_lang-7cc31a3867ded4e8.rlib --extern clap=/home/runner/work/aha-lang/aha-lang/target/debug/deps/libclap-183e4b89f06efd56.rlib --extern inkwell=/home/runner/work/aha-lang/aha-lang/target/debug/deps/libinkwell-68cf6aa894557a55.rlib -L native=/home/runner/work/aha-lang/aha-lang/target/debug/build/llvm-sys-7a39e92142a73f3a/out -L native=/home/runner/work/aha-lang/aha-lang/llvm/lib`
build-and-test	Run tests	2026-08-20T19:50:53.1428994Z ^[[1m^[[33mwarning^[[0m^[[1m: unused import: `std::path::PathBuf`^[[0m
build-and-test	Run tests	2026-08-20T19:50:53.1443652Z   ^[[1m^[[94m--> ^[[0mtests/modules.rs:11:5
build-and-test	Run tests	2026-08-20T19:50:53.1465354Z    ^[[1m^[[94m|^[[0m
build-and-test	Run tests	2026-08-20T19:50:53.1493709Z ^[[1m^[[94m11^[[0m ^[[1m^[[94m|^[[0m use std::path::PathBuf;
build-and-test	Run tests	2026-08-20T19:50:53.1510592Z    ^[[1m^[[94m|^[[0m     ^[[1m^[[33m^^^^^^^^^^^^^^^^^^^[[0m
build-and-test	Run tests	2026-08-20T19:50:53.1523399Z    ^[[1m^[[94m|^[[0m
build-and-test	Run tests	2026-08-20T19:50:53.1553329Z    ^[[1m^[[94m= ^[[0m^[[1mnote^[[0m: `#[warn(unused_imports)]` (part of `#[warn(unused)]`) on by default
build-and-test	Run tests	2026-08-20T19:50:53.1554148Z 
build-and-test	Run tests	2026-08-20T19:50:53.5610241Z ^[[1m^[[92m     Running^[[0m `/home/runner/.rustup/toolchains/stable-x86_64-unknown-linux-gnu/bin/rustc --crate-name parser_tests --edition=2021 tests/parser_tests.rs --error-format=json --json=diagnostic-rendered-ansi,artifacts,future-incompat --emit=dep-info,link -C embed-bitcode=no -C debuginfo=2 --test --check-cfg 'cfg(docsrs,test)' --check-cfg 'cfg(feature, values())' -C metadata=2f2c0f520a78a9a5 -C extra-filename=-12e0afe09eb65698 --out-dir /home/runner/work/aha-lang/aha-lang/target/debug/deps -L dependency=/home/runner/work/aha-lang/aha-lang/target/debug/deps --extern aha_lang=/home/runner/work/aha-lang/aha-lang/target/debug/deps/libaha_lang-7cc31a3867ded4e8.rlib --extern clap=/home/runner/work/aha-lang/aha-lang/target/debug/deps/libclap-183e4b89f06efd56.rlib --extern inkwell=/home/runner/work/aha-lang/aha-lang/target/debug/deps/libinkwell-68cf6aa894557a55.rlib -L native=/home/runner/work/aha-lang/aha-lang/target/debug/build/llvm-sys-7a39e92142a73f3a/out -L native=/home/runner/work/aha-lang/aha-lang/llvm/lib`
build-and-test	Run tests	2026-08-20T19:50:53.7115111Z ^[[1m^[[33mwarning^[[0m: `aha-lang` (bin "aha-lang") generated 2 warnings (2 duplicates)
build-and-test	Run tests	2026-08-20T19:50:53.7134203Z ^[[1m^[[92m     Running^[[0m `/home/runner/.rustup/toolchains/stable-x86_64-unknown-linux-gnu/bin/rustc --crate-name generics --edition=2021 tests/generics.rs --error-format=json --json=diagnostic-rendered-ansi,artifacts,future-incompat --emit=dep-info,link -C embed-bitcode=no -C debuginfo=2 --test --check-cfg 'cfg(docsrs,test)' --check-cfg 'cfg(feature, values())' -C metadata=a7510d80c8a4b8db -C extra-filename=-84d5f7b18289e2ca --out-dir /home/runner/work/aha-lang/aha-lang/target/debug/deps -L dependency=/home/runner/work/aha-lang/aha-lang/target/debug/deps --extern aha_lang=/home/runner/work/aha-lang/aha-lang/target/debug/deps/libaha_lang-7cc31a3867ded4e8.rlib --extern clap=/home/runner/work/aha-lang/aha-lang/target/debug/deps/libclap-183e4b89f06efd56.rlib --extern inkwell=/home/runner/work/aha-lang/aha-lang/target/debug/deps/libinkwell-68cf6aa894557a55.rlib -L native=/home/runner/work/aha-lang/aha-lang/target/debug/build/llvm-sys-7a39e92142a73f3a/out -L native=/home/runner/work/aha-lang/aha-lang/llvm/lib`
build-and-test	Run tests	2026-08-20T19:50:54.0324039Z ^[[1m^[[33mwarning^[[0m: `aha-lang` (test "modules") generated 1 warning (run `cargo fix --test "modules" -p aha-lang` to apply 1 suggestion)
build-and-test	Run tests	2026-08-20T19:50:54.0359233Z ^[[1m^[[92m     Running^[[0m `/home/runner/.rustup/toolchains/stable-x86_64-unknown-linux-gnu/bin/rustc --crate-name integration_advanced --edition=2021 tests/integration_advanced.rs --error-format=json --json=diagnostic-rendered-ansi,artifacts,future-incompat --emit=dep-info,link -C embed-bitcode=no -C debuginfo=2 --test --check-cfg 'cfg(docsrs,test)' --check-cfg 'cfg(feature, values())' -C metadata=c05afff9fb736b3c -C extra-filename=-eb78613e1445f318 --out-dir /home/runner/work/aha-lang/aha-lang/target/debug/deps -L dependency=/home/runner/work/aha-lang/aha-lang/target/debug/deps --extern aha_lang=/home/runner/work/aha-lang/aha-lang/target/debug/deps/libaha_lang-7cc31a3867ded4e8.rlib --extern clap=/home/runner/work/aha-lang/aha-lang/target/debug/deps/libclap-183e4b89f06efd56.rlib --extern inkwell=/home/runner/work/aha-lang/aha-lang/target/debug/deps/libinkwell-68cf6aa894557a55.rlib -L native=/home/runner/work/aha-lang/aha-lang/target/debug/build/llvm-sys-7a39e92142a73f3a/out -L native=/home/runner/work/aha-lang/aha-lang/llvm/lib`
build-and-test	Run tests	2026-08-20T19:50:54.7041582Z ^[[1m^[[92m    Finished^[[0m `test` profile [unoptimized + debuginfo] target(s) in 9.73s
build-and-test	Run tests	2026-08-20T19:50:54.7093342Z ^[[1m^[[92m     Running^[[0m `/home/runner/work/aha-lang/aha-lang/target/debug/deps/aha_lang-2657e299b13c29e8 --test-threads=1`
build-and-test	Run tests	2026-08-20T19:50:54.7140373Z 
build-and-test	Run tests	2026-08-20T19:50:54.7141167Z running 0 tests
build-and-test	Run tests	2026-08-20T19:50:54.7141340Z 
build-and-test	Run tests	2026-08-20T19:50:54.7141619Z test result: ok. 0 passed; 0 failed; 0 ignored; 0 measured; 0 filtered out; finished in 0.00s
build-and-test	Run tests	2026-08-20T19:50:54.7141964Z 
build-and-test	Run tests	2026-08-20T19:50:54.7150169Z ^[[1m^[[92m     Running^[[0m `/home/runner/work/aha-lang/aha-lang/target/debug/deps/aha_lang-273f5b2853f0f1eb --test-threads=1`
build-and-test	Run tests	2026-08-20T19:50:54.7195558Z 
build-and-test	Run tests	2026-08-20T19:50:54.7195829Z running 0 tests
build-and-test	Run tests	2026-08-20T19:50:54.7196051Z 
build-and-test	Run tests	2026-08-20T19:50:54.7196308Z test result: ok. 0 passed; 0 failed; 0 ignored; 0 measured; 0 filtered out; finished in 0.00s
build-and-test	Run tests	2026-08-20T19:50:54.7196665Z 
build-and-test	Run tests	2026-08-20T19:50:54.7204621Z ^[[1m^[[92m     Running^[[0m `/home/runner/work/aha-lang/aha-lang/target/debug/deps/actors-8d422ab42ac4add8 --test-threads=1`
build-and-test	Run tests	2026-08-20T19:50:54.7260793Z 
build-and-test	Run tests	2026-08-20T19:50:54.7261028Z running 4 tests
build-and-test	Run tests	2026-08-20T19:50:54.7420108Z test actor_basic_call ... ok
build-and-test	Run tests	2026-08-20T19:50:54.7563355Z test actor_multiple_calls ... ok
build-and-test	Run tests	2026-08-20T19:50:54.7683112Z test actor_send_then_call ... ok
build-and-test	Run tests	2026-08-20T19:50:54.7811555Z test actor_state_ignored_by_handler ... ok
build-and-test	Run tests	2026-08-20T19:50:54.7811822Z 
build-and-test	Run tests	2026-08-20T19:50:54.7812101Z test result: ok. 4 passed; 0 failed; 0 ignored; 0 measured; 0 filtered out; finished in 0.06s
build-and-test	Run tests	2026-08-20T19:50:54.7812764Z 
build-and-test	Run tests	2026-08-20T19:50:54.7831834Z ^[[1m^[[92m     Running^[[0m `/home/runner/work/aha-lang/aha-lang/target/debug/deps/backend_codegen-18b4662f5260844d --test-threads=1`
build-and-test	Run tests	2026-08-20T19:50:54.7892929Z 
build-and-test	Run tests	2026-08-20T19:50:54.7893219Z running 31 tests
build-and-test	Run tests	2026-08-20T19:50:54.7952008Z test test_ir_add_instruction ... ok
build-and-test	Run tests	2026-08-20T19:50:54.8004963Z test test_ir_all_arithmetic_opcodes_present ... ok
build-and-test	Run tests	2026-08-20T19:50:54.8053498Z test test_ir_comparison_emits_icmp ... ok
build-and-test	Run tests	2026-08-20T19:50:54.8102996Z test test_ir_declares_printf ... ok
build-and-test	Run tests	2026-08-20T19:50:54.8154243Z test test_ir_defines_main ... ok
build-and-test	Run tests	2026-08-20T19:50:54.8203461Z test test_ir_emits_all_builtins ... ok
build-and-test	Run tests	2026-08-20T19:50:54.8252503Z test test_ir_has_module_id ... ok
build-and-test	Run tests	2026-08-20T19:50:54.8302673Z test test_ir_is_not_empty ... ok
build-and-test	Run tests	2026-08-20T19:50:54.8350761Z test test_ir_mul_instruction ... ok
build-and-test	Run tests	2026-08-20T19:50:54.8400993Z test test_ir_signed_div_instruction ... ok
build-and-test	Run tests	2026-08-20T19:50:54.8451664Z test test_ir_signed_rem_instruction ... ok
build-and-test	Run tests	2026-08-20T19:50:54.8501079Z test test_ir_sub_instruction ... ok
build-and-test	Run tests	2026-08-20T19:50:54.8645123Z test test_jit_array_computed_index_codegen ... ok
build-and-test	Run tests	2026-08-20T19:50:54.8779004Z test test_jit_array_index_codegen ... ok
build-and-test	Run tests	2026-08-20T19:50:54.8925310Z test test_jit_boolean_result_flows_into_arithmetic ... ok
build-and-test	Run tests	2026-08-20T19:50:54.9053599Z test test_jit_comparison_lowers_to_one ... ok
build-and-test	Run tests	2026-08-20T19:50:54.9181470Z test test_jit_comparison_lowers_to_zero ... ok
build-and-test	Run tests	2026-08-20T19:50:54.9308855Z test test_jit_division_exact ... ok
build-and-test	Run tests	2026-08-20T19:50:54.9437261Z test test_jit_division_truncates_toward_zero ... ok
build-and-test	Run tests	2026-08-20T19:50:54.9565808Z test test_jit_for_range_codegen ... ok
build-and-test	Run tests	2026-08-20T19:50:54.9705028Z test test_jit_if_else_branch_codegen ... ok
build-and-test	Run tests	2026-08-20T19:50:54.9833864Z test test_jit_large_addition ... ok
build-and-test	Run tests	2026-08-20T19:50:54.9981036Z test test_jit_large_multiplication_fits_i64 ... ok
build-and-test	Run tests	2026-08-20T19:50:55.0109658Z test test_jit_negative_division_truncates_toward_zero ... ok
build-and-test	Run tests	2026-08-20T19:50:55.0244417Z test test_jit_nested_call_codegen ... ok
build-and-test	Run tests	2026-08-20T19:50:55.0377894Z test test_jit_positive_remainder ... ok
build-and-test	Run tests	2026-08-20T19:50:55.0511485Z test test_jit_recursive_call_codegen ... ok
build-and-test	Run tests	2026-08-20T19:50:55.0641728Z test test_jit_remainder_follows_dividend_sign ... ok
build-and-test	Run tests	2026-08-20T19:50:55.0774633Z test test_jit_string_concat_len_codegen ... ok
build-and-test	Run tests	2026-08-20T19:50:55.0905387Z test test_jit_string_len_codegen ... ok
build-and-test	Run tests	2026-08-20T19:50:55.1033481Z test test_jit_while_accumulator_codegen ... ok
build-and-test	Run tests	2026-08-20T19:50:55.1033955Z 
build-and-test	Run tests	2026-08-20T19:50:55.1034367Z test result: ok. 31 passed; 0 failed; 0 ignored; 0 measured; 0 filtered out; finished in 0.31s
build-and-test	Run tests	2026-08-20T19:50:55.1034920Z 
build-and-test	Run tests	2026-08-20T19:50:55.1053945Z ^[[1m^[[92m     Running^[[0m `/home/runner/work/aha-lang/aha-lang/target/debug/deps/edge_cases-dcd29815b6e3f219 --test-threads=1`
build-and-test	Run tests	2026-08-20T19:50:55.1103809Z 
build-and-test	Run tests	2026-08-20T19:50:55.1104017Z running 47 tests
build-and-test	Run tests	2026-08-20T19:50:55.1105724Z test test_lexer_chained_dot_dot ... ok
build-and-test	Run tests	2026-08-20T19:50:55.1107102Z test test_lexer_empty_string ... ok
build-and-test	Run tests	2026-08-20T19:50:55.1107976Z test test_lexer_illegal_character ... ok
build-and-test	Run tests	2026-08-20T19:50:55.1108987Z test test_lexer_large_integer ... ok
build-and-test	Run tests	2026-08-20T19:50:55.1109658Z test test_lexer_line_column_tracking ... ok
build-and-test	Run tests	2026-08-20T19:50:55.1110747Z test test_lexer_mixed_operators_no_spaces ... ok
build-and-test	Run tests	2026-08-20T19:50:55.1111683Z test test_lexer_nested_block_comment_content ... ok
build-and-test	Run tests	2026-08-20T19:50:55.1112639Z test test_lexer_only_block_comment ... ok
build-and-test	Run tests	2026-08-20T19:50:55.1113495Z test test_lexer_only_comment ... ok
build-and-test	Run tests	2026-08-20T19:50:55.1114383Z test test_lexer_only_whitespace ... ok
build-and-test	Run tests	2026-08-20T19:50:55.1115207Z test test_lexer_string_with_all_escapes ... ok
build-and-test	Run tests	2026-08-20T19:50:55.1115912Z test test_lexer_unknown_escape_kept_as_is ... ok
build-and-test	Run tests	2026-08-20T19:50:55.1116928Z test test_lexer_unterminated_block_comment ... ok
build-and-test	Run tests	2026-08-20T19:50:55.1118065Z test test_parser_array_with_mixed_elements ... ok
build-and-test	Run tests	2026-08-20T19:50:55.1118878Z test test_parser_assignment_in_let ... ok
build-and-test	Run tests	2026-08-20T19:50:55.1119803Z test test_parser_chained_field_access ... ok
build-and-test	Run tests	2026-08-20T19:50:55.1120750Z test test_parser_chained_index_access ... ok
build-and-test	Run tests	2026-08-20T19:50:55.1121806Z test test_parser_deeply_nested_arithmetic ... ok
build-and-test	Run tests	2026-08-20T19:50:55.1123163Z test test_parser_deeply_nested_parens ... ok
build-and-test	Run tests	2026-08-20T19:50:55.1124522Z test test_parser_else_if_chain_long ... ok
build-and-test	Run tests	2026-08-20T19:50:55.1125374Z test test_parser_empty_program ... ok
build-and-test	Run tests	2026-08-20T19:50:55.1126254Z test test_parser_empty_struct ... ok
build-and-test	Run tests	2026-08-20T19:50:55.1127360Z test test_parser_error_missing_for_in ... ok
build-and-test	Run tests	2026-08-20T19:50:55.1128660Z test test_parser_error_missing_function_body ... ok
build-and-test	Run tests	2026-08-20T19:50:55.1129462Z test test_parser_error_missing_while_body ... ok
build-and-test	Run tests	2026-08-20T19:50:55.1130471Z test test_parser_error_struct_missing_name ... ok
build-and-test	Run tests	2026-08-20T19:50:55.1131128Z test test_parser_error_unexpected_token ... ok
build-and-test	Run tests	2026-08-20T19:50:55.1132557Z test test_parser_function_with_many_params ... ok
build-and-test	Run tests	2026-08-20T19:50:55.1133510Z test test_parser_mixed_field_and_index ... ok
build-and-test	Run tests	2026-08-20T19:50:55.1134343Z test test_parser_multiple_let_statements ... ok
build-and-test	Run tests	2026-08-20T19:50:55.1135595Z test test_parser_nested_arrays ... ok
build-and-test	Run tests	2026-08-20T19:50:55.1137197Z test test_parser_nested_function_calls_deep ... ok
build-and-test	Run tests	2026-08-20T19:50:55.1138262Z test test_parser_only_comments ... ok
build-and-test	Run tests	2026-08-20T19:50:55.1139241Z test test_parser_only_semicolons ... ok
build-and-test	Run tests	2026-08-20T19:50:55.1143481Z test test_parser_struct_with_type_hints ... ok
build-and-test	Run tests	2026-08-20T19:50:55.1144460Z test test_parser_struct_without_type_hints ... ok
build-and-test	Run tests	2026-08-20T19:50:55.1145745Z test test_type_array_of_array ... ok
build-and-test	Run tests	2026-08-20T19:50:55.1146583Z test test_type_check_array_arithmetic_error ... ok
build-and-test	Run tests	2026-08-20T19:50:55.1147432Z test test_type_check_bool_less_than_error ... ok
build-and-test	Run tests	2026-08-20T19:50:55.1148751Z test test_type_check_division_returns_int ... ok
build-and-test	Run tests	2026-08-20T19:50:55.1149462Z test test_type_check_int_plus_bool_error ... ok
build-and-test	Run tests	2026-08-20T19:50:55.1150107Z test test_type_check_string_plus_int_error ... ok
build-and-test	Run tests	2026-08-20T19:50:55.1150917Z test test_type_equality_nested ... ok
build-and-test	Run tests	2026-08-20T19:50:55.1151778Z test test_type_from_hint_all_valid ... ok
build-and-test	Run tests	2026-08-20T19:50:55.1153115Z test test_type_from_hint_invalid_variants ... ok
build-and-test	Run tests	2026-08-20T19:50:55.1153974Z test test_type_function_display ... ok
build-and-test	Run tests	2026-08-20T19:50:55.1163289Z test test_type_is_numeric_excludes_string ... ok
build-and-test	Run tests	2026-08-20T19:50:55.1163889Z 
build-and-test	Run tests	2026-08-20T19:50:55.1164734Z test result: ok. 47 passed; 0 failed; 0 ignored; 0 measured; 0 filtered out; finished in 0.01s
build-and-test	Run tests	2026-08-20T19:50:55.1165299Z 
build-and-test	Run tests	2026-08-20T19:50:55.1168424Z ^[[1m^[[92m     Running^[[0m `/home/runner/work/aha-lang/aha-lang/target/debug/deps/enums-c91f3e0210a3d49b --test-threads=1`
build-and-test	Run tests	2026-08-20T19:50:55.1225347Z 
build-and-test	Run tests	2026-08-20T19:50:55.1225615Z running 16 tests
build-and-test	Run tests	2026-08-20T19:50:55.1379245Z test enum_match_arithmetic ... FAILED
build-and-test	Run tests	2026-08-20T19:51:31.5100462Z test enum_match_in_function ... 
build-and-test	Run tests	2026-08-20T19:51:31.5871574Z ##[error]The operation was canceled.
build-and-test	Complete job	﻿2026-08-20T19:51:31.6465183Z Cleaning up orphan processes
build-and-test	Complete job	2026-08-20T19:51:31.7221676Z ##[warning]Node.js 20 is deprecated. The following actions target Node.js 20 but are being forced to run on Node.js 24: actions/checkout@v4, KyleMayes/install-llvm-action@v2. For more information see: https://github.blog/changelog/2025-09-19-deprecation-of-node-20-on-github-actions-runners/
